******************************************************************************
                  TI ARM Linker PC v18.1.1                     
******************************************************************************
>> Linked Wed May  9 13:41:08 2018

OUTPUT FILE NAME:   <SCI_test.out>
ENTRY POINT SYMBOL: "_c_int00"  address: 00003bf4


MEMORY CONFIGURATION

         name            origin    length      used     unused   attr    fill
----------------------  --------  ---------  --------  --------  ----  --------
  VECTORS               00000000   00000020  00000020  00000000     X
  FLASH0                00000020   001fffe0  0000406c  001fbf74  R  X
  FLASH1                00200000   00200000  00000000  00200000  R  X
  STACKS                08000000   00001500  00000000  00001500  RW  
  RAM                   08001500   0007eb00  00000059  0007eaa7  RW  


SEGMENT ALLOCATION MAP

run origin  load origin   length   init length attrs members
----------  ----------- ---------- ----------- ----- -------
00000000    00000000    00003e54   00003e54    r-x
  00000000    00000000    00000020   00000020    r-x .intvecs
  00000020    00000020    00003e34   00003e34    r-x .text
00003e60    00003e60    00000238   00000238    r--
  00003e60    00003e60    00000200   00000200    r-- .const
  00004060    00004060    00000038   00000038    r-- .cinit
08001500    08001500    00000059   00000000    rw-
  08001500    08001500    00000050   00000000    rw- .bss
  08001550    08001550    00000009   00000000    rw- .data


SECTION ALLOCATION MAP

 output                                  attributes/
section   page    origin      length       input sections
--------  ----  ----------  ----------   ----------------
.intvecs   0    00000000    00000020     
                  00000000    00000020     HL_sys_intvecs.obj (.intvecs)

.text      0    00000020    00003e34     
                  00000020    000009c8     HL_pinmux.obj (.text)
                  000009e8    0000095c     HL_system.obj (.text)
                  00001344    00000938     HL_sys_vim.obj (.text)
                  00001c7c    0000087c     HL_sci.obj (.text)
                  000024f8    0000078c     HL_esm.obj (.text)
                  00002c84    000003c4     HL_sys_core.obj (.text)
                  00003048    0000036c     HL_sys_mpu.obj (.text)
                  000033b4    0000033c     HL_sys_vim.obj (.text:retain)
                  000036f0    00000180     rtsv7R4_A_le_v3D16_eabi.lib : memcpy32.asm.obj (.text)
                  00003870    00000178     HL_esm.obj (.text:retain)
                  000039e8    00000134     rtsv7R4_A_le_v3D16_eabi.lib : s_floor.c.obj (.text:floor)
                  00003b1c    000000d8     HL_sys_main.obj (.text)
                  00003bf4    000000b4     HL_sys_startup.obj (.text:retain)
                  00003ca8    00000090     rtsv7R4_A_le_v3D16_eabi.lib : copy_decompress_lzss.c.obj (.text:decompress:lzss:__TI_decompress_lzss)
                  00003d38    00000074     HL_notification.obj (.text)
                  00003dac    00000068     rtsv7R4_A_le_v3D16_eabi.lib : autoinit.c.obj (.text:__TI_auto_init_nobinit_nopinit:__TI_auto_init_nobinit_nopinit)
                  00003e14    00000020                                 : copy_zero_init.c.obj (.text:decompress:ZI:__TI_zero_init_nomemset:__TI_zero_init_nomemset)
                  00003e34    00000014                                 : copy_decompress_none.c.obj (.text:decompress:none:__TI_decompress_none)
                  00003e48    00000008                                 : exit.c.obj (.text:abort:abort)
                  00003e50    00000004     HL_sys_phantom.obj (.text:retain)

.const     0    00003e60    00000200     
                  00003e60    00000200     HL_sys_vim.obj (.const:s_vim_init)

.cinit     0    00004060    00000038     
                  00004060    0000000e     (.cinit..data.load) [load image, compression = lzss]
                  0000406e    00000002     --HOLE-- [fill = 0]
                  00004070    0000000c     (__TI_handler_table)
                  0000407c    00000004     --HOLE-- [fill = 0]
                  00004080    00000008     (.cinit..bss.load) [load image, compression = zero_init]
                  00004088    00000010     (__TI_cinit_table)

.bss       0    08001500    00000050     UNINITIALIZED
                  08001500    00000050     HL_sci.obj (.bss:g_sciTransfer_t)

.data      0    08001550    00000009     UNINITIALIZED
                  08001550    00000009     HL_sys_main.obj (.data:TX_DATA)

MODULE SUMMARY

       Module                       code    ro data   rw data
       ------                       ----    -------   -------
    .\source\
       HL_sys_vim.obj               3188    512       0      
       HL_pinmux.obj                2504    0         0      
       HL_system.obj                2396    0         0      
       HL_esm.obj                   2308    0         0      
       HL_sci.obj                   2172    0         80     
       HL_sys_core.obj              964     0         0      
       HL_sys_mpu.obj               876     0         0      
       HL_sys_main.obj              216     0         9      
       HL_sys_startup.obj           180     0         0      
       HL_notification.obj          116     0         0      
       HL_sys_intvecs.obj           32      0         0      
       HL_sys_phantom.obj           4       0         0      
    +--+----------------------------+-------+---------+---------+
       Total:                       14956   512       89     
                                                             
    C:\ti\ccsv8\tools\compiler\ti-cgt-arm_18.1.1.LTS\lib\rtsv7R4_A_le_v3D16_eabi.lib
       memcpy32.asm.obj             384     0         0      
       s_floor.c.obj                308     0         0      
       copy_decompress_lzss.c.obj   144     0         0      
       autoinit.c.obj               104     0         0      
       copy_zero_init.c.obj         32      0         0      
       copy_decompress_none.c.obj   20      0         0      
       exit.c.obj                   8       0         0      
    +--+----------------------------+-------+---------+---------+
       Total:                       1000    0         0      
                                                             
       Linker Generated:            0       50        0      
    +--+----------------------------+-------+---------+---------+
       Grand Total:                 15956   562       89     


LINKER GENERATED COPY TABLES

__TI_cinit_table @ 00004088 records: 2, size/record: 8, table size: 16
	.data: load addr=00004060, load size=0000000e bytes, run addr=08001550, run size=00000009 bytes, compression=lzss
	.bss: load addr=00004080, load size=00000008 bytes, run addr=08001500, run size=00000050 bytes, compression=zero_init


LINKER GENERATED HANDLER TABLE

__TI_handler_table @ 00004070 records: 3, size/record: 4, table size: 12
	index: 0, handler: __TI_zero_init
	index: 1, handler: __TI_decompress_lzss
	index: 2, handler: __TI_decompress_none


GLOBAL SYMBOLS: SORTED ALPHABETICALLY BY Name 

address   name                                
-------   ----                                
00003e48  C$$EXIT                             
UNDEFED   SHT$$INIT_ARRAY$$Base               
UNDEFED   SHT$$INIT_ARRAY$$Limit              
08001550  TX_DATA                             
00004088  __TI_CINIT_Base                     
00004098  __TI_CINIT_Limit                    
00004070  __TI_Handler_Table_Base             
0000407c  __TI_Handler_Table_Limit            
00003040  __TI_PINIT_Base                     
00003044  __TI_PINIT_Limit                    
00003dac  __TI_auto_init_nobinit_nopinit      
00003ca8  __TI_decompress_lzss                
00003e34  __TI_decompress_none                
ffffffff  __TI_pprof_out_hndl                 
ffffffff  __TI_prof_data_size                 
ffffffff  __TI_prof_data_start                
00000000  __TI_static_base__                  
00003e14  __TI_zero_init_nomemset             
000036f0  __aeabi_memcpy                      
000036f0  __aeabi_memcpy4                     
000036f0  __aeabi_memcpy8                     
ffffffff  __binit__                           
ffffffff  __c_args__                          
00003bf4  _c_int00                            
00002ff4  _cacheDisable_                      
00002fb0  _cacheEnable_                       
00002f90  _checkMemInitOn_                    
00002e9c  _coreClearAuxiliaryDataFault_       
00002eb0  _coreClearAuxiliaryInstructionFault_
00002e74  _coreClearDataFaultAddress_         
00002e4c  _coreClearDataFault_                
00002e88  _coreClearInstructionFaultAddress_  
00002e60  _coreClearInstructionFault_         
00002e24  _coreDisableEventBusExport_         
00002e14  _coreEnableEventBusExport_          
00002e34  _coreEnableIrqVicOffset_            
00002dfc  _coreEnableVfp_                     
00002e94  _coreGetAuxiliaryDataFault_         
00002ea8  _coreGetAuxiliaryInstructionFault_  
00002e6c  _coreGetDataFaultAddress_           
00002e44  _coreGetDataFault_                  
00002e80  _coreGetInstructionFaultAddress_    
00002e58  _coreGetInstructionFault_           
00002c84  _coreInitRegisters_                 
00002d90  _coreInitStackPointer_              
00003018  _dCacheInvalidate_                  
00002ebc  _disable_IRQ_interrupt_             
00002ec4  _enable_IRQ_interrupt_              
00002ecc  _enable_interrupt_                  
00002ed4  _esmCcmErrorsClear_                 
00002ddc  _getCPSRValue_                      
00002de4  _gotoCPUIdle_                       
0000302c  _iCacheInvalidate_                  
00002f5c  _memInit_                           
0000335c  _mpuAreRegionsSeparate_             
00003340  _mpuDisableBackgroundRegion_        
00003318  _mpuDisable_                        
00003330  _mpuEnableBackgroundRegion_         
00003300  _mpuEnable_                         
00003350  _mpuGetNumberOfRegions_             
00003380  _mpuGetRegionBaseAddress_           
000033a0  _mpuGetRegionPermission_            
00003394  _mpuGetRegionType_                  
00003370  _mpuGetRegion_                      
00003048  _mpuInit_                           
00003378  _mpuSetRegionBaseAddress_           
000033ac  _mpuSetRegionSizeRegister_          
00003388  _mpuSetRegionTypeAndPermission_     
00003368  _mpuSetRegion_                      
UNDEFED   _system_post_cinit                  
00003e48  abort                               
ffffffff  binit                               
00003ba0  delay                               
00003d70  dmaGroupANotification               
00003d98  epcCAMFullNotification              
00003d9c  epcFIFOFullNotification             
00002708  esmActivateNormalOperation          
00002854  esmClearStatus                      
000028b8  esmClearStatusBuffer                
00002894  esmClearStatusUpper                 
000026b4  esmDisableError                     
000026dc  esmDisableErrorUpper                
0000275c  esmDisableInterrupt                 
00002784  esmDisableInterruptUpper            
00002670  esmEnableError                      
00002698  esmEnableErrorUpper                 
00002718  esmEnableInterrupt                  
00002740  esmEnableInterruptUpper             
000029e8  esmEnterSelfTest                    
00002654  esmError                            
00002ac0  esmGetConfigValue                   
000028f4  esmGetStatus                        
000029c0  esmGetStatusBuffer                  
00002978  esmGetStatusUpper                   
00003d38  esmGroup1Notification               
00003d4c  esmGroup2Notification               
00003d60  esmGroup3Notification               
00003870  esmHighInterrupt                    
000024f8  esmInit                             
00002a70  esmSelfTestStatus                   
000028d4  esmSetCounterPreloadValue           
000027a0  esmSetInterruptLevel                
00002814  esmSetInterruptLevelUpper           
000026f8  esmTriggerErrorPinReset             
000039e8  floor                               
000039e8  floorl                              
00000d54  getResetSource                      
00003b1c  main                                
00000b84  mapClocks                           
000036f0  memcpy                              
00000020  muxInit                             
00000ad0  periphInit                          
00003e50  phantomInterrupt                    
00000000  resetEntry                          
00002338  sci3GetConfigValue                  
000021ac  sciDisableLoopback                  
00002260  sciDisableNotification              
00003b40  sciDisplayText                      
00002178  sciEnableLoopback                   
000021c8  sciEnableNotification               
000022f8  sciEnterResetState                  
00002318  sciExitResetState                   
00001c7c  sciInit                             
00001ff0  sciIsIdleDetected                   
00001fd4  sciIsRxReady                        
00001e24  sciIsTxReady                        
00003d84  sciNotification                     
00002068  sciReceive                          
0000203c  sciReceiveByte                      
0000200c  sciRxError                          
00001e70  sciSend                             
00001e40  sciSendByte                         
00001d88  sciSetBaudrate                      
00001d68  sciSetFunctional                    
00000a90  setupFlash                          
000009e8  setupPLL                            
00000e7c  systemGetConfigValue                
00000cb0  systemInit                          
00000d24  systemPowerDown                     
00000a48  trimLPO                             
00001418  vimChannelMap                       
00001684  vimDisableInterrupt                 
000033b4  vimECCErrorHandler                  
000014bc  vimEnableInterrupt                  
00001730  vimGetConfigValue                   
00001344  vimInit                             


GLOBAL SYMBOLS: SORTED BY Symbol Address 

address   name                                
-------   ----                                
00000000  __TI_static_base__                  
00000000  resetEntry                          
00000020  muxInit                             
000009e8  setupPLL                            
00000a48  trimLPO                             
00000a90  setupFlash                          
00000ad0  periphInit                          
00000b84  mapClocks                           
00000cb0  systemInit                          
00000d24  systemPowerDown                     
00000d54  getResetSource                      
00000e7c  systemGetConfigValue                
00001344  vimInit                             
00001418  vimChannelMap                       
000014bc  vimEnableInterrupt                  
00001684  vimDisableInterrupt                 
00001730  vimGetConfigValue                   
00001c7c  sciInit                             
00001d68  sciSetFunctional                    
00001d88  sciSetBaudrate                      
00001e24  sciIsTxReady                        
00001e40  sciSendByte                         
00001e70  sciSend                             
00001fd4  sciIsRxReady                        
00001ff0  sciIsIdleDetected                   
0000200c  sciRxError                          
0000203c  sciReceiveByte                      
00002068  sciReceive                          
00002178  sciEnableLoopback                   
000021ac  sciDisableLoopback                  
000021c8  sciEnableNotification               
00002260  sciDisableNotification              
000022f8  sciEnterResetState                  
00002318  sciExitResetState                   
00002338  sci3GetConfigValue                  
000024f8  esmInit                             
00002654  esmError                            
00002670  esmEnableError                      
00002698  esmEnableErrorUpper                 
000026b4  esmDisableError                     
000026dc  esmDisableErrorUpper                
000026f8  esmTriggerErrorPinReset             
00002708  esmActivateNormalOperation          
00002718  esmEnableInterrupt                  
00002740  esmEnableInterruptUpper             
0000275c  esmDisableInterrupt                 
00002784  esmDisableInterruptUpper            
000027a0  esmSetInterruptLevel                
00002814  esmSetInterruptLevelUpper           
00002854  esmClearStatus                      
00002894  esmClearStatusUpper                 
000028b8  esmClearStatusBuffer                
000028d4  esmSetCounterPreloadValue           
000028f4  esmGetStatus                        
00002978  esmGetStatusUpper                   
000029c0  esmGetStatusBuffer                  
000029e8  esmEnterSelfTest                    
00002a70  esmSelfTestStatus                   
00002ac0  esmGetConfigValue                   
00002c84  _coreInitRegisters_                 
00002d90  _coreInitStackPointer_              
00002ddc  _getCPSRValue_                      
00002de4  _gotoCPUIdle_                       
00002dfc  _coreEnableVfp_                     
00002e14  _coreEnableEventBusExport_          
00002e24  _coreDisableEventBusExport_         
00002e34  _coreEnableIrqVicOffset_            
00002e44  _coreGetDataFault_                  
00002e4c  _coreClearDataFault_                
00002e58  _coreGetInstructionFault_           
00002e60  _coreClearInstructionFault_         
00002e6c  _coreGetDataFaultAddress_           
00002e74  _coreClearDataFaultAddress_         
00002e80  _coreGetInstructionFaultAddress_    
00002e88  _coreClearInstructionFaultAddress_  
00002e94  _coreGetAuxiliaryDataFault_         
00002e9c  _coreClearAuxiliaryDataFault_       
00002ea8  _coreGetAuxiliaryInstructionFault_  
00002eb0  _coreClearAuxiliaryInstructionFault_
00002ebc  _disable_IRQ_interrupt_             
00002ec4  _enable_IRQ_interrupt_              
00002ecc  _enable_interrupt_                  
00002ed4  _esmCcmErrorsClear_                 
00002f5c  _memInit_                           
00002f90  _checkMemInitOn_                    
00002fb0  _cacheEnable_                       
00002ff4  _cacheDisable_                      
00003018  _dCacheInvalidate_                  
0000302c  _iCacheInvalidate_                  
00003040  __TI_PINIT_Base                     
00003044  __TI_PINIT_Limit                    
00003048  _mpuInit_                           
00003300  _mpuEnable_                         
00003318  _mpuDisable_                        
00003330  _mpuEnableBackgroundRegion_         
00003340  _mpuDisableBackgroundRegion_        
00003350  _mpuGetNumberOfRegions_             
0000335c  _mpuAreRegionsSeparate_             
00003368  _mpuSetRegion_                      
00003370  _mpuGetRegion_                      
00003378  _mpuSetRegionBaseAddress_           
00003380  _mpuGetRegionBaseAddress_           
00003388  _mpuSetRegionTypeAndPermission_     
00003394  _mpuGetRegionType_                  
000033a0  _mpuGetRegionPermission_            
000033ac  _mpuSetRegionSizeRegister_          
000033b4  vimECCErrorHandler                  
000036f0  __aeabi_memcpy                      
000036f0  __aeabi_memcpy4                     
000036f0  __aeabi_memcpy8                     
000036f0  memcpy                              
00003870  esmHighInterrupt                    
000039e8  floor                               
000039e8  floorl                              
00003b1c  main                                
00003b40  sciDisplayText                      
00003ba0  delay                               
00003bf4  _c_int00                            
00003ca8  __TI_decompress_lzss                
00003d38  esmGroup1Notification               
00003d4c  esmGroup2Notification               
00003d60  esmGroup3Notification               
00003d70  dmaGroupANotification               
00003d84  sciNotification                     
00003d98  epcCAMFullNotification              
00003d9c  epcFIFOFullNotification             
00003dac  __TI_auto_init_nobinit_nopinit      
00003e14  __TI_zero_init_nomemset             
00003e34  __TI_decompress_none                
00003e48  C$$EXIT                             
00003e48  abort                               
00003e50  phantomInterrupt                    
00004070  __TI_Handler_Table_Base             
0000407c  __TI_Handler_Table_Limit            
00004088  __TI_CINIT_Base                     
00004098  __TI_CINIT_Limit                    
08001550  TX_DATA                             
ffffffff  __TI_pprof_out_hndl                 
ffffffff  __TI_prof_data_size                 
ffffffff  __TI_prof_data_start                
ffffffff  __binit__                           
ffffffff  __c_args__                          
ffffffff  binit                               
UNDEFED   SHT$$INIT_ARRAY$$Base               
UNDEFED   SHT$$INIT_ARRAY$$Limit              
UNDEFED   _system_post_cinit                  

[146 symbols]
