<?xml version="1.0" encoding="ISO-8859-1" ?>
<link_info>
   <banner>TI ARM Linker PC v18.1.1.LTS</banner>
   <copyright>Copyright (c) 1996-2017 Texas Instruments Incorporated</copyright>
   <link_time>0x5af2d044</link_time>
   <link_errors>0x0</link_errors>
   <output_file>SCI_test.out</output_file>
   <entry_point>
      <name>_c_int00</name>
      <address>0x3bf4</address>
   </entry_point>
   <input_file_list>
      <input_file id="fl-2">
         <path>.\source\</path>
         <kind>object</kind>
         <file>HL_epc.obj</file>
         <name>HL_epc.obj</name>
      </input_file>
      <input_file id="fl-3">
         <path>.\source\</path>
         <kind>object</kind>
         <file>HL_errata.obj</file>
         <name>HL_errata.obj</name>
      </input_file>
      <input_file id="fl-4">
         <path>.\source\</path>
         <kind>object</kind>
         <file>HL_esm.obj</file>
         <name>HL_esm.obj</name>
      </input_file>
      <input_file id="fl-5">
         <path>.\source\</path>
         <kind>object</kind>
         <file>HL_nmpu.obj</file>
         <name>HL_nmpu.obj</name>
      </input_file>
      <input_file id="fl-6">
         <path>.\source\</path>
         <kind>object</kind>
         <file>HL_notification.obj</file>
         <name>HL_notification.obj</name>
      </input_file>
      <input_file id="fl-7">
         <path>.\source\</path>
         <kind>object</kind>
         <file>HL_pinmux.obj</file>
         <name>HL_pinmux.obj</name>
      </input_file>
      <input_file id="fl-8">
         <path>.\source\</path>
         <kind>object</kind>
         <file>HL_sci.obj</file>
         <name>HL_sci.obj</name>
      </input_file>
      <input_file id="fl-9">
         <path>.\source\</path>
         <kind>object</kind>
         <file>HL_sys_core.obj</file>
         <name>HL_sys_core.obj</name>
      </input_file>
      <input_file id="fl-a">
         <path>.\source\</path>
         <kind>object</kind>
         <file>HL_sys_dma.obj</file>
         <name>HL_sys_dma.obj</name>
      </input_file>
      <input_file id="fl-b">
         <path>.\source\</path>
         <kind>object</kind>
         <file>HL_sys_intvecs.obj</file>
         <name>HL_sys_intvecs.obj</name>
      </input_file>
      <input_file id="fl-c">
         <path>.\source\</path>
         <kind>object</kind>
         <file>HL_sys_main.obj</file>
         <name>HL_sys_main.obj</name>
      </input_file>
      <input_file id="fl-d">
         <path>.\source\</path>
         <kind>object</kind>
         <file>HL_sys_mpu.obj</file>
         <name>HL_sys_mpu.obj</name>
      </input_file>
      <input_file id="fl-e">
         <path>.\source\</path>
         <kind>object</kind>
         <file>HL_sys_pcr.obj</file>
         <name>HL_sys_pcr.obj</name>
      </input_file>
      <input_file id="fl-f">
         <path>.\source\</path>
         <kind>object</kind>
         <file>HL_sys_phantom.obj</file>
         <name>HL_sys_phantom.obj</name>
      </input_file>
      <input_file id="fl-10">
         <path>.\source\</path>
         <kind>object</kind>
         <file>HL_sys_pmm.obj</file>
         <name>HL_sys_pmm.obj</name>
      </input_file>
      <input_file id="fl-11">
         <path>.\source\</path>
         <kind>object</kind>
         <file>HL_sys_pmu.obj</file>
         <name>HL_sys_pmu.obj</name>
      </input_file>
      <input_file id="fl-12">
         <path>.\source\</path>
         <kind>object</kind>
         <file>HL_sys_startup.obj</file>
         <name>HL_sys_startup.obj</name>
      </input_file>
      <input_file id="fl-13">
         <path>.\source\</path>
         <kind>object</kind>
         <file>HL_sys_vim.obj</file>
         <name>HL_sys_vim.obj</name>
      </input_file>
      <input_file id="fl-14">
         <path>.\source\</path>
         <kind>object</kind>
         <file>HL_system.obj</file>
         <name>HL_system.obj</name>
      </input_file>
      <input_file id="fl-18">
         <kind>object</kind>
         <file>&lt;internal&gt;</file>
         <name>&lt;internal&gt;</name>
      </input_file>
      <input_file id="fl-ce">
         <path>C:\ti\ccsv8\tools\compiler\ti-cgt-arm_18.1.1.LTS\lib\</path>
         <kind>archive</kind>
         <file>rtsv7R4_A_le_v3D16_eabi.lib</file>
         <name>s_floor.c.obj</name>
      </input_file>
      <input_file id="fl-cf">
         <path>C:\ti\ccsv8\tools\compiler\ti-cgt-arm_18.1.1.LTS\lib\</path>
         <kind>archive</kind>
         <file>rtsv7R4_A_le_v3D16_eabi.lib</file>
         <name>autoinit.c.obj</name>
      </input_file>
      <input_file id="fl-d0">
         <path>C:\ti\ccsv8\tools\compiler\ti-cgt-arm_18.1.1.LTS\lib\</path>
         <kind>archive</kind>
         <file>rtsv7R4_A_le_v3D16_eabi.lib</file>
         <name>cpy_tbl.c.obj</name>
      </input_file>
      <input_file id="fl-d1">
         <path>C:\ti\ccsv8\tools\compiler\ti-cgt-arm_18.1.1.LTS\lib\</path>
         <kind>archive</kind>
         <file>rtsv7R4_A_le_v3D16_eabi.lib</file>
         <name>copy_zero_init.c.obj</name>
      </input_file>
      <input_file id="fl-d2">
         <path>C:\ti\ccsv8\tools\compiler\ti-cgt-arm_18.1.1.LTS\lib\</path>
         <kind>archive</kind>
         <file>rtsv7R4_A_le_v3D16_eabi.lib</file>
         <name>copy_decompress_none.c.obj</name>
      </input_file>
      <input_file id="fl-d3">
         <path>C:\ti\ccsv8\tools\compiler\ti-cgt-arm_18.1.1.LTS\lib\</path>
         <kind>archive</kind>
         <file>rtsv7R4_A_le_v3D16_eabi.lib</file>
         <name>copy_decompress_lzss.c.obj</name>
      </input_file>
      <input_file id="fl-d4">
         <path>C:\ti\ccsv8\tools\compiler\ti-cgt-arm_18.1.1.LTS\lib\</path>
         <kind>archive</kind>
         <file>rtsv7R4_A_le_v3D16_eabi.lib</file>
         <name>exit.c.obj</name>
      </input_file>
      <input_file id="fl-d5">
         <path>C:\ti\ccsv8\tools\compiler\ti-cgt-arm_18.1.1.LTS\lib\</path>
         <kind>archive</kind>
         <file>rtsv7R4_A_le_v3D16_eabi.lib</file>
         <name>_lock.c.obj</name>
      </input_file>
      <input_file id="fl-d6">
         <path>C:\ti\ccsv8\tools\compiler\ti-cgt-arm_18.1.1.LTS\lib\</path>
         <kind>archive</kind>
         <file>rtsv7R4_A_le_v3D16_eabi.lib</file>
         <name>memcpy32.asm.obj</name>
      </input_file>
      <input_file id="fl-d7">
         <path>C:\ti\ccsv8\tools\compiler\ti-cgt-arm_18.1.1.LTS\lib\</path>
         <kind>archive</kind>
         <file>rtsv7R4_A_le_v3D16_eabi.lib</file>
         <name>memset32.asm.obj</name>
      </input_file>
   </input_file_list>
   <object_component_list>
      <object_component id="oc-28">
         <name>.intvecs</name>
         <load_address>0x0</load_address>
         <run_address>0x0</run_address>
         <size>0x20</size>
         <input_file_ref idref="fl-b"/>
      </object_component>
      <object_component id="oc-c1">
         <name>.text</name>
         <load_address>0x20</load_address>
         <run_address>0x20</run_address>
         <size>0x9c8</size>
         <input_file_ref idref="fl-7"/>
      </object_component>
      <object_component id="oc-6d">
         <name>.text</name>
         <load_address>0x9e8</load_address>
         <run_address>0x9e8</run_address>
         <size>0x95c</size>
         <input_file_ref idref="fl-14"/>
      </object_component>
      <object_component id="oc-37">
         <name>.text</name>
         <load_address>0x1344</load_address>
         <run_address>0x1344</run_address>
         <size>0x938</size>
         <input_file_ref idref="fl-13"/>
      </object_component>
      <object_component id="oc-106">
         <name>.text</name>
         <load_address>0x1c7c</load_address>
         <run_address>0x1c7c</run_address>
         <size>0x87c</size>
         <input_file_ref idref="fl-8"/>
      </object_component>
      <object_component id="oc-73">
         <name>.text</name>
         <load_address>0x24f8</load_address>
         <run_address>0x24f8</run_address>
         <size>0x78c</size>
         <input_file_ref idref="fl-4"/>
      </object_component>
      <object_component id="oc-62">
         <name>.text</name>
         <load_address>0x2c84</load_address>
         <run_address>0x2c84</run_address>
         <size>0x3c4</size>
         <input_file_ref idref="fl-9"/>
      </object_component>
      <object_component id="oc-79">
         <name>.text</name>
         <load_address>0x3048</load_address>
         <run_address>0x3048</run_address>
         <size>0x36c</size>
         <input_file_ref idref="fl-d"/>
      </object_component>
      <object_component id="oc-33">
         <name>.text:retain</name>
         <load_address>0x33b4</load_address>
         <run_address>0x33b4</run_address>
         <size>0x33c</size>
         <input_file_ref idref="fl-13"/>
      </object_component>
      <object_component id="oc-4a">
         <name>.text</name>
         <load_address>0x36f0</load_address>
         <run_address>0x36f0</run_address>
         <size>0x180</size>
         <input_file_ref idref="fl-d6"/>
      </object_component>
      <object_component id="oc-1f">
         <name>.text:retain</name>
         <load_address>0x3870</load_address>
         <run_address>0x3870</run_address>
         <size>0x178</size>
         <input_file_ref idref="fl-4"/>
      </object_component>
      <object_component id="oc-195">
         <name>.text:floor</name>
         <load_address>0x39e8</load_address>
         <run_address>0x39e8</run_address>
         <size>0x134</size>
         <input_file_ref idref="fl-ce"/>
      </object_component>
      <object_component id="oc-7f">
         <name>.text</name>
         <load_address>0x3b1c</load_address>
         <run_address>0x3b1c</run_address>
         <size>0xd8</size>
         <input_file_ref idref="fl-c"/>
      </object_component>
      <object_component id="oc-19">
         <name>.text:retain</name>
         <load_address>0x3bf4</load_address>
         <run_address>0x3bf4</run_address>
         <size>0xb4</size>
         <input_file_ref idref="fl-12"/>
      </object_component>
      <object_component id="oc-c">
         <name>.text:decompress:lzss:__TI_decompress_lzss</name>
         <load_address>0x3ca8</load_address>
         <run_address>0x3ca8</run_address>
         <size>0x90</size>
         <input_file_ref idref="fl-d3"/>
      </object_component>
      <object_component id="oc-67">
         <name>.text</name>
         <load_address>0x3d38</load_address>
         <run_address>0x3d38</run_address>
         <size>0x74</size>
         <input_file_ref idref="fl-6"/>
      </object_component>
      <object_component id="oc-d6">
         <name>.text:__TI_auto_init_nobinit_nopinit:__TI_auto_init_nobinit_nopinit</name>
         <load_address>0x3dac</load_address>
         <run_address>0x3dac</run_address>
         <size>0x68</size>
         <input_file_ref idref="fl-cf"/>
      </object_component>
      <object_component id="oc-56">
         <name>.text:decompress:ZI:__TI_zero_init_nomemset:__TI_zero_init_nomemset</name>
         <load_address>0x3e14</load_address>
         <run_address>0x3e14</run_address>
         <size>0x20</size>
         <input_file_ref idref="fl-d1"/>
      </object_component>
      <object_component id="oc-12">
         <name>.text:decompress:none:__TI_decompress_none</name>
         <load_address>0x3e34</load_address>
         <run_address>0x3e34</run_address>
         <size>0x14</size>
         <input_file_ref idref="fl-d2"/>
      </object_component>
      <object_component id="oc-116">
         <name>.text:abort:abort</name>
         <load_address>0x3e48</load_address>
         <run_address>0x3e48</run_address>
         <size>0x8</size>
         <input_file_ref idref="fl-d4"/>
      </object_component>
      <object_component id="oc-2d">
         <name>.text:retain</name>
         <load_address>0x3e50</load_address>
         <run_address>0x3e50</run_address>
         <size>0x4</size>
         <input_file_ref idref="fl-f"/>
      </object_component>
      <object_component id="oc-25">
         <name>.const:s_vim_init</name>
         <load_address>0x3e60</load_address>
         <run_address>0x3e60</run_address>
         <size>0x200</size>
         <input_file_ref idref="fl-13"/>
      </object_component>
      <object_component id="oc-22c">
         <name>.cinit..data.load</name>
         <load_address>0x4060</load_address>
         <run_address>0x4060</run_address>
         <size>0xe</size>
      </object_component>
      <object_component id="oc-229">
         <name>__TI_handler_table</name>
         <load_address>0x4070</load_address>
         <run_address>0x4070</run_address>
         <size>0xc</size>
      </object_component>
      <object_component id="oc-22b">
         <name>.cinit..bss.load</name>
         <load_address>0x4080</load_address>
         <run_address>0x4080</run_address>
         <size>0x8</size>
      </object_component>
      <object_component id="oc-22a">
         <name>__TI_cinit_table</name>
         <load_address>0x4088</load_address>
         <run_address>0x4088</run_address>
         <size>0x10</size>
      </object_component>
      <object_component id="oc-19b">
         <name>.bss:g_sciTransfer_t</name>
         <uninitialized>true</uninitialized>
         <run_address>0x8001500</run_address>
         <size>0x50</size>
         <input_file_ref idref="fl-8"/>
      </object_component>
      <object_component id="oc-10c">
         <name>.data:TX_DATA</name>
         <load_address>0x8001550</load_address>
         <run_address>0x8001550</run_address>
         <size>0x9</size>
         <input_file_ref idref="fl-c"/>
      </object_component>
      <object_component id="oc-156">
         <name>.debug_info</name>
         <load_address>0x0</load_address>
         <run_address>0x0</run_address>
         <size>0x37d</size>
         <input_file_ref idref="fl-2"/>
      </object_component>
      <object_component id="oc-c8">
         <name>.debug_info</name>
         <load_address>0x37d</load_address>
         <run_address>0x37d</run_address>
         <size>0x429</size>
         <input_file_ref idref="fl-2"/>
      </object_component>
      <object_component id="oc-129">
         <name>.debug_info</name>
         <load_address>0x7a6</load_address>
         <run_address>0x7a6</run_address>
         <size>0x26b</size>
         <input_file_ref idref="fl-2"/>
      </object_component>
      <object_component id="oc-88">
         <name>.debug_info</name>
         <load_address>0xa11</load_address>
         <run_address>0xa11</run_address>
         <size>0x157</size>
         <input_file_ref idref="fl-2"/>
      </object_component>
      <object_component id="oc-110">
         <name>.debug_info</name>
         <load_address>0xb68</load_address>
         <run_address>0xb68</run_address>
         <size>0x8b</size>
         <input_file_ref idref="fl-2"/>
      </object_component>
      <object_component id="oc-94">
         <name>.debug_info</name>
         <load_address>0xbf3</load_address>
         <run_address>0xbf3</run_address>
         <size>0x18c</size>
         <input_file_ref idref="fl-2"/>
      </object_component>
      <object_component id="oc-1ae">
         <name>.debug_info</name>
         <load_address>0xd7f</load_address>
         <run_address>0xd7f</run_address>
         <size>0x297</size>
         <input_file_ref idref="fl-2"/>
      </object_component>
      <object_component id="oc-122">
         <name>.debug_info</name>
         <load_address>0x1016</load_address>
         <run_address>0x1016</run_address>
         <size>0xbb</size>
         <input_file_ref idref="fl-2"/>
      </object_component>
      <object_component id="oc-99">
         <name>.debug_info</name>
         <load_address>0x10d1</load_address>
         <run_address>0x10d1</run_address>
         <size>0x86</size>
         <input_file_ref idref="fl-2"/>
      </object_component>
      <object_component id="oc-12e">
         <name>.debug_info</name>
         <load_address>0x1157</load_address>
         <run_address>0x1157</run_address>
         <size>0x102</size>
         <input_file_ref idref="fl-2"/>
      </object_component>
      <object_component id="oc-16d">
         <name>.debug_info</name>
         <load_address>0x1259</load_address>
         <run_address>0x1259</run_address>
         <size>0x142</size>
         <input_file_ref idref="fl-2"/>
      </object_component>
      <object_component id="oc-133">
         <name>.debug_info</name>
         <load_address>0x139b</load_address>
         <run_address>0x139b</run_address>
         <size>0x285</size>
         <input_file_ref idref="fl-2"/>
      </object_component>
      <object_component id="oc-138">
         <name>.debug_info</name>
         <load_address>0x1620</load_address>
         <run_address>0x1620</run_address>
         <size>0x44a</size>
         <input_file_ref idref="fl-2"/>
      </object_component>
      <object_component id="oc-13d">
         <name>.debug_info</name>
         <load_address>0x1a6a</load_address>
         <run_address>0x1a6a</run_address>
         <size>0x1f9</size>
         <input_file_ref idref="fl-2"/>
      </object_component>
      <object_component id="oc-142">
         <name>.debug_info</name>
         <load_address>0x1c63</load_address>
         <run_address>0x1c63</run_address>
         <size>0x152</size>
         <input_file_ref idref="fl-2"/>
      </object_component>
      <object_component id="oc-147">
         <name>.debug_info</name>
         <load_address>0x1db5</load_address>
         <run_address>0x1db5</run_address>
         <size>0x70a</size>
         <input_file_ref idref="fl-2"/>
      </object_component>
      <object_component id="oc-14c">
         <name>.debug_info</name>
         <load_address>0x24bf</load_address>
         <run_address>0x24bf</run_address>
         <size>0x36d</size>
         <input_file_ref idref="fl-2"/>
      </object_component>
      <object_component id="oc-d4">
         <name>.debug_info</name>
         <load_address>0x282c</load_address>
         <run_address>0x282c</run_address>
         <size>0x349</size>
         <input_file_ref idref="fl-4"/>
      </object_component>
      <object_component id="oc-76">
         <name>.debug_info</name>
         <load_address>0x2b75</load_address>
         <run_address>0x2b75</run_address>
         <size>0x10be</size>
         <input_file_ref idref="fl-4"/>
      </object_component>
      <object_component id="oc-21">
         <name>.debug_info</name>
         <load_address>0x3c33</load_address>
         <run_address>0x3c33</run_address>
         <size>0x1a6</size>
         <input_file_ref idref="fl-4"/>
      </object_component>
      <object_component id="oc-cf">
         <name>.debug_info</name>
         <load_address>0x3dd9</load_address>
         <run_address>0x3dd9</run_address>
         <size>0x168</size>
         <input_file_ref idref="fl-4"/>
      </object_component>
      <object_component id="oc-bb">
         <name>.debug_info</name>
         <load_address>0x3f41</load_address>
         <run_address>0x3f41</run_address>
         <size>0x37c</size>
         <input_file_ref idref="fl-6"/>
      </object_component>
      <object_component id="oc-68">
         <name>.debug_info</name>
         <load_address>0x42bd</load_address>
         <run_address>0x42bd</run_address>
         <size>0x616</size>
         <input_file_ref idref="fl-6"/>
      </object_component>
      <object_component id="oc-168">
         <name>.debug_info</name>
         <load_address>0x48d3</load_address>
         <run_address>0x48d3</run_address>
         <size>0xadd</size>
         <input_file_ref idref="fl-6"/>
      </object_component>
      <object_component id="oc-bc">
         <name>.debug_info</name>
         <load_address>0x53b0</load_address>
         <run_address>0x53b0</run_address>
         <size>0x6eb</size>
         <input_file_ref idref="fl-6"/>
      </object_component>
      <object_component id="oc-172">
         <name>.debug_info</name>
         <load_address>0x5a9b</load_address>
         <run_address>0x5a9b</run_address>
         <size>0x243</size>
         <input_file_ref idref="fl-6"/>
      </object_component>
      <object_component id="oc-1da">
         <name>.debug_info</name>
         <load_address>0x5cde</load_address>
         <run_address>0x5cde</run_address>
         <size>0x18e</size>
         <input_file_ref idref="fl-6"/>
      </object_component>
      <object_component id="oc-1b6">
         <name>.debug_info</name>
         <load_address>0x5e6c</load_address>
         <run_address>0x5e6c</run_address>
         <size>0x2b0</size>
         <input_file_ref idref="fl-7"/>
      </object_component>
      <object_component id="oc-c3">
         <name>.debug_info</name>
         <load_address>0x611c</load_address>
         <run_address>0x611c</run_address>
         <size>0x11a</size>
         <input_file_ref idref="fl-7"/>
      </object_component>
      <object_component id="oc-17f">
         <name>.debug_info</name>
         <load_address>0x6236</load_address>
         <run_address>0x6236</run_address>
         <size>0x199</size>
         <input_file_ref idref="fl-7"/>
      </object_component>
      <object_component id="oc-19f">
         <name>.debug_info</name>
         <load_address>0x63cf</load_address>
         <run_address>0x63cf</run_address>
         <size>0x2fb</size>
         <input_file_ref idref="fl-8"/>
      </object_component>
      <object_component id="oc-19c">
         <name>.debug_info</name>
         <load_address>0x66ca</load_address>
         <run_address>0x66ca</run_address>
         <size>0xe3</size>
         <input_file_ref idref="fl-8"/>
      </object_component>
      <object_component id="oc-107">
         <name>.debug_info</name>
         <load_address>0x67ad</load_address>
         <run_address>0x67ad</run_address>
         <size>0xc9b</size>
         <input_file_ref idref="fl-8"/>
      </object_component>
      <object_component id="oc-1d5">
         <name>.debug_info</name>
         <load_address>0x7448</load_address>
         <run_address>0x7448</run_address>
         <size>0x91</size>
         <input_file_ref idref="fl-8"/>
      </object_component>
      <object_component id="oc-63">
         <name>.debug_info</name>
         <load_address>0x74d9</load_address>
         <run_address>0x74d9</run_address>
         <size>0x810</size>
         <input_file_ref idref="fl-9"/>
      </object_component>
      <object_component id="oc-2b">
         <name>.debug_info</name>
         <load_address>0x7ce9</load_address>
         <run_address>0x7ce9</run_address>
         <size>0x106</size>
         <input_file_ref idref="fl-b"/>
      </object_component>
      <object_component id="oc-115">
         <name>.debug_info</name>
         <load_address>0x7def</load_address>
         <run_address>0x7def</run_address>
         <size>0x2e0</size>
         <input_file_ref idref="fl-c"/>
      </object_component>
      <object_component id="oc-10d">
         <name>.debug_info</name>
         <load_address>0x80cf</load_address>
         <run_address>0x80cf</run_address>
         <size>0xd9</size>
         <input_file_ref idref="fl-c"/>
      </object_component>
      <object_component id="oc-81">
         <name>.debug_info</name>
         <load_address>0x81a8</load_address>
         <run_address>0x81a8</run_address>
         <size>0x2b4</size>
         <input_file_ref idref="fl-c"/>
      </object_component>
      <object_component id="oc-7a">
         <name>.debug_info</name>
         <load_address>0x845c</load_address>
         <run_address>0x845c</run_address>
         <size>0x43d</size>
         <input_file_ref idref="fl-d"/>
      </object_component>
      <object_component id="oc-1b5">
         <name>.debug_info</name>
         <load_address>0x8899</load_address>
         <run_address>0x8899</run_address>
         <size>0x2f1</size>
         <input_file_ref idref="fl-e"/>
      </object_component>
      <object_component id="oc-17a">
         <name>.debug_info</name>
         <load_address>0x8b8a</load_address>
         <run_address>0x8b8a</run_address>
         <size>0x457</size>
         <input_file_ref idref="fl-e"/>
      </object_component>
      <object_component id="oc-2e">
         <name>.debug_info</name>
         <load_address>0x8fe1</load_address>
         <run_address>0x8fe1</run_address>
         <size>0x13b</size>
         <input_file_ref idref="fl-f"/>
      </object_component>
      <object_component id="oc-1a">
         <name>.debug_info</name>
         <load_address>0x911c</load_address>
         <run_address>0x911c</run_address>
         <size>0x27a</size>
         <input_file_ref idref="fl-12"/>
      </object_component>
      <object_component id="oc-8f">
         <name>.debug_info</name>
         <load_address>0x9396</load_address>
         <run_address>0x9396</run_address>
         <size>0x44c</size>
         <input_file_ref idref="fl-13"/>
      </object_component>
      <object_component id="oc-26">
         <name>.debug_info</name>
         <load_address>0x97e2</load_address>
         <run_address>0x97e2</run_address>
         <size>0xdd</size>
         <input_file_ref idref="fl-13"/>
      </object_component>
      <object_component id="oc-38">
         <name>.debug_info</name>
         <load_address>0x98bf</load_address>
         <run_address>0x98bf</run_address>
         <size>0x48d</size>
         <input_file_ref idref="fl-13"/>
      </object_component>
      <object_component id="oc-34">
         <name>.debug_info</name>
         <load_address>0x9d4c</load_address>
         <run_address>0x9d4c</run_address>
         <size>0x1f8</size>
         <input_file_ref idref="fl-13"/>
      </object_component>
      <object_component id="oc-151">
         <name>.debug_info</name>
         <load_address>0x9f44</load_address>
         <run_address>0x9f44</run_address>
         <size>0x4f</size>
         <input_file_ref idref="fl-13"/>
      </object_component>
      <object_component id="oc-cd">
         <name>.debug_info</name>
         <load_address>0x9f93</load_address>
         <run_address>0x9f93</run_address>
         <size>0x3df</size>
         <input_file_ref idref="fl-14"/>
      </object_component>
      <object_component id="oc-6e">
         <name>.debug_info</name>
         <load_address>0xa372</load_address>
         <run_address>0xa372</run_address>
         <size>0x58d</size>
         <input_file_ref idref="fl-14"/>
      </object_component>
      <object_component id="oc-1d0">
         <name>.debug_info</name>
         <load_address>0xa8ff</load_address>
         <run_address>0xa8ff</run_address>
         <size>0x254</size>
         <input_file_ref idref="fl-ce"/>
      </object_component>
      <object_component id="oc-196">
         <name>.debug_info</name>
         <load_address>0xab53</load_address>
         <run_address>0xab53</run_address>
         <size>0x165</size>
         <input_file_ref idref="fl-ce"/>
      </object_component>
      <object_component id="oc-45">
         <name>.debug_info</name>
         <load_address>0xacb8</load_address>
         <run_address>0xacb8</run_address>
         <size>0x84</size>
         <input_file_ref idref="fl-ce"/>
      </object_component>
      <object_component id="oc-1fd">
         <name>.debug_info</name>
         <load_address>0xad3c</load_address>
         <run_address>0xad3c</run_address>
         <size>0x46</size>
         <input_file_ref idref="fl-ce"/>
      </object_component>
      <object_component id="oc-1cb">
         <name>.debug_info</name>
         <load_address>0xad82</load_address>
         <run_address>0xad82</run_address>
         <size>0x39</size>
         <input_file_ref idref="fl-ce"/>
      </object_component>
      <object_component id="oc-187">
         <name>.debug_info</name>
         <load_address>0xadbb</load_address>
         <run_address>0xadbb</run_address>
         <size>0x517</size>
         <input_file_ref idref="fl-cf"/>
      </object_component>
      <object_component id="oc-d7">
         <name>.debug_info</name>
         <load_address>0xb2d2</load_address>
         <run_address>0xb2d2</run_address>
         <size>0x16b</size>
         <input_file_ref idref="fl-cf"/>
      </object_component>
      <object_component id="oc-1b9">
         <name>.debug_info</name>
         <load_address>0xb43d</load_address>
         <run_address>0xb43d</run_address>
         <size>0x39</size>
         <input_file_ref idref="fl-cf"/>
      </object_component>
      <object_component id="oc-1f1">
         <name>.debug_info</name>
         <load_address>0xb476</load_address>
         <run_address>0xb476</run_address>
         <size>0x39</size>
         <input_file_ref idref="fl-cf"/>
      </object_component>
      <object_component id="oc-1be">
         <name>.debug_info</name>
         <load_address>0xb4af</load_address>
         <run_address>0xb4af</run_address>
         <size>0x39</size>
         <input_file_ref idref="fl-cf"/>
      </object_component>
      <object_component id="oc-1c3">
         <name>.debug_info</name>
         <load_address>0xb4e8</load_address>
         <run_address>0xb4e8</run_address>
         <size>0xcd</size>
         <input_file_ref idref="fl-cf"/>
      </object_component>
      <object_component id="oc-b2">
         <name>.debug_info</name>
         <load_address>0xb5b5</load_address>
         <run_address>0xb5b5</run_address>
         <size>0x2de</size>
         <input_file_ref idref="fl-d1"/>
      </object_component>
      <object_component id="oc-57">
         <name>.debug_info</name>
         <load_address>0xb893</load_address>
         <run_address>0xb893</run_address>
         <size>0x184</size>
         <input_file_ref idref="fl-d1"/>
      </object_component>
      <object_component id="oc-ad">
         <name>.debug_info</name>
         <load_address>0xba17</load_address>
         <run_address>0xba17</run_address>
         <size>0x46</size>
         <input_file_ref idref="fl-d1"/>
      </object_component>
      <object_component id="oc-15e">
         <name>.debug_info</name>
         <load_address>0xba5d</load_address>
         <run_address>0xba5d</run_address>
         <size>0x2c</size>
         <input_file_ref idref="fl-d1"/>
      </object_component>
      <object_component id="oc-55">
         <name>.debug_info</name>
         <load_address>0xba89</load_address>
         <run_address>0xba89</run_address>
         <size>0x268</size>
         <input_file_ref idref="fl-d2"/>
      </object_component>
      <object_component id="oc-13">
         <name>.debug_info</name>
         <load_address>0xbcf1</load_address>
         <run_address>0xbcf1</run_address>
         <size>0x19a</size>
         <input_file_ref idref="fl-d2"/>
      </object_component>
      <object_component id="oc-50">
         <name>.debug_info</name>
         <load_address>0xbe8b</load_address>
         <run_address>0xbe8b</run_address>
         <size>0x46</size>
         <input_file_ref idref="fl-d2"/>
      </object_component>
      <object_component id="oc-a5">
         <name>.debug_info</name>
         <load_address>0xbed1</load_address>
         <run_address>0xbed1</run_address>
         <size>0x2c</size>
         <input_file_ref idref="fl-d2"/>
      </object_component>
      <object_component id="oc-a3">
         <name>.debug_info</name>
         <load_address>0xbefd</load_address>
         <run_address>0xbefd</run_address>
         <size>0x263</size>
         <input_file_ref idref="fl-d3"/>
      </object_component>
      <object_component id="oc-e">
         <name>.debug_info</name>
         <load_address>0xc160</load_address>
         <run_address>0xc160</run_address>
         <size>0x215</size>
         <input_file_ref idref="fl-d3"/>
      </object_component>
      <object_component id="oc-40">
         <name>.debug_info</name>
         <load_address>0xc375</load_address>
         <run_address>0xc375</run_address>
         <size>0x60</size>
         <input_file_ref idref="fl-d3"/>
      </object_component>
      <object_component id="oc-157">
         <name>.debug_info</name>
         <load_address>0xc3d5</load_address>
         <run_address>0xc3d5</run_address>
         <size>0x46</size>
         <input_file_ref idref="fl-d3"/>
      </object_component>
      <object_component id="oc-9e">
         <name>.debug_info</name>
         <load_address>0xc41b</load_address>
         <run_address>0xc41b</run_address>
         <size>0x39</size>
         <input_file_ref idref="fl-d3"/>
      </object_component>
      <object_component id="oc-117">
         <name>.debug_info</name>
         <load_address>0xc454</load_address>
         <run_address>0xc454</run_address>
         <size>0xe7</size>
         <input_file_ref idref="fl-d4"/>
      </object_component>
      <object_component id="oc-4d">
         <name>.debug_info</name>
         <load_address>0xc53b</load_address>
         <run_address>0xc53b</run_address>
         <size>0x14c</size>
         <input_file_ref idref="fl-d6"/>
      </object_component>
      <object_component id="oc-22d">
         <name>.debug_info</name>
         <load_address>0xc687</load_address>
         <run_address>0xc687</run_address>
         <size>0x9f</size>
      </object_component>
      <object_component id="oc-1b4">
         <name>.debug_line</name>
         <load_address>0x0</load_address>
         <run_address>0x0</run_address>
         <size>0x20</size>
         <input_file_ref idref="fl-2"/>
      </object_component>
      <object_component id="oc-cb">
         <name>.debug_line</name>
         <load_address>0x20</load_address>
         <run_address>0x20</run_address>
         <size>0x62</size>
         <input_file_ref idref="fl-2"/>
      </object_component>
      <object_component id="oc-12c">
         <name>.debug_line</name>
         <load_address>0x82</load_address>
         <run_address>0x82</run_address>
         <size>0x69</size>
         <input_file_ref idref="fl-2"/>
      </object_component>
      <object_component id="oc-8b">
         <name>.debug_line</name>
         <load_address>0xeb</load_address>
         <run_address>0xeb</run_address>
         <size>0x68</size>
         <input_file_ref idref="fl-2"/>
      </object_component>
      <object_component id="oc-113">
         <name>.debug_line</name>
         <load_address>0x153</load_address>
         <run_address>0x153</run_address>
         <size>0x20</size>
         <input_file_ref idref="fl-2"/>
      </object_component>
      <object_component id="oc-97">
         <name>.debug_line</name>
         <load_address>0x173</load_address>
         <run_address>0x173</run_address>
         <size>0x63</size>
         <input_file_ref idref="fl-2"/>
      </object_component>
      <object_component id="oc-1b1">
         <name>.debug_line</name>
         <load_address>0x1d6</load_address>
         <run_address>0x1d6</run_address>
         <size>0x6d</size>
         <input_file_ref idref="fl-2"/>
      </object_component>
      <object_component id="oc-125">
         <name>.debug_line</name>
         <load_address>0x243</load_address>
         <run_address>0x243</run_address>
         <size>0x6a</size>
         <input_file_ref idref="fl-2"/>
      </object_component>
      <object_component id="oc-9c">
         <name>.debug_line</name>
         <load_address>0x2ad</load_address>
         <run_address>0x2ad</run_address>
         <size>0x66</size>
         <input_file_ref idref="fl-2"/>
      </object_component>
      <object_component id="oc-131">
         <name>.debug_line</name>
         <load_address>0x313</load_address>
         <run_address>0x313</run_address>
         <size>0x65</size>
         <input_file_ref idref="fl-2"/>
      </object_component>
      <object_component id="oc-170">
         <name>.debug_line</name>
         <load_address>0x378</load_address>
         <run_address>0x378</run_address>
         <size>0x63</size>
         <input_file_ref idref="fl-2"/>
      </object_component>
      <object_component id="oc-136">
         <name>.debug_line</name>
         <load_address>0x3db</load_address>
         <run_address>0x3db</run_address>
         <size>0x63</size>
         <input_file_ref idref="fl-2"/>
      </object_component>
      <object_component id="oc-13b">
         <name>.debug_line</name>
         <load_address>0x43e</load_address>
         <run_address>0x43e</run_address>
         <size>0x65</size>
         <input_file_ref idref="fl-2"/>
      </object_component>
      <object_component id="oc-140">
         <name>.debug_line</name>
         <load_address>0x4a3</load_address>
         <run_address>0x4a3</run_address>
         <size>0x63</size>
         <input_file_ref idref="fl-2"/>
      </object_component>
      <object_component id="oc-145">
         <name>.debug_line</name>
         <load_address>0x506</load_address>
         <run_address>0x506</run_address>
         <size>0x66</size>
         <input_file_ref idref="fl-2"/>
      </object_component>
      <object_component id="oc-14a">
         <name>.debug_line</name>
         <load_address>0x56c</load_address>
         <run_address>0x56c</run_address>
         <size>0x66</size>
         <input_file_ref idref="fl-2"/>
      </object_component>
      <object_component id="oc-14f">
         <name>.debug_line</name>
         <load_address>0x5d2</load_address>
         <run_address>0x5d2</run_address>
         <size>0x63</size>
         <input_file_ref idref="fl-2"/>
      </object_component>
      <object_component id="oc-185">
         <name>.debug_line</name>
         <load_address>0x635</load_address>
         <run_address>0x635</run_address>
         <size>0x5f</size>
         <input_file_ref idref="fl-4"/>
      </object_component>
      <object_component id="oc-75">
         <name>.debug_line</name>
         <load_address>0x694</load_address>
         <run_address>0x694</run_address>
         <size>0x365</size>
         <input_file_ref idref="fl-4"/>
      </object_component>
      <object_component id="oc-24">
         <name>.debug_line</name>
         <load_address>0x9f9</load_address>
         <run_address>0x9f9</run_address>
         <size>0x7c</size>
         <input_file_ref idref="fl-4"/>
      </object_component>
      <object_component id="oc-d2">
         <name>.debug_line</name>
         <load_address>0xa75</load_address>
         <run_address>0xa75</run_address>
         <size>0x5f</size>
         <input_file_ref idref="fl-4"/>
      </object_component>
      <object_component id="oc-167">
         <name>.debug_line</name>
         <load_address>0xad4</load_address>
         <run_address>0xad4</run_address>
         <size>0x20</size>
         <input_file_ref idref="fl-6"/>
      </object_component>
      <object_component id="oc-6b">
         <name>.debug_line</name>
         <load_address>0xaf4</load_address>
         <run_address>0xaf4</run_address>
         <size>0xd5</size>
         <input_file_ref idref="fl-6"/>
      </object_component>
      <object_component id="oc-16b">
         <name>.debug_line</name>
         <load_address>0xbc9</load_address>
         <run_address>0xbc9</run_address>
         <size>0x63</size>
         <input_file_ref idref="fl-6"/>
      </object_component>
      <object_component id="oc-bf">
         <name>.debug_line</name>
         <load_address>0xc2c</load_address>
         <run_address>0xc2c</run_address>
         <size>0x63</size>
         <input_file_ref idref="fl-6"/>
      </object_component>
      <object_component id="oc-175">
         <name>.debug_line</name>
         <load_address>0xc8f</load_address>
         <run_address>0xc8f</run_address>
         <size>0x63</size>
         <input_file_ref idref="fl-6"/>
      </object_component>
      <object_component id="oc-1dd">
         <name>.debug_line</name>
         <load_address>0xcf2</load_address>
         <run_address>0xcf2</run_address>
         <size>0x5f</size>
         <input_file_ref idref="fl-6"/>
      </object_component>
      <object_component id="oc-1f0">
         <name>.debug_line</name>
         <load_address>0xd51</load_address>
         <run_address>0xd51</run_address>
         <size>0x20</size>
         <input_file_ref idref="fl-7"/>
      </object_component>
      <object_component id="oc-c2">
         <name>.debug_line</name>
         <load_address>0xd71</load_address>
         <run_address>0xd71</run_address>
         <size>0xdc</size>
         <input_file_ref idref="fl-7"/>
      </object_component>
      <object_component id="oc-182">
         <name>.debug_line</name>
         <load_address>0xe4d</load_address>
         <run_address>0xe4d</run_address>
         <size>0x66</size>
         <input_file_ref idref="fl-7"/>
      </object_component>
      <object_component id="oc-1d4">
         <name>.debug_line</name>
         <load_address>0xeb3</load_address>
         <run_address>0xeb3</run_address>
         <size>0x63</size>
         <input_file_ref idref="fl-8"/>
      </object_component>
      <object_component id="oc-1d2">
         <name>.debug_line</name>
         <load_address>0xf16</load_address>
         <run_address>0xf16</run_address>
         <size>0x36</size>
         <input_file_ref idref="fl-8"/>
      </object_component>
      <object_component id="oc-10a">
         <name>.debug_line</name>
         <load_address>0xf4c</load_address>
         <run_address>0xf4c</run_address>
         <size>0x2c0</size>
         <input_file_ref idref="fl-8"/>
      </object_component>
      <object_component id="oc-1d8">
         <name>.debug_line</name>
         <load_address>0x120c</load_address>
         <run_address>0x120c</run_address>
         <size>0x36</size>
         <input_file_ref idref="fl-8"/>
      </object_component>
      <object_component id="oc-66">
         <name>.debug_line</name>
         <load_address>0x1242</load_address>
         <run_address>0x1242</run_address>
         <size>0x2f2</size>
         <input_file_ref idref="fl-9"/>
      </object_component>
      <object_component id="oc-29">
         <name>.debug_line</name>
         <load_address>0x1534</load_address>
         <run_address>0x1534</run_address>
         <size>0x52</size>
         <input_file_ref idref="fl-b"/>
      </object_component>
      <object_component id="oc-1a3">
         <name>.debug_line</name>
         <load_address>0x1586</load_address>
         <run_address>0x1586</run_address>
         <size>0x5f</size>
         <input_file_ref idref="fl-c"/>
      </object_component>
      <object_component id="oc-1a1">
         <name>.debug_line</name>
         <load_address>0x15e5</load_address>
         <run_address>0x15e5</run_address>
         <size>0x3b</size>
         <input_file_ref idref="fl-c"/>
      </object_component>
      <object_component id="oc-83">
         <name>.debug_line</name>
         <load_address>0x1620</load_address>
         <run_address>0x1620</run_address>
         <size>0xa5</size>
         <input_file_ref idref="fl-c"/>
      </object_component>
      <object_component id="oc-7d">
         <name>.debug_line</name>
         <load_address>0x16c5</load_address>
         <run_address>0x16c5</run_address>
         <size>0x1f3</size>
         <input_file_ref idref="fl-d"/>
      </object_component>
      <object_component id="oc-1ee">
         <name>.debug_line</name>
         <load_address>0x18b8</load_address>
         <run_address>0x18b8</run_address>
         <size>0x20</size>
         <input_file_ref idref="fl-e"/>
      </object_component>
      <object_component id="oc-17d">
         <name>.debug_line</name>
         <load_address>0x18d8</load_address>
         <run_address>0x18d8</run_address>
         <size>0x63</size>
         <input_file_ref idref="fl-e"/>
      </object_component>
      <object_component id="oc-32">
         <name>.debug_line</name>
         <load_address>0x193b</load_address>
         <run_address>0x193b</run_address>
         <size>0x4e</size>
         <input_file_ref idref="fl-f"/>
      </object_component>
      <object_component id="oc-1e">
         <name>.debug_line</name>
         <load_address>0x1989</load_address>
         <run_address>0x1989</run_address>
         <size>0x7b</size>
         <input_file_ref idref="fl-12"/>
      </object_component>
      <object_component id="oc-128">
         <name>.debug_line</name>
         <load_address>0x1a04</load_address>
         <run_address>0x1a04</run_address>
         <size>0xa2</size>
         <input_file_ref idref="fl-13"/>
      </object_component>
      <object_component id="oc-8e">
         <name>.debug_line</name>
         <load_address>0x1aa6</load_address>
         <run_address>0x1aa6</run_address>
         <size>0x3a</size>
         <input_file_ref idref="fl-13"/>
      </object_component>
      <object_component id="oc-3b">
         <name>.debug_line</name>
         <load_address>0x1ae0</load_address>
         <run_address>0x1ae0</run_address>
         <size>0x1b2</size>
         <input_file_ref idref="fl-13"/>
      </object_component>
      <object_component id="oc-3d">
         <name>.debug_line</name>
         <load_address>0x1c92</load_address>
         <run_address>0x1c92</run_address>
         <size>0xbc</size>
         <input_file_ref idref="fl-13"/>
      </object_component>
      <object_component id="oc-154">
         <name>.debug_line</name>
         <load_address>0x1d4e</load_address>
         <run_address>0x1d4e</run_address>
         <size>0x3a</size>
         <input_file_ref idref="fl-13"/>
      </object_component>
      <object_component id="oc-179">
         <name>.debug_line</name>
         <load_address>0x1d88</load_address>
         <run_address>0x1d88</run_address>
         <size>0xa6</size>
         <input_file_ref idref="fl-14"/>
      </object_component>
      <object_component id="oc-71">
         <name>.debug_line</name>
         <load_address>0x1e2e</load_address>
         <run_address>0x1e2e</run_address>
         <size>0x21e</size>
         <input_file_ref idref="fl-14"/>
      </object_component>
      <object_component id="oc-203">
         <name>.debug_line</name>
         <load_address>0x204c</load_address>
         <run_address>0x204c</run_address>
         <size>0x20</size>
         <input_file_ref idref="fl-ce"/>
      </object_component>
      <object_component id="oc-199">
         <name>.debug_line</name>
         <load_address>0x206c</load_address>
         <run_address>0x206c</run_address>
         <size>0xbf</size>
         <input_file_ref idref="fl-ce"/>
      </object_component>
      <object_component id="oc-48">
         <name>.debug_line</name>
         <load_address>0x212b</load_address>
         <run_address>0x212b</run_address>
         <size>0x20</size>
         <input_file_ref idref="fl-ce"/>
      </object_component>
      <object_component id="oc-200">
         <name>.debug_line</name>
         <load_address>0x214b</load_address>
         <run_address>0x214b</run_address>
         <size>0x64</size>
         <input_file_ref idref="fl-ce"/>
      </object_component>
      <object_component id="oc-1ce">
         <name>.debug_line</name>
         <load_address>0x21af</load_address>
         <run_address>0x21af</run_address>
         <size>0x61</size>
         <input_file_ref idref="fl-ce"/>
      </object_component>
      <object_component id="oc-1b8">
         <name>.debug_line</name>
         <load_address>0x2210</load_address>
         <run_address>0x2210</run_address>
         <size>0x89</size>
         <input_file_ref idref="fl-cf"/>
      </object_component>
      <object_component id="oc-da">
         <name>.debug_line</name>
         <load_address>0x2299</load_address>
         <run_address>0x2299</run_address>
         <size>0x7c</size>
         <input_file_ref idref="fl-cf"/>
      </object_component>
      <object_component id="oc-1bc">
         <name>.debug_line</name>
         <load_address>0x2315</load_address>
         <run_address>0x2315</run_address>
         <size>0x2e</size>
         <input_file_ref idref="fl-cf"/>
      </object_component>
      <object_component id="oc-1f4">
         <name>.debug_line</name>
         <load_address>0x2343</load_address>
         <run_address>0x2343</run_address>
         <size>0x64</size>
         <input_file_ref idref="fl-cf"/>
      </object_component>
      <object_component id="oc-1c1">
         <name>.debug_line</name>
         <load_address>0x23a7</load_address>
         <run_address>0x23a7</run_address>
         <size>0x61</size>
         <input_file_ref idref="fl-cf"/>
      </object_component>
      <object_component id="oc-1c6">
         <name>.debug_line</name>
         <load_address>0x2408</load_address>
         <run_address>0x2408</run_address>
         <size>0x5d</size>
         <input_file_ref idref="fl-cf"/>
      </object_component>
      <object_component id="oc-164">
         <name>.debug_line</name>
         <load_address>0x2465</load_address>
         <run_address>0x2465</run_address>
         <size>0x70</size>
         <input_file_ref idref="fl-d1"/>
      </object_component>
      <object_component id="oc-5a">
         <name>.debug_line</name>
         <load_address>0x24d5</load_address>
         <run_address>0x24d5</run_address>
         <size>0x4f</size>
         <input_file_ref idref="fl-d1"/>
      </object_component>
      <object_component id="oc-b0">
         <name>.debug_line</name>
         <load_address>0x2524</load_address>
         <run_address>0x2524</run_address>
         <size>0x34</size>
         <input_file_ref idref="fl-d1"/>
      </object_component>
      <object_component id="oc-161">
         <name>.debug_line</name>
         <load_address>0x2558</load_address>
         <run_address>0x2558</run_address>
         <size>0x5c</size>
         <input_file_ref idref="fl-d1"/>
      </object_component>
      <object_component id="oc-ab">
         <name>.debug_line</name>
         <load_address>0x25b4</load_address>
         <run_address>0x25b4</run_address>
         <size>0x20</size>
         <input_file_ref idref="fl-d2"/>
      </object_component>
      <object_component id="oc-16">
         <name>.debug_line</name>
         <load_address>0x25d4</load_address>
         <run_address>0x25d4</run_address>
         <size>0x55</size>
         <input_file_ref idref="fl-d2"/>
      </object_component>
      <object_component id="oc-53">
         <name>.debug_line</name>
         <load_address>0x2629</load_address>
         <run_address>0x2629</run_address>
         <size>0x3a</size>
         <input_file_ref idref="fl-d2"/>
      </object_component>
      <object_component id="oc-a8">
         <name>.debug_line</name>
         <load_address>0x2663</load_address>
         <run_address>0x2663</run_address>
         <size>0x5c</size>
         <input_file_ref idref="fl-d2"/>
      </object_component>
      <object_component id="oc-15d">
         <name>.debug_line</name>
         <load_address>0x26bf</load_address>
         <run_address>0x26bf</run_address>
         <size>0x20</size>
         <input_file_ref idref="fl-d3"/>
      </object_component>
      <object_component id="oc-d">
         <name>.debug_line</name>
         <load_address>0x26df</load_address>
         <run_address>0x26df</run_address>
         <size>0xb2</size>
         <input_file_ref idref="fl-d3"/>
      </object_component>
      <object_component id="oc-43">
         <name>.debug_line</name>
         <load_address>0x2791</load_address>
         <run_address>0x2791</run_address>
         <size>0x3a</size>
         <input_file_ref idref="fl-d3"/>
      </object_component>
      <object_component id="oc-15a">
         <name>.debug_line</name>
         <load_address>0x27cb</load_address>
         <run_address>0x27cb</run_address>
         <size>0x64</size>
         <input_file_ref idref="fl-d3"/>
      </object_component>
      <object_component id="oc-a1">
         <name>.debug_line</name>
         <load_address>0x282f</load_address>
         <run_address>0x282f</run_address>
         <size>0x60</size>
         <input_file_ref idref="fl-d3"/>
      </object_component>
      <object_component id="oc-11a">
         <name>.debug_line</name>
         <load_address>0x288f</load_address>
         <run_address>0x288f</run_address>
         <size>0x3c</size>
         <input_file_ref idref="fl-d4"/>
      </object_component>
      <object_component id="oc-4c">
         <name>.debug_line</name>
         <load_address>0x28cb</load_address>
         <run_address>0x28cb</run_address>
         <size>0x9a</size>
         <input_file_ref idref="fl-d6"/>
      </object_component>
      <object_component id="oc-1b3">
         <name>.debug_abbrev</name>
         <load_address>0x0</load_address>
         <run_address>0x0</run_address>
         <size>0x5f</size>
         <input_file_ref idref="fl-2"/>
      </object_component>
      <object_component id="oc-ca">
         <name>.debug_abbrev</name>
         <load_address>0x5f</load_address>
         <run_address>0x5f</run_address>
         <size>0xba</size>
         <input_file_ref idref="fl-2"/>
      </object_component>
      <object_component id="oc-12b">
         <name>.debug_abbrev</name>
         <load_address>0x119</load_address>
         <run_address>0x119</run_address>
         <size>0x69</size>
         <input_file_ref idref="fl-2"/>
      </object_component>
      <object_component id="oc-8a">
         <name>.debug_abbrev</name>
         <load_address>0x182</load_address>
         <run_address>0x182</run_address>
         <size>0x5a</size>
         <input_file_ref idref="fl-2"/>
      </object_component>
      <object_component id="oc-112">
         <name>.debug_abbrev</name>
         <load_address>0x1dc</load_address>
         <run_address>0x1dc</run_address>
         <size>0x1f</size>
         <input_file_ref idref="fl-2"/>
      </object_component>
      <object_component id="oc-96">
         <name>.debug_abbrev</name>
         <load_address>0x1fb</load_address>
         <run_address>0x1fb</run_address>
         <size>0x7c</size>
         <input_file_ref idref="fl-2"/>
      </object_component>
      <object_component id="oc-1b0">
         <name>.debug_abbrev</name>
         <load_address>0x277</load_address>
         <run_address>0x277</run_address>
         <size>0x5c</size>
         <input_file_ref idref="fl-2"/>
      </object_component>
      <object_component id="oc-124">
         <name>.debug_abbrev</name>
         <load_address>0x2d3</load_address>
         <run_address>0x2d3</run_address>
         <size>0x24</size>
         <input_file_ref idref="fl-2"/>
      </object_component>
      <object_component id="oc-9b">
         <name>.debug_abbrev</name>
         <load_address>0x2f7</load_address>
         <run_address>0x2f7</run_address>
         <size>0x55</size>
         <input_file_ref idref="fl-2"/>
      </object_component>
      <object_component id="oc-130">
         <name>.debug_abbrev</name>
         <load_address>0x34c</load_address>
         <run_address>0x34c</run_address>
         <size>0x4b</size>
         <input_file_ref idref="fl-2"/>
      </object_component>
      <object_component id="oc-16f">
         <name>.debug_abbrev</name>
         <load_address>0x397</load_address>
         <run_address>0x397</run_address>
         <size>0x4b</size>
         <input_file_ref idref="fl-2"/>
      </object_component>
      <object_component id="oc-135">
         <name>.debug_abbrev</name>
         <load_address>0x3e2</load_address>
         <run_address>0x3e2</run_address>
         <size>0x4b</size>
         <input_file_ref idref="fl-2"/>
      </object_component>
      <object_component id="oc-13a">
         <name>.debug_abbrev</name>
         <load_address>0x42d</load_address>
         <run_address>0x42d</run_address>
         <size>0x4b</size>
         <input_file_ref idref="fl-2"/>
      </object_component>
      <object_component id="oc-13f">
         <name>.debug_abbrev</name>
         <load_address>0x478</load_address>
         <run_address>0x478</run_address>
         <size>0x4b</size>
         <input_file_ref idref="fl-2"/>
      </object_component>
      <object_component id="oc-144">
         <name>.debug_abbrev</name>
         <load_address>0x4c3</load_address>
         <run_address>0x4c3</run_address>
         <size>0x4b</size>
         <input_file_ref idref="fl-2"/>
      </object_component>
      <object_component id="oc-149">
         <name>.debug_abbrev</name>
         <load_address>0x50e</load_address>
         <run_address>0x50e</run_address>
         <size>0x5c</size>
         <input_file_ref idref="fl-2"/>
      </object_component>
      <object_component id="oc-14e">
         <name>.debug_abbrev</name>
         <load_address>0x56a</load_address>
         <run_address>0x56a</run_address>
         <size>0x4b</size>
         <input_file_ref idref="fl-2"/>
      </object_component>
      <object_component id="oc-184">
         <name>.debug_abbrev</name>
         <load_address>0x5b5</load_address>
         <run_address>0x5b5</run_address>
         <size>0x76</size>
         <input_file_ref idref="fl-4"/>
      </object_component>
      <object_component id="oc-ce">
         <name>.debug_abbrev</name>
         <load_address>0x62b</load_address>
         <run_address>0x62b</run_address>
         <size>0xc8</size>
         <input_file_ref idref="fl-4"/>
      </object_component>
      <object_component id="oc-87">
         <name>.debug_abbrev</name>
         <load_address>0x6f3</load_address>
         <run_address>0x6f3</run_address>
         <size>0x6f</size>
         <input_file_ref idref="fl-4"/>
      </object_component>
      <object_component id="oc-d1">
         <name>.debug_abbrev</name>
         <load_address>0x762</load_address>
         <run_address>0x762</run_address>
         <size>0x6b</size>
         <input_file_ref idref="fl-4"/>
      </object_component>
      <object_component id="oc-166">
         <name>.debug_abbrev</name>
         <load_address>0x7cd</load_address>
         <run_address>0x7cd</run_address>
         <size>0x4f</size>
         <input_file_ref idref="fl-6"/>
      </object_component>
      <object_component id="oc-ba">
         <name>.debug_abbrev</name>
         <load_address>0x81c</load_address>
         <run_address>0x81c</run_address>
         <size>0x6c</size>
         <input_file_ref idref="fl-6"/>
      </object_component>
      <object_component id="oc-16a">
         <name>.debug_abbrev</name>
         <load_address>0x888</load_address>
         <run_address>0x888</run_address>
         <size>0x7f</size>
         <input_file_ref idref="fl-6"/>
      </object_component>
      <object_component id="oc-be">
         <name>.debug_abbrev</name>
         <load_address>0x907</load_address>
         <run_address>0x907</run_address>
         <size>0x6b</size>
         <input_file_ref idref="fl-6"/>
      </object_component>
      <object_component id="oc-174">
         <name>.debug_abbrev</name>
         <load_address>0x972</load_address>
         <run_address>0x972</run_address>
         <size>0x4b</size>
         <input_file_ref idref="fl-6"/>
      </object_component>
      <object_component id="oc-1dc">
         <name>.debug_abbrev</name>
         <load_address>0x9bd</load_address>
         <run_address>0x9bd</run_address>
         <size>0x89</size>
         <input_file_ref idref="fl-6"/>
      </object_component>
      <object_component id="oc-1ef">
         <name>.debug_abbrev</name>
         <load_address>0xa46</load_address>
         <run_address>0xa46</run_address>
         <size>0x4f</size>
         <input_file_ref idref="fl-7"/>
      </object_component>
      <object_component id="oc-177">
         <name>.debug_abbrev</name>
         <load_address>0xa95</load_address>
         <run_address>0xa95</run_address>
         <size>0x50</size>
         <input_file_ref idref="fl-7"/>
      </object_component>
      <object_component id="oc-181">
         <name>.debug_abbrev</name>
         <load_address>0xae5</load_address>
         <run_address>0xae5</run_address>
         <size>0x4b</size>
         <input_file_ref idref="fl-7"/>
      </object_component>
      <object_component id="oc-1d3">
         <name>.debug_abbrev</name>
         <load_address>0xb30</load_address>
         <run_address>0xb30</run_address>
         <size>0x7e</size>
         <input_file_ref idref="fl-8"/>
      </object_component>
      <object_component id="oc-1d1">
         <name>.debug_abbrev</name>
         <load_address>0xbae</load_address>
         <run_address>0xbae</run_address>
         <size>0x27</size>
         <input_file_ref idref="fl-8"/>
      </object_component>
      <object_component id="oc-19e">
         <name>.debug_abbrev</name>
         <load_address>0xbd5</load_address>
         <run_address>0xbd5</run_address>
         <size>0x13d</size>
         <input_file_ref idref="fl-8"/>
      </object_component>
      <object_component id="oc-1d7">
         <name>.debug_abbrev</name>
         <load_address>0xd12</load_address>
         <run_address>0xd12</run_address>
         <size>0x3a</size>
         <input_file_ref idref="fl-8"/>
      </object_component>
      <object_component id="oc-b9">
         <name>.debug_abbrev</name>
         <load_address>0xd4c</load_address>
         <run_address>0xd4c</run_address>
         <size>0x44</size>
         <input_file_ref idref="fl-9"/>
      </object_component>
      <object_component id="oc-90">
         <name>.debug_abbrev</name>
         <load_address>0xd90</load_address>
         <run_address>0xd90</run_address>
         <size>0x38</size>
         <input_file_ref idref="fl-b"/>
      </object_component>
      <object_component id="oc-1a2">
         <name>.debug_abbrev</name>
         <load_address>0xdc8</load_address>
         <run_address>0xdc8</run_address>
         <size>0x7a</size>
         <input_file_ref idref="fl-c"/>
      </object_component>
      <object_component id="oc-1a0">
         <name>.debug_abbrev</name>
         <load_address>0xe42</load_address>
         <run_address>0xe42</run_address>
         <size>0x29</size>
         <input_file_ref idref="fl-c"/>
      </object_component>
      <object_component id="oc-10f">
         <name>.debug_abbrev</name>
         <load_address>0xe6b</load_address>
         <run_address>0xe6b</run_address>
         <size>0xa9</size>
         <input_file_ref idref="fl-c"/>
      </object_component>
      <object_component id="oc-d5">
         <name>.debug_abbrev</name>
         <load_address>0xf14</load_address>
         <run_address>0xf14</run_address>
         <size>0x36</size>
         <input_file_ref idref="fl-d"/>
      </object_component>
      <object_component id="oc-1ed">
         <name>.debug_abbrev</name>
         <load_address>0xf4a</load_address>
         <run_address>0xf4a</run_address>
         <size>0x4f</size>
         <input_file_ref idref="fl-e"/>
      </object_component>
      <object_component id="oc-17c">
         <name>.debug_abbrev</name>
         <load_address>0xf99</load_address>
         <run_address>0xf99</run_address>
         <size>0x5a</size>
         <input_file_ref idref="fl-e"/>
      </object_component>
      <object_component id="oc-91">
         <name>.debug_abbrev</name>
         <load_address>0xff3</load_address>
         <run_address>0xff3</run_address>
         <size>0x53</size>
         <input_file_ref idref="fl-f"/>
      </object_component>
      <object_component id="oc-86">
         <name>.debug_abbrev</name>
         <load_address>0x1046</load_address>
         <run_address>0x1046</run_address>
         <size>0x55</size>
         <input_file_ref idref="fl-12"/>
      </object_component>
      <object_component id="oc-127">
         <name>.debug_abbrev</name>
         <load_address>0x109b</load_address>
         <run_address>0x109b</run_address>
         <size>0xab</size>
         <input_file_ref idref="fl-13"/>
      </object_component>
      <object_component id="oc-8d">
         <name>.debug_abbrev</name>
         <load_address>0x1146</load_address>
         <run_address>0x1146</run_address>
         <size>0x27</size>
         <input_file_ref idref="fl-13"/>
      </object_component>
      <object_component id="oc-93">
         <name>.debug_abbrev</name>
         <load_address>0x116d</load_address>
         <run_address>0x116d</run_address>
         <size>0xa4</size>
         <input_file_ref idref="fl-13"/>
      </object_component>
      <object_component id="oc-92">
         <name>.debug_abbrev</name>
         <load_address>0x1211</load_address>
         <run_address>0x1211</run_address>
         <size>0x6f</size>
         <input_file_ref idref="fl-13"/>
      </object_component>
      <object_component id="oc-153">
         <name>.debug_abbrev</name>
         <load_address>0x1280</load_address>
         <run_address>0x1280</run_address>
         <size>0x4b</size>
         <input_file_ref idref="fl-13"/>
      </object_component>
      <object_component id="oc-178">
         <name>.debug_abbrev</name>
         <load_address>0x12cb</load_address>
         <run_address>0x12cb</run_address>
         <size>0x77</size>
         <input_file_ref idref="fl-14"/>
      </object_component>
      <object_component id="oc-c7">
         <name>.debug_abbrev</name>
         <load_address>0x1342</load_address>
         <run_address>0x1342</run_address>
         <size>0x103</size>
         <input_file_ref idref="fl-14"/>
      </object_component>
      <object_component id="oc-202">
         <name>.debug_abbrev</name>
         <load_address>0x1445</load_address>
         <run_address>0x1445</run_address>
         <size>0x25</size>
         <input_file_ref idref="fl-ce"/>
      </object_component>
      <object_component id="oc-1ca">
         <name>.debug_abbrev</name>
         <load_address>0x146a</load_address>
         <run_address>0x146a</run_address>
         <size>0x71</size>
         <input_file_ref idref="fl-ce"/>
      </object_component>
      <object_component id="oc-47">
         <name>.debug_abbrev</name>
         <load_address>0x14db</load_address>
         <run_address>0x14db</run_address>
         <size>0x1f</size>
         <input_file_ref idref="fl-ce"/>
      </object_component>
      <object_component id="oc-1ff">
         <name>.debug_abbrev</name>
         <load_address>0x14fa</load_address>
         <run_address>0x14fa</run_address>
         <size>0x24</size>
         <input_file_ref idref="fl-ce"/>
      </object_component>
      <object_component id="oc-1cd">
         <name>.debug_abbrev</name>
         <load_address>0x151e</load_address>
         <run_address>0x151e</run_address>
         <size>0x24</size>
         <input_file_ref idref="fl-ce"/>
      </object_component>
      <object_component id="oc-1b7">
         <name>.debug_abbrev</name>
         <load_address>0x1542</load_address>
         <run_address>0x1542</run_address>
         <size>0xdb</size>
         <input_file_ref idref="fl-cf"/>
      </object_component>
      <object_component id="oc-186">
         <name>.debug_abbrev</name>
         <load_address>0x161d</load_address>
         <run_address>0x161d</run_address>
         <size>0x7e</size>
         <input_file_ref idref="fl-cf"/>
      </object_component>
      <object_component id="oc-1bb">
         <name>.debug_abbrev</name>
         <load_address>0x169b</load_address>
         <run_address>0x169b</run_address>
         <size>0x24</size>
         <input_file_ref idref="fl-cf"/>
      </object_component>
      <object_component id="oc-1f3">
         <name>.debug_abbrev</name>
         <load_address>0x16bf</load_address>
         <run_address>0x16bf</run_address>
         <size>0x24</size>
         <input_file_ref idref="fl-cf"/>
      </object_component>
      <object_component id="oc-1c0">
         <name>.debug_abbrev</name>
         <load_address>0x16e3</load_address>
         <run_address>0x16e3</run_address>
         <size>0x24</size>
         <input_file_ref idref="fl-cf"/>
      </object_component>
      <object_component id="oc-1c5">
         <name>.debug_abbrev</name>
         <load_address>0x1707</load_address>
         <run_address>0x1707</run_address>
         <size>0x4b</size>
         <input_file_ref idref="fl-cf"/>
      </object_component>
      <object_component id="oc-163">
         <name>.debug_abbrev</name>
         <load_address>0x1752</load_address>
         <run_address>0x1752</run_address>
         <size>0x73</size>
         <input_file_ref idref="fl-d1"/>
      </object_component>
      <object_component id="oc-ac">
         <name>.debug_abbrev</name>
         <load_address>0x17c5</load_address>
         <run_address>0x17c5</run_address>
         <size>0x6f</size>
         <input_file_ref idref="fl-d1"/>
      </object_component>
      <object_component id="oc-af">
         <name>.debug_abbrev</name>
         <load_address>0x1834</load_address>
         <run_address>0x1834</run_address>
         <size>0x24</size>
         <input_file_ref idref="fl-d1"/>
      </object_component>
      <object_component id="oc-160">
         <name>.debug_abbrev</name>
         <load_address>0x1858</load_address>
         <run_address>0x1858</run_address>
         <size>0x24</size>
         <input_file_ref idref="fl-d1"/>
      </object_component>
      <object_component id="oc-aa">
         <name>.debug_abbrev</name>
         <load_address>0x187c</load_address>
         <run_address>0x187c</run_address>
         <size>0x37</size>
         <input_file_ref idref="fl-d2"/>
      </object_component>
      <object_component id="oc-4f">
         <name>.debug_abbrev</name>
         <load_address>0x18b3</load_address>
         <run_address>0x18b3</run_address>
         <size>0x74</size>
         <input_file_ref idref="fl-d2"/>
      </object_component>
      <object_component id="oc-52">
         <name>.debug_abbrev</name>
         <load_address>0x1927</load_address>
         <run_address>0x1927</run_address>
         <size>0x24</size>
         <input_file_ref idref="fl-d2"/>
      </object_component>
      <object_component id="oc-a7">
         <name>.debug_abbrev</name>
         <load_address>0x194b</load_address>
         <run_address>0x194b</run_address>
         <size>0x24</size>
         <input_file_ref idref="fl-d2"/>
      </object_component>
      <object_component id="oc-15c">
         <name>.debug_abbrev</name>
         <load_address>0x196f</load_address>
         <run_address>0x196f</run_address>
         <size>0x37</size>
         <input_file_ref idref="fl-d3"/>
      </object_component>
      <object_component id="oc-3f">
         <name>.debug_abbrev</name>
         <load_address>0x19a6</load_address>
         <run_address>0x19a6</run_address>
         <size>0x6f</size>
         <input_file_ref idref="fl-d3"/>
      </object_component>
      <object_component id="oc-42">
         <name>.debug_abbrev</name>
         <load_address>0x1a15</load_address>
         <run_address>0x1a15</run_address>
         <size>0x24</size>
         <input_file_ref idref="fl-d3"/>
      </object_component>
      <object_component id="oc-159">
         <name>.debug_abbrev</name>
         <load_address>0x1a39</load_address>
         <run_address>0x1a39</run_address>
         <size>0x35</size>
         <input_file_ref idref="fl-d3"/>
      </object_component>
      <object_component id="oc-a0">
         <name>.debug_abbrev</name>
         <load_address>0x1a6e</load_address>
         <run_address>0x1a6e</run_address>
         <size>0x24</size>
         <input_file_ref idref="fl-d3"/>
      </object_component>
      <object_component id="oc-1a4">
         <name>.debug_abbrev</name>
         <load_address>0x1a92</load_address>
         <run_address>0x1a92</run_address>
         <size>0x45</size>
         <input_file_ref idref="fl-d4"/>
      </object_component>
      <object_component id="oc-a4">
         <name>.debug_abbrev</name>
         <load_address>0x1ad7</load_address>
         <run_address>0x1ad7</run_address>
         <size>0x4c</size>
         <input_file_ref idref="fl-d6"/>
      </object_component>
      <object_component id="oc-22e">
         <name>.debug_abbrev</name>
         <load_address>0x1b23</load_address>
         <run_address>0x1b23</run_address>
         <size>0xf</size>
      </object_component>
      <object_component id="oc-cc">
         <name>.debug_str</name>
         <load_address>0x0</load_address>
         <run_address>0x0</run_address>
         <size>0x45a</size>
         <input_file_ref idref="fl-2"/>
      </object_component>
      <object_component id="oc-12d">
         <name>.debug_str</name>
         <load_address>0x45a</load_address>
         <run_address>0x45a</run_address>
         <size>0x2a7</size>
         <input_file_ref idref="fl-2"/>
      </object_component>
      <object_component id="oc-8c">
         <name>.debug_str</name>
         <load_address>0x701</load_address>
         <run_address>0x701</run_address>
         <size>0x1a1</size>
         <input_file_ref idref="fl-2"/>
      </object_component>
      <object_component id="oc-114">
         <name>.debug_str</name>
         <load_address>0x8a2</load_address>
         <run_address>0x8a2</run_address>
         <size>0xfa</size>
         <input_file_ref idref="fl-2"/>
      </object_component>
      <object_component id="oc-98">
         <name>.debug_str</name>
         <load_address>0x99c</load_address>
         <run_address>0x99c</run_address>
         <size>0x225</size>
         <input_file_ref idref="fl-2"/>
      </object_component>
      <object_component id="oc-1b2">
         <name>.debug_str</name>
         <load_address>0xbc1</load_address>
         <run_address>0xbc1</run_address>
         <size>0x336</size>
         <input_file_ref idref="fl-2"/>
      </object_component>
      <object_component id="oc-126">
         <name>.debug_str</name>
         <load_address>0xef7</load_address>
         <run_address>0xef7</run_address>
         <size>0x13f</size>
         <input_file_ref idref="fl-2"/>
      </object_component>
      <object_component id="oc-9d">
         <name>.debug_str</name>
         <load_address>0x1036</load_address>
         <run_address>0x1036</run_address>
         <size>0x14f</size>
         <input_file_ref idref="fl-2"/>
      </object_component>
      <object_component id="oc-132">
         <name>.debug_str</name>
         <load_address>0x1185</load_address>
         <run_address>0x1185</run_address>
         <size>0x13f</size>
         <input_file_ref idref="fl-2"/>
      </object_component>
      <object_component id="oc-171">
         <name>.debug_str</name>
         <load_address>0x12c4</load_address>
         <run_address>0x12c4</run_address>
         <size>0x15e</size>
         <input_file_ref idref="fl-2"/>
      </object_component>
      <object_component id="oc-137">
         <name>.debug_str</name>
         <load_address>0x1422</load_address>
         <run_address>0x1422</run_address>
         <size>0x18f</size>
         <input_file_ref idref="fl-2"/>
      </object_component>
      <object_component id="oc-13c">
         <name>.debug_str</name>
         <load_address>0x15b1</load_address>
         <run_address>0x15b1</run_address>
         <size>0x2b0</size>
         <input_file_ref idref="fl-2"/>
      </object_component>
      <object_component id="oc-141">
         <name>.debug_str</name>
         <load_address>0x1861</load_address>
         <run_address>0x1861</run_address>
         <size>0x163</size>
         <input_file_ref idref="fl-2"/>
      </object_component>
      <object_component id="oc-146">
         <name>.debug_str</name>
         <load_address>0x19c4</load_address>
         <run_address>0x19c4</run_address>
         <size>0x186</size>
         <input_file_ref idref="fl-2"/>
      </object_component>
      <object_component id="oc-14b">
         <name>.debug_str</name>
         <load_address>0x1b4a</load_address>
         <run_address>0x1b4a</run_address>
         <size>0x360</size>
         <input_file_ref idref="fl-2"/>
      </object_component>
      <object_component id="oc-150">
         <name>.debug_str</name>
         <load_address>0x1eaa</load_address>
         <run_address>0x1eaa</run_address>
         <size>0x264</size>
         <input_file_ref idref="fl-2"/>
      </object_component>
      <object_component id="oc-d3">
         <name>.debug_str</name>
         <load_address>0x210e</load_address>
         <run_address>0x210e</run_address>
         <size>0x1ef</size>
         <input_file_ref idref="fl-4"/>
      </object_component>
      <object_component id="oc-16c">
         <name>.debug_str</name>
         <load_address>0x22fd</load_address>
         <run_address>0x22fd</run_address>
         <size>0x4ca</size>
         <input_file_ref idref="fl-6"/>
      </object_component>
      <object_component id="oc-c0">
         <name>.debug_str</name>
         <load_address>0x27c7</load_address>
         <run_address>0x27c7</run_address>
         <size>0x785</size>
         <input_file_ref idref="fl-6"/>
      </object_component>
      <object_component id="oc-176">
         <name>.debug_str</name>
         <load_address>0x2f4c</load_address>
         <run_address>0x2f4c</run_address>
         <size>0x17e</size>
         <input_file_ref idref="fl-6"/>
      </object_component>
      <object_component id="oc-1de">
         <name>.debug_str</name>
         <load_address>0x30ca</load_address>
         <run_address>0x30ca</run_address>
         <size>0x1f9</size>
         <input_file_ref idref="fl-6"/>
      </object_component>
      <object_component id="oc-183">
         <name>.debug_str</name>
         <load_address>0x32c3</load_address>
         <run_address>0x32c3</run_address>
         <size>0x1b5</size>
         <input_file_ref idref="fl-7"/>
      </object_component>
      <object_component id="oc-1d9">
         <name>.debug_str</name>
         <load_address>0x3478</load_address>
         <run_address>0x3478</run_address>
         <size>0xda</size>
         <input_file_ref idref="fl-8"/>
      </object_component>
      <object_component id="oc-17e">
         <name>.debug_str</name>
         <load_address>0x3552</load_address>
         <run_address>0x3552</run_address>
         <size>0x2f0</size>
         <input_file_ref idref="fl-e"/>
      </object_component>
      <object_component id="oc-155">
         <name>.debug_str</name>
         <load_address>0x3842</load_address>
         <run_address>0x3842</run_address>
         <size>0xbb</size>
         <input_file_ref idref="fl-13"/>
      </object_component>
      <object_component id="oc-49">
         <name>.debug_str</name>
         <load_address>0x38fd</load_address>
         <run_address>0x38fd</run_address>
         <size>0xfa</size>
         <input_file_ref idref="fl-ce"/>
      </object_component>
      <object_component id="oc-201">
         <name>.debug_str</name>
         <load_address>0x39f7</load_address>
         <run_address>0x39f7</run_address>
         <size>0xf0</size>
         <input_file_ref idref="fl-ce"/>
      </object_component>
      <object_component id="oc-1cf">
         <name>.debug_str</name>
         <load_address>0x3ae7</load_address>
         <run_address>0x3ae7</run_address>
         <size>0xde</size>
         <input_file_ref idref="fl-ce"/>
      </object_component>
      <object_component id="oc-1bd">
         <name>.debug_str</name>
         <load_address>0x3bc5</load_address>
         <run_address>0x3bc5</run_address>
         <size>0xb2</size>
         <input_file_ref idref="fl-cf"/>
      </object_component>
      <object_component id="oc-1f5">
         <name>.debug_str</name>
         <load_address>0x3c77</load_address>
         <run_address>0x3c77</run_address>
         <size>0xe6</size>
         <input_file_ref idref="fl-cf"/>
      </object_component>
      <object_component id="oc-1c2">
         <name>.debug_str</name>
         <load_address>0x3d5d</load_address>
         <run_address>0x3d5d</run_address>
[...]
         <value>0x29e8</value>
         <object_component_ref idref="oc-73"/>
      </symbol>
      <symbol id="sm-e3">
         <name>esmError</name>
         <value>0x2654</value>
         <object_component_ref idref="oc-73"/>
      </symbol>
      <symbol id="sm-e4">
         <name>esmSetCounterPreloadValue</name>
         <value>0x28d4</value>
         <object_component_ref idref="oc-73"/>
      </symbol>
      <symbol id="sm-e5">
         <name>esmSetInterruptLevel</name>
         <value>0x27a0</value>
         <object_component_ref idref="oc-73"/>
      </symbol>
      <symbol id="sm-e6">
         <name>esmHighInterrupt</name>
         <value>0x3870</value>
         <object_component_ref idref="oc-1f"/>
      </symbol>
      <symbol id="sm-e7">
         <name>esmGetStatusUpper</name>
         <value>0x2978</value>
         <object_component_ref idref="oc-73"/>
      </symbol>
      <symbol id="sm-e8">
         <name>esmClearStatusBuffer</name>
         <value>0x28b8</value>
         <object_component_ref idref="oc-73"/>
      </symbol>
      <symbol id="sm-e9">
         <name>esmSetInterruptLevelUpper</name>
         <value>0x2814</value>
         <object_component_ref idref="oc-73"/>
      </symbol>
      <symbol id="sm-ea">
         <name>esmEnableInterrupt</name>
         <value>0x2718</value>
         <object_component_ref idref="oc-73"/>
      </symbol>
      <symbol id="sm-eb">
         <name>esmActivateNormalOperation</name>
         <value>0x2708</value>
         <object_component_ref idref="oc-73"/>
      </symbol>
      <symbol id="sm-ec">
         <name>esmEnableError</name>
         <value>0x2670</value>
         <object_component_ref idref="oc-73"/>
      </symbol>
      <symbol id="sm-ed">
         <name>esmTriggerErrorPinReset</name>
         <value>0x26f8</value>
         <object_component_ref idref="oc-73"/>
      </symbol>
      <symbol id="sm-ee">
         <name>esmDisableInterrupt</name>
         <value>0x275c</value>
         <object_component_ref idref="oc-73"/>
      </symbol>
      <symbol id="sm-ef">
         <name>esmGetConfigValue</name>
         <value>0x2ac0</value>
         <object_component_ref idref="oc-73"/>
      </symbol>
      <symbol id="sm-118">
         <name>sciNotification</name>
         <value>0x3d84</value>
         <object_component_ref idref="oc-67"/>
      </symbol>
      <symbol id="sm-119">
         <name>epcFIFOFullNotification</name>
         <value>0x3d9c</value>
         <object_component_ref idref="oc-67"/>
      </symbol>
      <symbol id="sm-11a">
         <name>esmGroup2Notification</name>
         <value>0x3d4c</value>
         <object_component_ref idref="oc-67"/>
      </symbol>
      <symbol id="sm-11b">
         <name>epcCAMFullNotification</name>
         <value>0x3d98</value>
         <object_component_ref idref="oc-67"/>
      </symbol>
      <symbol id="sm-11c">
         <name>esmGroup1Notification</name>
         <value>0x3d38</value>
         <object_component_ref idref="oc-67"/>
      </symbol>
      <symbol id="sm-11d">
         <name>esmGroup3Notification</name>
         <value>0x3d60</value>
         <object_component_ref idref="oc-67"/>
      </symbol>
      <symbol id="sm-11e">
         <name>dmaGroupANotification</name>
         <value>0x3d70</value>
         <object_component_ref idref="oc-67"/>
      </symbol>
      <symbol id="sm-18e">
         <name>muxInit</name>
         <value>0x20</value>
         <object_component_ref idref="oc-c1"/>
      </symbol>
      <symbol id="sm-1f0">
         <name>sciIsTxReady</name>
         <value>0x1e24</value>
         <object_component_ref idref="oc-106"/>
      </symbol>
      <symbol id="sm-1f1">
         <name>sciDisableLoopback</name>
         <value>0x21ac</value>
         <object_component_ref idref="oc-106"/>
      </symbol>
      <symbol id="sm-1f2">
         <name>sci3GetConfigValue</name>
         <value>0x2338</value>
         <object_component_ref idref="oc-106"/>
      </symbol>
      <symbol id="sm-1f3">
         <name>sciIsRxReady</name>
         <value>0x1fd4</value>
         <object_component_ref idref="oc-106"/>
      </symbol>
      <symbol id="sm-1f4">
         <name>sciSetBaudrate</name>
         <value>0x1d88</value>
         <object_component_ref idref="oc-106"/>
      </symbol>
      <symbol id="sm-1f5">
         <name>sciInit</name>
         <value>0x1c7c</value>
         <object_component_ref idref="oc-106"/>
      </symbol>
      <symbol id="sm-1f6">
         <name>sciEnableNotification</name>
         <value>0x21c8</value>
         <object_component_ref idref="oc-106"/>
      </symbol>
      <symbol id="sm-1f7">
         <name>sciReceive</name>
         <value>0x2068</value>
         <object_component_ref idref="oc-106"/>
      </symbol>
      <symbol id="sm-1f8">
         <name>sciExitResetState</name>
         <value>0x2318</value>
         <object_component_ref idref="oc-106"/>
      </symbol>
      <symbol id="sm-1f9">
         <name>sciSetFunctional</name>
         <value>0x1d68</value>
         <object_component_ref idref="oc-106"/>
      </symbol>
      <symbol id="sm-1fa">
         <name>sciDisableNotification</name>
         <value>0x2260</value>
         <object_component_ref idref="oc-106"/>
      </symbol>
      <symbol id="sm-1fb">
         <name>sciSend</name>
         <value>0x1e70</value>
         <object_component_ref idref="oc-106"/>
      </symbol>
      <symbol id="sm-1fc">
         <name>sciRxError</name>
         <value>0x200c</value>
         <object_component_ref idref="oc-106"/>
      </symbol>
      <symbol id="sm-1fd">
         <name>sciReceiveByte</name>
         <value>0x203c</value>
         <object_component_ref idref="oc-106"/>
      </symbol>
      <symbol id="sm-1fe">
         <name>sciSendByte</name>
         <value>0x1e40</value>
         <object_component_ref idref="oc-106"/>
      </symbol>
      <symbol id="sm-1ff">
         <name>sciEnableLoopback</name>
         <value>0x2178</value>
         <object_component_ref idref="oc-106"/>
      </symbol>
      <symbol id="sm-200">
         <name>sciIsIdleDetected</name>
         <value>0x1ff0</value>
         <object_component_ref idref="oc-106"/>
      </symbol>
      <symbol id="sm-201">
         <name>sciEnterResetState</name>
         <value>0x22f8</value>
         <object_component_ref idref="oc-106"/>
      </symbol>
      <symbol id="sm-22d">
         <name>_iCacheInvalidate_</name>
         <value>0x302c</value>
         <object_component_ref idref="oc-62"/>
      </symbol>
      <symbol id="sm-22e">
         <name>_disable_IRQ_interrupt_</name>
         <value>0x2ebc</value>
         <object_component_ref idref="oc-62"/>
      </symbol>
      <symbol id="sm-22f">
         <name>_coreGetInstructionFaultAddress_</name>
         <value>0x2e80</value>
         <object_component_ref idref="oc-62"/>
      </symbol>
      <symbol id="sm-230">
         <name>_coreGetDataFault_</name>
         <value>0x2e44</value>
         <object_component_ref idref="oc-62"/>
      </symbol>
      <symbol id="sm-231">
         <name>_coreDisableEventBusExport_</name>
         <value>0x2e24</value>
         <object_component_ref idref="oc-62"/>
      </symbol>
      <symbol id="sm-232">
         <name>_coreClearDataFaultAddress_</name>
         <value>0x2e74</value>
         <object_component_ref idref="oc-62"/>
      </symbol>
      <symbol id="sm-233">
         <name>__TI_PINIT_Base</name>
         <value>0x3040</value>
         <object_component_ref idref="oc-62"/>
      </symbol>
      <symbol id="sm-234">
         <name>_coreInitRegisters_</name>
         <value>0x2c84</value>
         <object_component_ref idref="oc-62"/>
      </symbol>
      <symbol id="sm-235">
         <name>_coreClearInstructionFaultAddress_</name>
         <value>0x2e88</value>
         <object_component_ref idref="oc-62"/>
      </symbol>
      <symbol id="sm-236">
         <name>_coreClearDataFault_</name>
         <value>0x2e4c</value>
         <object_component_ref idref="oc-62"/>
      </symbol>
      <symbol id="sm-237">
         <name>_coreGetAuxiliaryDataFault_</name>
         <value>0x2e94</value>
         <object_component_ref idref="oc-62"/>
      </symbol>
      <symbol id="sm-238">
         <name>_enable_interrupt_</name>
         <value>0x2ecc</value>
         <object_component_ref idref="oc-62"/>
      </symbol>
      <symbol id="sm-239">
         <name>_coreClearAuxiliaryInstructionFault_</name>
         <value>0x2eb0</value>
         <object_component_ref idref="oc-62"/>
      </symbol>
      <symbol id="sm-23a">
         <name>_memInit_</name>
         <value>0x2f5c</value>
         <object_component_ref idref="oc-62"/>
      </symbol>
      <symbol id="sm-23b">
         <name>_dCacheInvalidate_</name>
         <value>0x3018</value>
         <object_component_ref idref="oc-62"/>
      </symbol>
      <symbol id="sm-23c">
         <name>_coreGetDataFaultAddress_</name>
         <value>0x2e6c</value>
         <object_component_ref idref="oc-62"/>
      </symbol>
      <symbol id="sm-23d">
         <name>_coreClearInstructionFault_</name>
         <value>0x2e60</value>
         <object_component_ref idref="oc-62"/>
      </symbol>
      <symbol id="sm-23e">
         <name>_getCPSRValue_</name>
         <value>0x2ddc</value>
         <object_component_ref idref="oc-62"/>
      </symbol>
      <symbol id="sm-23f">
         <name>_cacheDisable_</name>
         <value>0x2ff4</value>
         <object_component_ref idref="oc-62"/>
      </symbol>
      <symbol id="sm-240">
         <name>_enable_IRQ_interrupt_</name>
         <value>0x2ec4</value>
         <object_component_ref idref="oc-62"/>
      </symbol>
      <symbol id="sm-241">
         <name>__TI_PINIT_Limit</name>
         <value>0x3044</value>
         <object_component_ref idref="oc-62"/>
      </symbol>
      <symbol id="sm-242">
         <name>_coreGetAuxiliaryInstructionFault_</name>
         <value>0x2ea8</value>
         <object_component_ref idref="oc-62"/>
      </symbol>
      <symbol id="sm-243">
         <name>_coreInitStackPointer_</name>
         <value>0x2d90</value>
         <object_component_ref idref="oc-62"/>
      </symbol>
      <symbol id="sm-244">
         <name>_esmCcmErrorsClear_</name>
         <value>0x2ed4</value>
         <object_component_ref idref="oc-62"/>
      </symbol>
      <symbol id="sm-245">
         <name>_gotoCPUIdle_</name>
         <value>0x2de4</value>
         <object_component_ref idref="oc-62"/>
      </symbol>
      <symbol id="sm-246">
         <name>_coreEnableIrqVicOffset_</name>
         <value>0x2e34</value>
         <object_component_ref idref="oc-62"/>
      </symbol>
      <symbol id="sm-247">
         <name>_coreGetInstructionFault_</name>
         <value>0x2e58</value>
         <object_component_ref idref="oc-62"/>
      </symbol>
      <symbol id="sm-248">
         <name>_cacheEnable_</name>
         <value>0x2fb0</value>
         <object_component_ref idref="oc-62"/>
      </symbol>
      <symbol id="sm-249">
         <name>_coreEnableVfp_</name>
         <value>0x2dfc</value>
         <object_component_ref idref="oc-62"/>
      </symbol>
      <symbol id="sm-24a">
         <name>_coreClearAuxiliaryDataFault_</name>
         <value>0x2e9c</value>
         <object_component_ref idref="oc-62"/>
      </symbol>
      <symbol id="sm-24b">
         <name>_coreEnableEventBusExport_</name>
         <value>0x2e14</value>
         <object_component_ref idref="oc-62"/>
      </symbol>
      <symbol id="sm-24c">
         <name>_checkMemInitOn_</name>
         <value>0x2f90</value>
         <object_component_ref idref="oc-62"/>
      </symbol>
      <symbol id="sm-25a">
         <name>resetEntry</name>
         <value>0x0</value>
         <object_component_ref idref="oc-28"/>
      </symbol>
      <symbol id="sm-279">
         <name>sciDisplayText</name>
         <value>0x3b40</value>
         <object_component_ref idref="oc-7f"/>
      </symbol>
      <symbol id="sm-27a">
         <name>TX_DATA</name>
         <value>0x8001550</value>
         <object_component_ref idref="oc-10c"/>
      </symbol>
      <symbol id="sm-27b">
         <name>main</name>
         <value>0x3b1c</value>
         <object_component_ref idref="oc-7f"/>
      </symbol>
      <symbol id="sm-27c">
         <name>delay</name>
         <value>0x3ba0</value>
         <object_component_ref idref="oc-7f"/>
      </symbol>
      <symbol id="sm-297">
         <name>_mpuSetRegionBaseAddress_</name>
         <value>0x3378</value>
         <object_component_ref idref="oc-79"/>
      </symbol>
      <symbol id="sm-298">
         <name>_mpuInit_</name>
         <value>0x3048</value>
         <object_component_ref idref="oc-79"/>
      </symbol>
      <symbol id="sm-299">
         <name>_mpuSetRegionSizeRegister_</name>
         <value>0x33ac</value>
         <object_component_ref idref="oc-79"/>
      </symbol>
      <symbol id="sm-29a">
         <name>_mpuDisableBackgroundRegion_</name>
         <value>0x3340</value>
         <object_component_ref idref="oc-79"/>
      </symbol>
      <symbol id="sm-29b">
         <name>_mpuSetRegionTypeAndPermission_</name>
         <value>0x3388</value>
         <object_component_ref idref="oc-79"/>
      </symbol>
      <symbol id="sm-29c">
         <name>_mpuGetRegionPermission_</name>
         <value>0x33a0</value>
         <object_component_ref idref="oc-79"/>
      </symbol>
      <symbol id="sm-29d">
         <name>_mpuEnable_</name>
         <value>0x3300</value>
         <object_component_ref idref="oc-79"/>
      </symbol>
      <symbol id="sm-29e">
         <name>_mpuGetNumberOfRegions_</name>
         <value>0x3350</value>
         <object_component_ref idref="oc-79"/>
      </symbol>
      <symbol id="sm-29f">
         <name>_mpuAreRegionsSeparate_</name>
         <value>0x335c</value>
         <object_component_ref idref="oc-79"/>
      </symbol>
      <symbol id="sm-2a0">
         <name>_mpuEnableBackgroundRegion_</name>
         <value>0x3330</value>
         <object_component_ref idref="oc-79"/>
      </symbol>
      <symbol id="sm-2a1">
         <name>_mpuGetRegionType_</name>
         <value>0x3394</value>
         <object_component_ref idref="oc-79"/>
      </symbol>
      <symbol id="sm-2a2">
         <name>_mpuDisable_</name>
         <value>0x3318</value>
         <object_component_ref idref="oc-79"/>
      </symbol>
      <symbol id="sm-2a3">
         <name>_mpuGetRegionBaseAddress_</name>
         <value>0x3380</value>
         <object_component_ref idref="oc-79"/>
      </symbol>
      <symbol id="sm-2a4">
         <name>_mpuSetRegion_</name>
         <value>0x3368</value>
         <object_component_ref idref="oc-79"/>
      </symbol>
      <symbol id="sm-2a5">
         <name>_mpuGetRegion_</name>
         <value>0x3370</value>
         <object_component_ref idref="oc-79"/>
      </symbol>
      <symbol id="sm-2b8">
         <name>phantomInterrupt</name>
         <value>0x3e50</value>
         <object_component_ref idref="oc-2d"/>
      </symbol>
      <symbol id="sm-2cc">
         <name>_c_int00</name>
         <value>0x3bf4</value>
         <object_component_ref idref="oc-19"/>
      </symbol>
      <symbol id="sm-36f">
         <name>vimChannelMap</name>
         <value>0x1418</value>
         <object_component_ref idref="oc-37"/>
      </symbol>
      <symbol id="sm-370">
         <name>vimInit</name>
         <value>0x1344</value>
         <object_component_ref idref="oc-37"/>
      </symbol>
      <symbol id="sm-371">
         <name>vimEnableInterrupt</name>
         <value>0x14bc</value>
         <object_component_ref idref="oc-37"/>
      </symbol>
      <symbol id="sm-372">
         <name>vimDisableInterrupt</name>
         <value>0x1684</value>
         <object_component_ref idref="oc-37"/>
      </symbol>
      <symbol id="sm-373">
         <name>vimGetConfigValue</name>
         <value>0x1730</value>
         <object_component_ref idref="oc-37"/>
      </symbol>
      <symbol id="sm-374">
         <name>vimECCErrorHandler</name>
         <value>0x33b4</value>
         <object_component_ref idref="oc-33"/>
      </symbol>
      <symbol id="sm-3c2">
         <name>systemGetConfigValue</name>
         <value>0xe7c</value>
         <object_component_ref idref="oc-6d"/>
      </symbol>
      <symbol id="sm-3c3">
         <name>trimLPO</name>
         <value>0xa48</value>
         <object_component_ref idref="oc-6d"/>
      </symbol>
      <symbol id="sm-3c4">
         <name>systemInit</name>
         <value>0xcb0</value>
         <object_component_ref idref="oc-6d"/>
      </symbol>
      <symbol id="sm-3c5">
         <name>periphInit</name>
         <value>0xad0</value>
         <object_component_ref idref="oc-6d"/>
      </symbol>
      <symbol id="sm-3c6">
         <name>setupFlash</name>
         <value>0xa90</value>
         <object_component_ref idref="oc-6d"/>
      </symbol>
      <symbol id="sm-3c7">
         <name>setupPLL</name>
         <value>0x9e8</value>
         <object_component_ref idref="oc-6d"/>
      </symbol>
      <symbol id="sm-3c8">
         <name>getResetSource</name>
         <value>0xd54</value>
         <object_component_ref idref="oc-6d"/>
      </symbol>
      <symbol id="sm-3c9">
         <name>mapClocks</name>
         <value>0xb84</value>
         <object_component_ref idref="oc-6d"/>
      </symbol>
      <symbol id="sm-3ca">
         <name>systemPowerDown</name>
         <value>0xd24</value>
         <object_component_ref idref="oc-6d"/>
      </symbol>
      <symbol id="sm-3f3">
         <name>floorl</name>
         <value>0x39e8</value>
         <object_component_ref idref="oc-195"/>
      </symbol>
      <symbol id="sm-3f4">
         <name>floor</name>
         <value>0x39e8</value>
         <object_component_ref idref="oc-195"/>
      </symbol>
      <symbol id="sm-41c">
         <name>__TI_auto_init_nobinit_nopinit</name>
         <value>0x3dac</value>
         <object_component_ref idref="oc-d6"/>
      </symbol>
      <symbol id="sm-435">
         <name>__TI_zero_init_nomemset</name>
         <value>0x3e14</value>
         <object_component_ref idref="oc-56"/>
      </symbol>
      <symbol id="sm-44c">
         <name>__TI_decompress_none</name>
         <value>0x3e34</value>
         <object_component_ref idref="oc-12"/>
      </symbol>
      <symbol id="sm-46f">
         <name>__TI_decompress_lzss</name>
         <value>0x3ca8</value>
         <object_component_ref idref="oc-c"/>
      </symbol>
      <symbol id="sm-47a">
         <name>C$$EXIT</name>
         <value>0x3e48</value>
         <object_component_ref idref="oc-116"/>
      </symbol>
      <symbol id="sm-47b">
         <name>abort</name>
         <value>0x3e48</value>
         <object_component_ref idref="oc-116"/>
      </symbol>
      <symbol id="sm-495">
         <name>memcpy</name>
         <value>0x36f0</value>
         <object_component_ref idref="oc-4a"/>
      </symbol>
      <symbol id="sm-496">
         <name>__aeabi_memcpy</name>
         <value>0x36f0</value>
         <object_component_ref idref="oc-4a"/>
      </symbol>
      <symbol id="sm-497">
         <name>__aeabi_memcpy8</name>
         <value>0x36f0</value>
         <object_component_ref idref="oc-4a"/>
      </symbol>
      <symbol id="sm-498">
         <name>__aeabi_memcpy4</name>
         <value>0x36f0</value>
         <object_component_ref idref="oc-4a"/>
      </symbol>
      <symbol id="sm-49a">
         <name>__TI_static_base__</name>
         <value>0x0</value>
      </symbol>
      <symbol id="sm-49d">
         <name>SHT$$INIT_ARRAY$$Base</name>
         <value>0x0</value>
      </symbol>
      <symbol id="sm-49e">
         <name>SHT$$INIT_ARRAY$$Limit</name>
         <value>0x0</value>
      </symbol>
      <symbol id="sm-49f">
         <name>_system_post_cinit</name>
         <value>0x0</value>
      </symbol>
   </symbol_table>
   <title>Link successful</title>
</link_info>
