<?xml version="1.0"?>
<link_info>
   <banner>TI ARM Linker PC v16.9.7.LTS</banner>
   <copyright>Copyright (c) 1996-2017 Texas Instruments Incorporated</copyright>
   <link_time>0x5ab2dff4</link_time>
   <link_errors>0x0</link_errors>
   <output_file>PWM_Basic.out</output_file>
   <entry_point>
      <name>_c_int00</name>
      <address>0x3a70</address>
   </entry_point>
   <input_file_list>
      <input_file id="fl-2">
         <path>.\source\</path>
         <kind>object</kind>
         <file>HL_epc.obj</file>
         <name>HL_epc.obj</name>
      </input_file>
      <input_file id="fl-3">
         <path>.\source\</path>
         <kind>object</kind>
         <file>HL_errata.obj</file>
         <name>HL_errata.obj</name>
      </input_file>
      <input_file id="fl-4">
         <path>.\source\</path>
         <kind>object</kind>
         <file>HL_esm.obj</file>
         <name>HL_esm.obj</name>
      </input_file>
      <input_file id="fl-5">
         <path>.\source\</path>
         <kind>object</kind>
         <file>HL_het.obj</file>
         <name>HL_het.obj</name>
      </input_file>
      <input_file id="fl-6">
         <path>.\source\</path>
         <kind>object</kind>
         <file>HL_nmpu.obj</file>
         <name>HL_nmpu.obj</name>
      </input_file>
      <input_file id="fl-7">
         <path>.\source\</path>
         <kind>object</kind>
         <file>HL_notification.obj</file>
         <name>HL_notification.obj</name>
      </input_file>
      <input_file id="fl-8">
         <path>.\source\</path>
         <kind>object</kind>
         <file>HL_pinmux.obj</file>
         <name>HL_pinmux.obj</name>
      </input_file>
      <input_file id="fl-9">
         <path>.\source\</path>
         <kind>object</kind>
         <file>HL_sys_core.obj</file>
         <name>HL_sys_core.obj</name>
      </input_file>
      <input_file id="fl-a">
         <path>.\source\</path>
         <kind>object</kind>
         <file>HL_sys_dma.obj</file>
         <name>HL_sys_dma.obj</name>
      </input_file>
      <input_file id="fl-b">
         <path>.\source\</path>
         <kind>object</kind>
         <file>HL_sys_intvecs.obj</file>
         <name>HL_sys_intvecs.obj</name>
      </input_file>
      <input_file id="fl-c">
         <path>.\source\</path>
         <kind>object</kind>
         <file>HL_sys_main.obj</file>
         <name>HL_sys_main.obj</name>
      </input_file>
      <input_file id="fl-d">
         <path>.\source\</path>
         <kind>object</kind>
         <file>HL_sys_mpu.obj</file>
         <name>HL_sys_mpu.obj</name>
      </input_file>
      <input_file id="fl-e">
         <path>.\source\</path>
         <kind>object</kind>
         <file>HL_sys_pcr.obj</file>
         <name>HL_sys_pcr.obj</name>
      </input_file>
      <input_file id="fl-f">
         <path>.\source\</path>
         <kind>object</kind>
         <file>HL_sys_phantom.obj</file>
         <name>HL_sys_phantom.obj</name>
      </input_file>
      <input_file id="fl-10">
         <path>.\source\</path>
         <kind>object</kind>
         <file>HL_sys_pmm.obj</file>
         <name>HL_sys_pmm.obj</name>
      </input_file>
      <input_file id="fl-11">
         <path>.\source\</path>
         <kind>object</kind>
         <file>HL_sys_pmu.obj</file>
         <name>HL_sys_pmu.obj</name>
      </input_file>
      <input_file id="fl-12">
         <path>.\source\</path>
         <kind>object</kind>
         <file>HL_sys_startup.obj</file>
         <name>HL_sys_startup.obj</name>
      </input_file>
      <input_file id="fl-13">
         <path>.\source\</path>
         <kind>object</kind>
         <file>HL_sys_vim.obj</file>
         <name>HL_sys_vim.obj</name>
      </input_file>
      <input_file id="fl-14">
         <path>.\source\</path>
         <kind>object</kind>
         <file>HL_system.obj</file>
         <name>HL_system.obj</name>
      </input_file>
      <input_file id="fl-18">
         <kind>object</kind>
         <file>&lt;internal&gt;</file>
         <name>&lt;internal&gt;</name>
      </input_file>
      <input_file id="fl-ce">
         <path>C:\ti\ccsv7\tools\compiler\ti-cgt-arm_16.9.7.LTS\lib\</path>
         <kind>archive</kind>
         <file>rtsv7R4_A_le_v3D16_eabi.lib</file>
         <name>autoinit.obj</name>
      </input_file>
      <input_file id="fl-cf">
         <path>C:\ti\ccsv7\tools\compiler\ti-cgt-arm_16.9.7.LTS\lib\</path>
         <kind>archive</kind>
         <file>rtsv7R4_A_le_v3D16_eabi.lib</file>
         <name>copy_decompress_lzss.obj</name>
      </input_file>
      <input_file id="fl-d0">
         <path>C:\ti\ccsv7\tools\compiler\ti-cgt-arm_16.9.7.LTS\lib\</path>
         <kind>archive</kind>
         <file>rtsv7R4_A_le_v3D16_eabi.lib</file>
         <name>copy_decompress_none.obj</name>
      </input_file>
      <input_file id="fl-d1">
         <path>C:\ti\ccsv7\tools\compiler\ti-cgt-arm_16.9.7.LTS\lib\</path>
         <kind>archive</kind>
         <file>rtsv7R4_A_le_v3D16_eabi.lib</file>
         <name>copy_zero_init.obj</name>
      </input_file>
      <input_file id="fl-d2">
         <path>C:\ti\ccsv7\tools\compiler\ti-cgt-arm_16.9.7.LTS\lib\</path>
         <kind>archive</kind>
         <file>rtsv7R4_A_le_v3D16_eabi.lib</file>
         <name>cpy_tbl.obj</name>
      </input_file>
      <input_file id="fl-d3">
         <path>C:\ti\ccsv7\tools\compiler\ti-cgt-arm_16.9.7.LTS\lib\</path>
         <kind>archive</kind>
         <file>rtsv7R4_A_le_v3D16_eabi.lib</file>
         <name>exit.obj</name>
      </input_file>
      <input_file id="fl-d4">
         <path>C:\ti\ccsv7\tools\compiler\ti-cgt-arm_16.9.7.LTS\lib\</path>
         <kind>archive</kind>
         <file>rtsv7R4_A_le_v3D16_eabi.lib</file>
         <name>memcpy32.obj</name>
      </input_file>
      <input_file id="fl-d5">
         <path>C:\ti\ccsv7\tools\compiler\ti-cgt-arm_16.9.7.LTS\lib\</path>
         <kind>archive</kind>
         <file>rtsv7R4_A_le_v3D16_eabi.lib</file>
         <name>memset32.obj</name>
      </input_file>
      <input_file id="fl-d6">
         <path>C:\ti\ccsv7\tools\compiler\ti-cgt-arm_16.9.7.LTS\lib\</path>
         <kind>archive</kind>
         <file>rtsv7R4_A_le_v3D16_eabi.lib</file>
         <name>startup.obj</name>
      </input_file>
      <input_file id="fl-d7">
         <path>C:\ti\ccsv7\tools\compiler\ti-cgt-arm_16.9.7.LTS\lib\</path>
         <kind>archive</kind>
         <file>rtsv7R4_A_le_v3D16_eabi.lib</file>
         <name>u_div32.obj</name>
      </input_file>
      <input_file id="fl-d8">
         <path>C:\ti\ccsv7\tools\compiler\ti-cgt-arm_16.9.7.LTS\lib\</path>
         <kind>archive</kind>
         <file>rtsv7R4_A_le_v3D16_eabi.lib</file>
         <name>_lock.obj</name>
      </input_file>
      <input_file id="fl-d9">
         <path>C:\ti\ccsv7\tools\compiler\ti-cgt-arm_16.9.7.LTS\lib\</path>
         <kind>archive</kind>
         <file>rtsv7R4_A_le_v3D16_eabi.lib</file>
         <name>i_div0.obj</name>
      </input_file>
   </input_file_list>
   <object_component_list>
      <object_component id="oc-2d">
         <name>.intvecs</name>
         <load_address>0x0</load_address>
         <run_address>0x0</run_address>
         <size>0x20</size>
         <input_file_ref idref="fl-b"/>
      </object_component>
      <object_component id="oc-cb">
         <name>.text</name>
         <load_address>0x20</load_address>
         <run_address>0x20</run_address>
         <size>0x9c0</size>
         <input_file_ref idref="fl-8"/>
      </object_component>
      <object_component id="oc-72">
         <name>.text</name>
         <load_address>0x9e0</load_address>
         <run_address>0x9e0</run_address>
         <size>0x95c</size>
         <input_file_ref idref="fl-14"/>
      </object_component>
      <object_component id="oc-39">
         <name>.text</name>
         <load_address>0x133c</load_address>
         <run_address>0x133c</run_address>
         <size>0x938</size>
         <input_file_ref idref="fl-13"/>
      </object_component>
      <object_component id="oc-ee">
         <name>.text</name>
         <load_address>0x1c74</load_address>
         <run_address>0x1c74</run_address>
         <size>0x8f0</size>
         <input_file_ref idref="fl-5"/>
      </object_component>
      <object_component id="oc-78">
         <name>.text</name>
         <load_address>0x2564</load_address>
         <run_address>0x2564</run_address>
         <size>0x7a8</size>
         <input_file_ref idref="fl-4"/>
      </object_component>
      <object_component id="oc-67">
         <name>.text</name>
         <load_address>0x2d0c</load_address>
         <run_address>0x2d0c</run_address>
         <size>0x3c4</size>
         <input_file_ref idref="fl-9"/>
      </object_component>
      <object_component id="oc-7e">
         <name>.text</name>
         <load_address>0x30d0</load_address>
         <run_address>0x30d0</run_address>
         <size>0x36c</size>
         <input_file_ref idref="fl-d"/>
      </object_component>
      <object_component id="oc-38">
         <name>.text:retain</name>
         <load_address>0x343c</load_address>
         <run_address>0x343c</run_address>
         <size>0x33c</size>
         <input_file_ref idref="fl-13"/>
      </object_component>
      <object_component id="oc-4f">
         <name>.text</name>
         <load_address>0x3778</load_address>
         <run_address>0x3778</run_address>
         <size>0x180</size>
         <input_file_ref idref="fl-d4"/>
      </object_component>
      <object_component id="oc-24">
         <name>.text:retain</name>
         <load_address>0x38f8</load_address>
         <run_address>0x38f8</run_address>
         <size>0x178</size>
         <input_file_ref idref="fl-4"/>
      </object_component>
      <object_component id="oc-1e">
         <name>.text:retain</name>
         <load_address>0x3a70</load_address>
         <run_address>0x3a70</run_address>
         <size>0xb4</size>
         <input_file_ref idref="fl-12"/>
      </object_component>
      <object_component id="oc-83">
         <name>.text</name>
         <load_address>0x3b24</load_address>
         <run_address>0x3b24</run_address>
         <size>0xa8</size>
         <input_file_ref idref="fl-ce"/>
      </object_component>
      <object_component id="oc-6c">
         <name>.text</name>
         <load_address>0x3bcc</load_address>
         <run_address>0x3bcc</run_address>
         <size>0xa0</size>
         <input_file_ref idref="fl-7"/>
      </object_component>
      <object_component id="oc-c">
         <name>.text:decompress:lzss</name>
         <load_address>0x3c6c</load_address>
         <run_address>0x3c6c</run_address>
         <size>0x90</size>
         <input_file_ref idref="fl-cf"/>
      </object_component>
      <object_component id="oc-8f">
         <name>.text</name>
         <load_address>0x3cfc</load_address>
         <run_address>0x3cfc</run_address>
         <size>0x90</size>
         <input_file_ref idref="fl-d3"/>
      </object_component>
      <object_component id="oc-e0">
         <name>.text</name>
         <load_address>0x3d8c</load_address>
         <run_address>0x3d8c</run_address>
         <size>0x84</size>
         <input_file_ref idref="fl-d2"/>
      </object_component>
      <object_component id="oc-89">
         <name>.text</name>
         <load_address>0x3e10</load_address>
         <run_address>0x3e10</run_address>
         <size>0x58</size>
         <input_file_ref idref="fl-c"/>
      </object_component>
      <object_component id="oc-165">
         <name>.text</name>
         <load_address>0x3e68</load_address>
         <run_address>0x3e68</run_address>
         <size>0x50</size>
         <input_file_ref idref="fl-d7"/>
      </object_component>
      <object_component id="oc-17b">
         <name>.text</name>
         <load_address>0x3eb8</load_address>
         <run_address>0x3eb8</run_address>
         <size>0x24</size>
         <input_file_ref idref="fl-d8"/>
      </object_component>
      <object_component id="oc-12">
         <name>.text:decompress:none</name>
         <load_address>0x3edc</load_address>
         <run_address>0x3edc</run_address>
         <size>0x14</size>
         <input_file_ref idref="fl-d0"/>
      </object_component>
      <object_component id="oc-32">
         <name>.text:retain</name>
         <load_address>0x3ef0</load_address>
         <run_address>0x3ef0</run_address>
         <size>0x4</size>
         <input_file_ref idref="fl-f"/>
      </object_component>
      <object_component id="oc-197">
         <name>.text</name>
         <load_address>0x3ef4</load_address>
         <run_address>0x3ef4</run_address>
         <size>0x4</size>
         <input_file_ref idref="fl-d9"/>
      </object_component>
      <object_component id="oc-e6">
         <name>.text</name>
         <load_address>0x3ef8</load_address>
         <run_address>0x3ef8</run_address>
         <size>0x4</size>
         <input_file_ref idref="fl-d6"/>
      </object_component>
      <object_component id="oc-16a">
         <name>.const:het1PROGRAM</name>
         <load_address>0x3f00</load_address>
         <run_address>0x3f00</run_address>
         <size>0x3a0</size>
         <input_file_ref idref="fl-5"/>
      </object_component>
      <object_component id="oc-2a">
         <name>.const:s_vim_init</name>
         <load_address>0x42a0</load_address>
         <run_address>0x42a0</run_address>
         <size>0x200</size>
         <input_file_ref idref="fl-13"/>
      </object_component>
      <object_component id="oc-16d">
         <name>.const:s_het1pwmPolarity</name>
         <load_address>0x44a0</load_address>
         <run_address>0x44a0</run_address>
         <size>0x20</size>
         <input_file_ref idref="fl-5"/>
      </object_component>
      <object_component id="oc-1ca">
         <name>.cinit..data.load</name>
         <load_address>0x44c0</load_address>
         <run_address>0x44c0</run_address>
         <size>0xe</size>
      </object_component>
      <object_component id="oc-1c8">
         <name>__TI_handler_table</name>
         <load_address>0x44d0</load_address>
         <run_address>0x44d0</run_address>
         <size>0x8</size>
      </object_component>
      <object_component id="oc-1c9">
         <name>__TI_cinit_table</name>
         <load_address>0x44d8</load_address>
         <run_address>0x44d8</run_address>
         <size>0x8</size>
      </object_component>
      <object_component id="oc-fb">
         <name>.data:$O1$$</name>
         <load_address>0x8001500</load_address>
         <run_address>0x8001500</run_address>
         <size>0xc</size>
         <input_file_ref idref="fl-d3"/>
      </object_component>
      <object_component id="oc-fe">
         <name>.data:$O1$$</name>
         <load_address>0x800150c</load_address>
         <run_address>0x800150c</run_address>
         <size>0x8</size>
         <input_file_ref idref="fl-d8"/>
      </object_component>
      <object_component id="oc-133">
         <name>.debug_info</name>
         <load_address>0x0</load_address>
         <run_address>0x0</run_address>
         <size>0x36d</size>
         <input_file_ref idref="fl-2"/>
      </object_component>
      <object_component id="oc-d2">
         <name>.debug_info</name>
         <load_address>0x36d</load_address>
         <run_address>0x36d</run_address>
         <size>0x429</size>
         <input_file_ref idref="fl-2"/>
      </object_component>
      <object_component id="oc-97">
         <name>.debug_info</name>
         <load_address>0x796</load_address>
         <run_address>0x796</run_address>
         <size>0x157</size>
         <input_file_ref idref="fl-2"/>
      </object_component>
      <object_component id="oc-f5">
         <name>.debug_info</name>
         <load_address>0x8ed</load_address>
         <run_address>0x8ed</run_address>
         <size>0x8b</size>
         <input_file_ref idref="fl-2"/>
      </object_component>
      <object_component id="oc-a2">
         <name>.debug_info</name>
         <load_address>0x978</load_address>
         <run_address>0x978</run_address>
         <size>0x18c</size>
         <input_file_ref idref="fl-2"/>
      </object_component>
      <object_component id="oc-104">
         <name>.debug_info</name>
         <load_address>0xb04</load_address>
         <run_address>0xb04</run_address>
         <size>0x18b</size>
         <input_file_ref idref="fl-2"/>
      </object_component>
      <object_component id="oc-a7">
         <name>.debug_info</name>
         <load_address>0xc8f</load_address>
         <run_address>0xc8f</run_address>
         <size>0x86</size>
         <input_file_ref idref="fl-2"/>
      </object_component>
      <object_component id="oc-10b">
         <name>.debug_info</name>
         <load_address>0xd15</load_address>
         <run_address>0xd15</run_address>
         <size>0x102</size>
         <input_file_ref idref="fl-2"/>
      </object_component>
      <object_component id="oc-13d">
         <name>.debug_info</name>
         <load_address>0xe17</load_address>
         <run_address>0xe17</run_address>
         <size>0x142</size>
         <input_file_ref idref="fl-2"/>
      </object_component>
      <object_component id="oc-110">
         <name>.debug_info</name>
         <load_address>0xf59</load_address>
         <run_address>0xf59</run_address>
         <size>0x285</size>
         <input_file_ref idref="fl-2"/>
      </object_component>
      <object_component id="oc-115">
         <name>.debug_info</name>
         <load_address>0x11de</load_address>
         <run_address>0x11de</run_address>
         <size>0x44a</size>
         <input_file_ref idref="fl-2"/>
      </object_component>
      <object_component id="oc-11a">
         <name>.debug_info</name>
         <load_address>0x1628</load_address>
         <run_address>0x1628</run_address>
         <size>0x1f9</size>
         <input_file_ref idref="fl-2"/>
      </object_component>
      <object_component id="oc-11f">
         <name>.debug_info</name>
         <load_address>0x1821</load_address>
         <run_address>0x1821</run_address>
         <size>0x152</size>
         <input_file_ref idref="fl-2"/>
      </object_component>
      <object_component id="oc-124">
         <name>.debug_info</name>
         <load_address>0x1973</load_address>
         <run_address>0x1973</run_address>
         <size>0x70a</size>
         <input_file_ref idref="fl-2"/>
      </object_component>
      <object_component id="oc-129">
         <name>.debug_info</name>
         <load_address>0x207d</load_address>
         <run_address>0x207d</run_address>
         <size>0x36d</size>
         <input_file_ref idref="fl-2"/>
      </object_component>
      <object_component id="oc-de">
         <name>.debug_info</name>
         <load_address>0x23ea</load_address>
         <run_address>0x23ea</run_address>
         <size>0x339</size>
         <input_file_ref idref="fl-4"/>
      </object_component>
      <object_component id="oc-7b">
         <name>.debug_info</name>
         <load_address>0x2723</load_address>
         <run_address>0x2723</run_address>
         <size>0x10c0</size>
         <input_file_ref idref="fl-4"/>
      </object_component>
      <object_component id="oc-27">
         <name>.debug_info</name>
         <load_address>0x37e3</load_address>
         <run_address>0x37e3</run_address>
         <size>0x1a8</size>
         <input_file_ref idref="fl-4"/>
      </object_component>
      <object_component id="oc-d9">
         <name>.debug_info</name>
         <load_address>0x398b</load_address>
         <run_address>0x398b</run_address>
         <size>0x168</size>
         <input_file_ref idref="fl-4"/>
      </object_component>
      <object_component id="oc-171">
         <name>.debug_info</name>
         <load_address>0x3af3</load_address>
         <run_address>0x3af3</run_address>
         <size>0x331</size>
         <input_file_ref idref="fl-5"/>
      </object_component>
      <object_component id="oc-16e">
         <name>.debug_info</name>
         <load_address>0x3e24</load_address>
         <run_address>0x3e24</run_address>
         <size>0xe9</size>
         <input_file_ref idref="fl-5"/>
      </object_component>
      <object_component id="oc-16b">
         <name>.debug_info</name>
         <load_address>0x3f0d</load_address>
         <run_address>0x3f0d</run_address>
         <size>0xdd</size>
         <input_file_ref idref="fl-5"/>
      </object_component>
      <object_component id="oc-ef">
         <name>.debug_info</name>
         <load_address>0x3fea</load_address>
         <run_address>0x3fea</run_address>
         <size>0xdc5</size>
         <input_file_ref idref="fl-5"/>
      </object_component>
      <object_component id="oc-bc">
         <name>.debug_info</name>
         <load_address>0x4daf</load_address>
         <run_address>0x4daf</run_address>
         <size>0x2c</size>
         <input_file_ref idref="fl-5"/>
      </object_component>
      <object_component id="oc-142">
         <name>.debug_info</name>
         <load_address>0x4ddb</load_address>
         <run_address>0x4ddb</run_address>
         <size>0x3d3</size>
         <input_file_ref idref="fl-5"/>
      </object_component>
      <object_component id="oc-172">
         <name>.debug_info</name>
         <load_address>0x51ae</load_address>
         <run_address>0x51ae</run_address>
         <size>0x2e3</size>
         <input_file_ref idref="fl-5"/>
      </object_component>
      <object_component id="oc-c5">
         <name>.debug_info</name>
         <load_address>0x5491</load_address>
         <run_address>0x5491</run_address>
         <size>0x377</size>
         <input_file_ref idref="fl-7"/>
      </object_component>
      <object_component id="oc-6f">
         <name>.debug_info</name>
         <load_address>0x5808</load_address>
         <run_address>0x5808</run_address>
         <size>0x7e3</size>
         <input_file_ref idref="fl-7"/>
      </object_component>
      <object_component id="oc-138">
         <name>.debug_info</name>
         <load_address>0x5feb</load_address>
         <run_address>0x5feb</run_address>
         <size>0xadd</size>
         <input_file_ref idref="fl-7"/>
      </object_component>
      <object_component id="oc-c6">
         <name>.debug_info</name>
         <load_address>0x6ac8</load_address>
         <run_address>0x6ac8</run_address>
         <size>0x6eb</size>
         <input_file_ref idref="fl-7"/>
      </object_component>
      <object_component id="oc-18a">
         <name>.debug_info</name>
         <load_address>0x71b3</load_address>
         <run_address>0x71b3</run_address>
         <size>0x2a0</size>
         <input_file_ref idref="fl-8"/>
      </object_component>
      <object_component id="oc-ce">
         <name>.debug_info</name>
         <load_address>0x7453</load_address>
         <run_address>0x7453</run_address>
         <size>0x11c</size>
         <input_file_ref idref="fl-8"/>
      </object_component>
      <object_component id="oc-14f">
         <name>.debug_info</name>
         <load_address>0x756f</load_address>
         <run_address>0x756f</run_address>
         <size>0x199</size>
         <input_file_ref idref="fl-8"/>
      </object_component>
      <object_component id="oc-6a">
         <name>.debug_info</name>
         <load_address>0x7708</load_address>
         <run_address>0x7708</run_address>
         <size>0x812</size>
         <input_file_ref idref="fl-9"/>
      </object_component>
      <object_component id="oc-2e">
         <name>.debug_info</name>
         <load_address>0x7f1a</load_address>
         <run_address>0x7f1a</run_address>
         <size>0x108</size>
         <input_file_ref idref="fl-b"/>
      </object_component>
      <object_component id="oc-fa">
         <name>.debug_info</name>
         <load_address>0x8022</load_address>
         <run_address>0x8022</run_address>
         <size>0x29b</size>
         <input_file_ref idref="fl-c"/>
      </object_component>
      <object_component id="oc-8b">
         <name>.debug_info</name>
         <load_address>0x82bd</load_address>
         <run_address>0x82bd</run_address>
         <size>0x40e</size>
         <input_file_ref idref="fl-c"/>
      </object_component>
      <object_component id="oc-80">
         <name>.debug_info</name>
         <load_address>0x86cb</load_address>
         <run_address>0x86cb</run_address>
         <size>0x43f</size>
         <input_file_ref idref="fl-d"/>
      </object_component>
      <object_component id="oc-189">
         <name>.debug_info</name>
         <load_address>0x8b0a</load_address>
         <run_address>0x8b0a</run_address>
         <size>0x2e1</size>
         <input_file_ref idref="fl-e"/>
      </object_component>
      <object_component id="oc-14a">
         <name>.debug_info</name>
         <load_address>0x8deb</load_address>
         <run_address>0x8deb</run_address>
         <size>0x457</size>
         <input_file_ref idref="fl-e"/>
      </object_component>
      <object_component id="oc-36">
         <name>.debug_info</name>
         <load_address>0x9242</load_address>
         <run_address>0x9242</run_address>
         <size>0x13d</size>
         <input_file_ref idref="fl-f"/>
      </object_component>
      <object_component id="oc-20">
         <name>.debug_info</name>
         <load_address>0x937f</load_address>
         <run_address>0x937f</run_address>
         <size>0x27c</size>
         <input_file_ref idref="fl-12"/>
      </object_component>
      <object_component id="oc-9e">
         <name>.debug_info</name>
         <load_address>0x95fb</load_address>
         <run_address>0x95fb</run_address>
         <size>0x43c</size>
         <input_file_ref idref="fl-13"/>
      </object_component>
      <object_component id="oc-2b">
         <name>.debug_info</name>
         <load_address>0x9a37</load_address>
         <run_address>0x9a37</run_address>
         <size>0xdf</size>
         <input_file_ref idref="fl-13"/>
      </object_component>
      <object_component id="oc-3a">
         <name>.debug_info</name>
         <load_address>0x9b16</load_address>
         <run_address>0x9b16</run_address>
         <size>0x48f</size>
         <input_file_ref idref="fl-13"/>
      </object_component>
      <object_component id="oc-3f">
         <name>.debug_info</name>
         <load_address>0x9fa5</load_address>
         <run_address>0x9fa5</run_address>
         <size>0x1fa</size>
         <input_file_ref idref="fl-13"/>
      </object_component>
      <object_component id="oc-12e">
         <name>.debug_info</name>
         <load_address>0xa19f</load_address>
         <run_address>0xa19f</run_address>
         <size>0x4f</size>
         <input_file_ref idref="fl-13"/>
      </object_component>
      <object_component id="oc-d7">
         <name>.debug_info</name>
         <load_address>0xa1ee</load_address>
         <run_address>0xa1ee</run_address>
         <size>0x3cf</size>
         <input_file_ref idref="fl-14"/>
      </object_component>
      <object_component id="oc-74">
         <name>.debug_info</name>
         <load_address>0xa5bd</load_address>
         <run_address>0xa5bd</run_address>
         <size>0x58f</size>
         <input_file_ref idref="fl-14"/>
      </object_component>
      <object_component id="oc-ed">
         <name>.debug_info</name>
         <load_address>0xab4c</load_address>
         <run_address>0xab4c</run_address>
         <size>0x453</size>
         <input_file_ref idref="fl-ce"/>
      </object_component>
      <object_component id="oc-84">
         <name>.debug_info</name>
         <load_address>0xaf9f</load_address>
         <run_address>0xaf9f</run_address>
         <size>0x160</size>
         <input_file_ref idref="fl-ce"/>
      </object_component>
      <object_component id="oc-4a">
         <name>.debug_info</name>
         <load_address>0xb0ff</load_address>
         <run_address>0xb0ff</run_address>
         <size>0x84</size>
         <input_file_ref idref="fl-ce"/>
      </object_component>
      <object_component id="oc-15b">
         <name>.debug_info</name>
         <load_address>0xb183</load_address>
         <run_address>0xb183</run_address>
         <size>0x39</size>
         <input_file_ref idref="fl-ce"/>
      </object_component>
      <object_component id="oc-192">
         <name>.debug_info</name>
         <load_address>0xb1bc</load_address>
         <run_address>0xb1bc</run_address>
         <size>0x39</size>
         <input_file_ref idref="fl-ce"/>
      </object_component>
      <object_component id="oc-160">
         <name>.debug_info</name>
         <load_address>0xb1f5</load_address>
         <run_address>0xb1f5</run_address>
         <size>0xcd</size>
         <input_file_ref idref="fl-ce"/>
      </object_component>
      <object_component id="oc-b2">
         <name>.debug_info</name>
         <load_address>0xb2c2</load_address>
         <run_address>0xb2c2</run_address>
         <size>0x263</size>
         <input_file_ref idref="fl-cf"/>
      </object_component>
      <object_component id="oc-f">
         <name>.debug_info</name>
         <load_address>0xb525</load_address>
         <run_address>0xb525</run_address>
         <size>0x215</size>
         <input_file_ref idref="fl-cf"/>
      </object_component>
      <object_component id="oc-45">
         <name>.debug_info</name>
         <load_address>0xb73a</load_address>
         <run_address>0xb73a</run_address>
         <size>0x60</size>
         <input_file_ref idref="fl-cf"/>
      </object_component>
      <object_component id="oc-ad">
         <name>.debug_info</name>
         <load_address>0xb79a</load_address>
         <run_address>0xb79a</run_address>
         <size>0x46</size>
         <input_file_ref idref="fl-cf"/>
      </object_component>
      <object_component id="oc-5a">
         <name>.debug_info</name>
         <load_address>0xb7e0</load_address>
         <run_address>0xb7e0</run_address>
         <size>0x2a5</size>
         <input_file_ref idref="fl-d0"/>
      </object_component>
      <object_component id="oc-15">
         <name>.debug_info</name>
         <load_address>0xba85</load_address>
         <run_address>0xba85</run_address>
         <size>0x19a</size>
         <input_file_ref idref="fl-d0"/>
      </object_component>
      <object_component id="oc-55">
         <name>.debug_info</name>
         <load_address>0xbc1f</load_address>
         <run_address>0xbc1f</run_address>
         <size>0x46</size>
         <input_file_ref idref="fl-d0"/>
      </object_component>
      <object_component id="oc-b4">
         <name>.debug_info</name>
         <load_address>0xbc65</load_address>
         <run_address>0xbc65</run_address>
         <size>0x2c</size>
         <input_file_ref idref="fl-d0"/>
      </object_component>
      <object_component id="oc-157">
         <name>.debug_info</name>
         <load_address>0xbc91</load_address>
         <run_address>0xbc91</run_address>
         <size>0x34a</size>
         <input_file_ref idref="fl-d2"/>
      </object_component>
      <object_component id="oc-e1">
         <name>.debug_info</name>
         <load_address>0xbfdb</load_address>
         <run_address>0xbfdb</run_address>
         <size>0x153</size>
         <input_file_ref idref="fl-d2"/>
      </object_component>
      <object_component id="oc-18d">
         <name>.debug_info</name>
         <load_address>0xc12e</load_address>
         <run_address>0xc12e</run_address>
         <size>0x2c</size>
         <input_file_ref idref="fl-d2"/>
      </object_component>
      <object_component id="oc-102">
         <name>.debug_info</name>
         <load_address>0xc15a</load_address>
         <run_address>0xc15a</run_address>
         <size>0x39e</size>
         <input_file_ref idref="fl-d3"/>
      </object_component>
      <object_component id="oc-fc">
         <name>.debug_info</name>
         <load_address>0xc4f8</load_address>
         <run_address>0xc4f8</run_address>
         <size>0x155</size>
         <input_file_ref idref="fl-d3"/>
      </object_component>
      <object_component id="oc-90">
         <name>.debug_info</name>
         <load_address>0xc64d</load_address>
         <run_address>0xc64d</run_address>
         <size>0x1e4</size>
         <input_file_ref idref="fl-d3"/>
      </object_component>
      <object_component id="oc-50">
         <name>.debug_info</name>
         <load_address>0xc831</load_address>
         <run_address>0xc831</run_address>
         <size>0x14c</size>
         <input_file_ref idref="fl-d4"/>
      </object_component>
      <object_component id="oc-e9">
         <name>.debug_info</name>
         <load_address>0xc97d</load_address>
         <run_address>0xc97d</run_address>
         <size>0x115</size>
         <input_file_ref idref="fl-d6"/>
      </object_component>
      <object_component id="oc-166">
         <name>.debug_info</name>
         <load_address>0xca92</load_address>
         <run_address>0xca92</run_address>
         <size>0x119</size>
         <input_file_ref idref="fl-d7"/>
      </object_component>
      <object_component id="oc-183">
         <name>.debug_info</name>
         <load_address>0xcbab</load_address>
         <run_address>0xcbab</run_address>
         <size>0x28e</size>
         <input_file_ref idref="fl-d8"/>
      </object_component>
      <object_component id="oc-ff">
         <name>.debug_info</name>
         <load_address>0xce39</load_address>
         <run_address>0xce39</run_address>
         <size>0xe3</size>
         <input_file_ref idref="fl-d8"/>
      </object_component>
      <object_component id="oc-17f">
         <name>.debug_info</name>
         <load_address>0xcf1c</load_address>
         <run_address>0xcf1c</run_address>
         <size>0x1ef</size>
         <input_file_ref idref="fl-d8"/>
      </object_component>
      <object_component id="oc-198">
         <name>.debug_info</name>
         <load_address>0xd10b</load_address>
         <run_address>0xd10b</run_address>
         <size>0x117</size>
         <input_file_ref idref="fl-d9"/>
      </object_component>
      <object_component id="oc-1cb">
         <name>.debug_info</name>
         <load_address>0xd222</load_address>
         <run_address>0xd222</run_address>
         <size>0xa1</size>
      </object_component>
      <object_component id="oc-188">
         <name>.debug_line</name>
         <load_address>0x0</load_address>
         <run_address>0x0</run_address>
         <size>0x20</size>
         <input_file_ref idref="fl-2"/>
      </object_component>
      <object_component id="oc-d5">
         <name>.debug_line</name>
         <load_address>0x20</load_address>
         <run_address>0x20</run_address>
         <size>0x64</size>
         <input_file_ref idref="fl-2"/>
      </object_component>
      <object_component id="oc-9a">
         <name>.debug_line</name>
         <load_address>0x84</load_address>
         <run_address>0x84</run_address>
         <size>0x6a</size>
         <input_file_ref idref="fl-2"/>
      </object_component>
      <object_component id="oc-f8">
         <name>.debug_line</name>
         <load_address>0xee</load_address>
         <run_address>0xee</run_address>
         <size>0x20</size>
         <input_file_ref idref="fl-2"/>
      </object_component>
      <object_component id="oc-a5">
         <name>.debug_line</name>
         <load_address>0x10e</load_address>
         <run_address>0x10e</run_address>
         <size>0x65</size>
         <input_file_ref idref="fl-2"/>
      </object_component>
      <object_component id="oc-107">
         <name>.debug_line</name>
         <load_address>0x173</load_address>
         <run_address>0x173</run_address>
         <size>0x65</size>
         <input_file_ref idref="fl-2"/>
      </object_component>
      <object_component id="oc-aa">
         <name>.debug_line</name>
         <load_address>0x1d8</load_address>
         <run_address>0x1d8</run_address>
         <size>0x68</size>
         <input_file_ref idref="fl-2"/>
      </object_component>
      <object_component id="oc-10e">
         <name>.debug_line</name>
         <load_address>0x240</load_address>
         <run_address>0x240</run_address>
         <size>0x67</size>
         <input_file_ref idref="fl-2"/>
      </object_component>
      <object_component id="oc-140">
         <name>.debug_line</name>
         <load_address>0x2a7</load_address>
         <run_address>0x2a7</run_address>
         <size>0x65</size>
         <input_file_ref idref="fl-2"/>
      </object_component>
      <object_component id="oc-113">
         <name>.debug_line</name>
         <load_address>0x30c</load_address>
         <run_address>0x30c</run_address>
         <size>0x65</size>
         <input_file_ref idref="fl-2"/>
      </object_component>
      <object_component id="oc-118">
         <name>.debug_line</name>
         <load_address>0x371</load_address>
         <run_address>0x371</run_address>
         <size>0x67</size>
         <input_file_ref idref="fl-2"/>
      </object_component>
      <object_component id="oc-11d">
         <name>.debug_line</name>
         <load_address>0x3d8</load_address>
         <run_address>0x3d8</run_address>
         <size>0x65</size>
         <input_file_ref idref="fl-2"/>
      </object_component>
      <object_component id="oc-122">
         <name>.debug_line</name>
         <load_address>0x43d</load_address>
         <run_address>0x43d</run_address>
         <size>0x68</size>
         <input_file_ref idref="fl-2"/>
      </object_component>
      <object_component id="oc-127">
         <name>.debug_line</name>
         <load_address>0x4a5</load_address>
         <run_address>0x4a5</run_address>
         <size>0x68</size>
         <input_file_ref idref="fl-2"/>
      </object_component>
      <object_component id="oc-12c">
         <name>.debug_line</name>
         <load_address>0x50d</load_address>
         <run_address>0x50d</run_address>
         <size>0x65</size>
         <input_file_ref idref="fl-2"/>
      </object_component>
      <object_component id="oc-155">
         <name>.debug_line</name>
         <load_address>0x572</load_address>
         <run_address>0x572</run_address>
         <size>0x61</size>
         <input_file_ref idref="fl-4"/>
      </object_component>
      <object_component id="oc-79">
         <name>.debug_line</name>
         <load_address>0x5d3</load_address>
         <run_address>0x5d3</run_address>
         <size>0x365</size>
         <input_file_ref idref="fl-4"/>
      </object_component>
      <object_component id="oc-25">
         <name>.debug_line</name>
         <load_address>0x938</load_address>
         <run_address>0x938</run_address>
         <size>0x7c</size>
         <input_file_ref idref="fl-4"/>
      </object_component>
      <object_component id="oc-dc">
         <name>.debug_line</name>
         <load_address>0x9b4</load_address>
         <run_address>0x9b4</run_address>
         <size>0x61</size>
         <input_file_ref idref="fl-4"/>
      </object_component>
      <object_component id="oc-1a3">
         <name>.debug_line</name>
         <load_address>0xa15</load_address>
         <run_address>0xa15</run_address>
         <size>0x65</size>
         <input_file_ref idref="fl-5"/>
      </object_component>
      <object_component id="oc-1a1">
         <name>.debug_line</name>
         <load_address>0xa7a</load_address>
         <run_address>0xa7a</run_address>
         <size>0x36</size>
         <input_file_ref idref="fl-5"/>
      </object_component>
      <object_component id="oc-19f">
         <name>.debug_line</name>
         <load_address>0xab0</load_address>
         <run_address>0xab0</run_address>
         <size>0x36</size>
         <input_file_ref idref="fl-5"/>
      </object_component>
      <object_component id="oc-f2">
         <name>.debug_line</name>
         <load_address>0xae6</load_address>
         <run_address>0xae6</run_address>
         <size>0x2a7</size>
         <input_file_ref idref="fl-5"/>
      </object_component>
      <object_component id="oc-bf">
         <name>.debug_line</name>
         <load_address>0xd8d</load_address>
         <run_address>0xd8d</run_address>
         <size>0x65</size>
         <input_file_ref idref="fl-5"/>
      </object_component>
      <object_component id="oc-145">
         <name>.debug_line</name>
         <load_address>0xdf2</load_address>
         <run_address>0xdf2</run_address>
         <size>0x65</size>
         <input_file_ref idref="fl-5"/>
      </object_component>
      <object_component id="oc-175">
         <name>.debug_line</name>
         <load_address>0xe57</load_address>
         <run_address>0xe57</run_address>
         <size>0x61</size>
         <input_file_ref idref="fl-5"/>
      </object_component>
      <object_component id="oc-137">
         <name>.debug_line</name>
         <load_address>0xeb8</load_address>
         <run_address>0xeb8</run_address>
         <size>0x20</size>
         <input_file_ref idref="fl-7"/>
      </object_component>
      <object_component id="oc-6e">
         <name>.debug_line</name>
         <load_address>0xed8</load_address>
         <run_address>0xed8</run_address>
         <size>0x103</size>
         <input_file_ref idref="fl-7"/>
      </object_component>
      <object_component id="oc-13b">
         <name>.debug_line</name>
         <load_address>0xfdb</load_address>
         <run_address>0xfdb</run_address>
         <size>0x65</size>
         <input_file_ref idref="fl-7"/>
      </object_component>
      <object_component id="oc-c9">
         <name>.debug_line</name>
         <load_address>0x1040</load_address>
         <run_address>0x1040</run_address>
         <size>0x65</size>
         <input_file_ref idref="fl-7"/>
      </object_component>
      <object_component id="oc-1aa">
         <name>.debug_line</name>
         <load_address>0x10a5</load_address>
         <run_address>0x10a5</run_address>
         <size>0x20</size>
         <input_file_ref idref="fl-8"/>
      </object_component>
      <object_component id="oc-d0">
         <name>.debug_line</name>
         <load_address>0x10c5</load_address>
         <run_address>0x10c5</run_address>
         <size>0xdc</size>
         <input_file_ref idref="fl-8"/>
      </object_component>
      <object_component id="oc-152">
         <name>.debug_line</name>
         <load_address>0x11a1</load_address>
         <run_address>0x11a1</run_address>
         <size>0x68</size>
         <input_file_ref idref="fl-8"/>
      </object_component>
      <object_component id="oc-68">
         <name>.debug_line</name>
         <load_address>0x1209</load_address>
         <run_address>0x1209</run_address>
         <size>0x2f2</size>
         <input_file_ref idref="fl-9"/>
      </object_component>
      <object_component id="oc-31">
         <name>.debug_line</name>
         <load_address>0x14fb</load_address>
         <run_address>0x14fb</run_address>
         <size>0x52</size>
         <input_file_ref idref="fl-b"/>
      </object_component>
      <object_component id="oc-178">
         <name>.debug_line</name>
         <load_address>0x154d</load_address>
         <run_address>0x154d</run_address>
         <size>0x61</size>
         <input_file_ref idref="fl-c"/>
      </object_component>
      <object_component id="oc-8a">
         <name>.debug_line</name>
         <load_address>0x15ae</load_address>
         <run_address>0x15ae</run_address>
         <size>0xb3</size>
         <input_file_ref idref="fl-c"/>
      </object_component>
      <object_component id="oc-7f">
         <name>.debug_line</name>
         <load_address>0x1661</load_address>
         <run_address>0x1661</run_address>
         <size>0x1f3</size>
         <input_file_ref idref="fl-d"/>
      </object_component>
      <object_component id="oc-1a8">
         <name>.debug_line</name>
         <load_address>0x1854</load_address>
         <run_address>0x1854</run_address>
         <size>0x20</size>
         <input_file_ref idref="fl-e"/>
      </object_component>
      <object_component id="oc-14d">
         <name>.debug_line</name>
         <load_address>0x1874</load_address>
         <run_address>0x1874</run_address>
         <size>0x65</size>
         <input_file_ref idref="fl-e"/>
      </object_component>
      <object_component id="oc-34">
         <name>.debug_line</name>
         <load_address>0x18d9</load_address>
         <run_address>0x18d9</run_address>
         <size>0x4e</size>
         <input_file_ref idref="fl-f"/>
      </object_component>
      <object_component id="oc-1f">
         <name>.debug_line</name>
         <load_address>0x1927</load_address>
         <run_address>0x1927</run_address>
         <size>0x7b</size>
         <input_file_ref idref="fl-12"/>
      </object_component>
      <object_component id="oc-10a">
         <name>.debug_line</name>
         <load_address>0x19a2</load_address>
         <run_address>0x19a2</run_address>
         <size>0xa6</size>
         <input_file_ref idref="fl-13"/>
      </object_component>
      <object_component id="oc-9d">
         <name>.debug_line</name>
         <load_address>0x1a48</load_address>
         <run_address>0x1a48</run_address>
         <size>0x3a</size>
         <input_file_ref idref="fl-13"/>
      </object_component>
      <object_component id="oc-3d">
         <name>.debug_line</name>
         <load_address>0x1a82</load_address>
         <run_address>0x1a82</run_address>
         <size>0x1b2</size>
         <input_file_ref idref="fl-13"/>
      </object_component>
      <object_component id="oc-43">
         <name>.debug_line</name>
         <load_address>0x1c34</load_address>
         <run_address>0x1c34</run_address>
         <size>0xbc</size>
         <input_file_ref idref="fl-13"/>
      </object_component>
      <object_component id="oc-131">
         <name>.debug_line</name>
         <load_address>0x1cf0</load_address>
         <run_address>0x1cf0</run_address>
         <size>0x3a</size>
         <input_file_ref idref="fl-13"/>
      </object_component>
      <object_component id="oc-149">
         <name>.debug_line</name>
         <load_address>0x1d2a</load_address>
         <run_address>0x1d2a</run_address>
         <size>0xaa</size>
         <input_file_ref idref="fl-14"/>
      </object_component>
      <object_component id="oc-73">
         <name>.debug_line</name>
         <load_address>0x1dd4</load_address>
         <run_address>0x1dd4</run_address>
         <size>0x21e</size>
         <input_file_ref idref="fl-14"/>
      </object_component>
      <object_component id="oc-15a">
         <name>.debug_line</name>
         <load_address>0x1ff2</load_address>
         <run_address>0x1ff2</run_address>
         <size>0x7b</size>
         <input_file_ref idref="fl-ce"/>
      </object_component>
      <object_component id="oc-87">
         <name>.debug_line</name>
         <load_address>0x206d</load_address>
         <run_address>0x206d</run_address>
         <size>0x95</size>
         <input_file_ref idref="fl-ce"/>
      </object_component>
      <object_component id="oc-4d">
         <name>.debug_line</name>
         <load_address>0x2102</load_address>
         <run_address>0x2102</run_address>
         <size>0x20</size>
         <input_file_ref idref="fl-ce"/>
      </object_component>
      <object_component id="oc-15e">
         <name>.debug_line</name>
         <load_address>0x2122</load_address>
         <run_address>0x2122</run_address>
         <size>0x2e</size>
         <input_file_ref idref="fl-ce"/>
      </object_component>
      <object_component id="oc-195">
         <name>.debug_line</name>
         <load_address>0x2150</load_address>
         <run_address>0x2150</run_address>
         <size>0x5c</size>
         <input_file_ref idref="fl-ce"/>
      </object_component>
      <object_component id="oc-163">
         <name>.debug_line</name>
         <load_address>0x21ac</load_address>
         <run_address>0x21ac</run_address>
         <size>0x5d</size>
         <input_file_ref idref="fl-ce"/>
      </object_component>
      <object_component id="oc-135">
         <name>.debug_line</name>
         <load_address>0x2209</load_address>
         <run_address>0x2209</run_address>
         <size>0x20</size>
         <input_file_ref idref="fl-cf"/>
      </object_component>
      <object_component id="oc-11">
         <name>.debug_line</name>
         <load_address>0x2229</load_address>
         <run_address>0x2229</run_address>
         <size>0xb2</size>
         <input_file_ref idref="fl-cf"/>
      </object_component>
      <object_component id="oc-48">
         <name>.debug_line</name>
         <load_address>0x22db</load_address>
         <run_address>0x22db</run_address>
         <size>0x3a</size>
         <input_file_ref idref="fl-cf"/>
      </object_component>
      <object_component id="oc-b0">
         <name>.debug_line</name>
         <load_address>0x2315</load_address>
         <run_address>0x2315</run_address>
         <size>0x5c</size>
         <input_file_ref idref="fl-cf"/>
      </object_component>
      <object_component id="oc-ba">
         <name>.debug_line</name>
         <load_address>0x2371</load_address>
         <run_address>0x2371</run_address>
         <size>0x5c</size>
         <input_file_ref idref="fl-d0"/>
      </object_component>
      <object_component id="oc-14">
         <name>.debug_line</name>
         <load_address>0x23cd</load_address>
         <run_address>0x23cd</run_address>
         <size>0x55</size>
         <input_file_ref idref="fl-d0"/>
      </object_component>
      <object_component id="oc-58">
         <name>.debug_line</name>
         <load_address>0x2422</load_address>
         <run_address>0x2422</run_address>
         <size>0x3a</size>
         <input_file_ref idref="fl-d0"/>
      </object_component>
      <object_component id="oc-b7">
         <name>.debug_line</name>
         <load_address>0x245c</load_address>
         <run_address>0x245c</run_address>
         <size>0x5c</size>
         <input_file_ref idref="fl-d0"/>
      </object_component>
      <object_component id="oc-18c">
         <name>.debug_line</name>
         <load_address>0x24b8</load_address>
         <run_address>0x24b8</run_address>
         <size>0x6a</size>
         <input_file_ref idref="fl-d2"/>
      </object_component>
      <object_component id="oc-e4">
         <name>.debug_line</name>
         <load_address>0x2522</load_address>
         <run_address>0x2522</run_address>
         <size>0x78</size>
         <input_file_ref idref="fl-d2"/>
      </object_component>
      <object_component id="oc-190">
         <name>.debug_line</name>
         <load_address>0x259a</load_address>
         <run_address>0x259a</run_address>
         <size>0x2e</size>
         <input_file_ref idref="fl-d2"/>
      </object_component>
      <object_component id="oc-186">
         <name>.debug_line</name>
         <load_address>0x25c8</load_address>
         <run_address>0x25c8</run_address>
         <size>0x96</size>
         <input_file_ref idref="fl-d3"/>
      </object_component>
      <object_component id="oc-17a">
         <name>.debug_line</name>
         <load_address>0x265e</load_address>
         <run_address>0x265e</run_address>
         <size>0x2a</size>
         <input_file_ref idref="fl-d3"/>
      </object_component>
      <object_component id="oc-93">
         <name>.debug_line</name>
         <load_address>0x2688</load_address>
         <run_address>0x2688</run_address>
         <size>0x86</size>
         <input_file_ref idref="fl-d3"/>
      </object_component>
      <object_component id="oc-53">
         <name>.debug_line</name>
         <load_address>0x270e</load_address>
         <run_address>0x270e</run_address>
         <size>0x9a</size>
         <input_file_ref idref="fl-d4"/>
      </object_component>
      <object_component id="oc-eb">
         <name>.debug_line</name>
         <load_address>0x27a8</load_address>
         <run_address>0x27a8</run_address>
         <size>0x3c</size>
         <input_file_ref idref="fl-d6"/>
      </object_component>
      <object_component id="oc-169">
         <name>.debug_line</name>
         <load_address>0x27e4</load_address>
         <run_address>0x27e4</run_address>
         <size>0x51</size>
         <input_file_ref idref="fl-d7"/>
      </object_component>
      <object_component id="oc-1a6">
         <name>.debug_line</name>
         <load_address>0x2835</load_address>
         <run_address>0x2835</run_address>
         <size>0x20</size>
         <input_file_ref idref="fl-d8"/>
      </object_component>
      <object_component id="oc-182">
         <name>.debug_line</name>
         <load_address>0x2855</load_address>
         <run_address>0x2855</run_address>
         <size>0x2b</size>
         <input_file_ref idref="fl-d8"/>
      </object_component>
      <object_component id="oc-17d">
         <name>.debug_line</name>
         <load_address>0x2880</load_address>
         <run_address>0x2880</run_address>
         <size>0x64</size>
         <input_file_ref idref="fl-d8"/>
      </object_component>
      <object_component id="oc-19b">
         <name>.debug_line</name>
         <load_address>0x28e4</load_address>
         <run_address>0x28e4</run_address>
         <size>0x3b</size>
         <input_file_ref idref="fl-d9"/>
      </object_component>
      <object_component id="oc-187">
         <name>.debug_abbrev</name>
         <load_address>0x0</load_address>
         <run_address>0x0</run_address>
         <size>0x56</size>
         <input_file_ref idref="fl-2"/>
      </object_component>
      <object_component id="oc-d4">
         <name>.debug_abbrev</name>
         <load_address>0x56</load_address>
         <run_address>0x56</run_address>
         <size>0xba</size>
         <input_file_ref idref="fl-2"/>
      </object_component>
      <object_component id="oc-99">
         <name>.debug_abbrev</name>
         <load_address>0x110</load_address>
         <run_address>0x110</run_address>
         <size>0x5a</size>
         <input_file_ref idref="fl-2"/>
      </object_component>
      <object_component id="oc-f7">
         <name>.debug_abbrev</name>
         <load_address>0x16a</load_address>
         <run_address>0x16a</run_address>
         <size>0x1f</size>
         <input_file_ref idref="fl-2"/>
      </object_component>
      <object_component id="oc-a4">
         <name>.debug_abbrev</name>
         <load_address>0x189</load_address>
         <run_address>0x189</run_address>
         <size>0x7c</size>
         <input_file_ref idref="fl-2"/>
      </object_component>
      <object_component id="oc-106">
         <name>.debug_abbrev</name>
         <load_address>0x205</load_address>
         <run_address>0x205</run_address>
         <size>0x35</size>
         <input_file_ref idref="fl-2"/>
      </object_component>
      <object_component id="oc-a9">
         <name>.debug_abbrev</name>
         <load_address>0x23a</load_address>
         <run_address>0x23a</run_address>
         <size>0x55</size>
         <input_file_ref idref="fl-2"/>
      </object_component>
      <object_component id="oc-10d">
         <name>.debug_abbrev</name>
         <load_address>0x28f</load_address>
         <run_address>0x28f</run_address>
         <size>0x4b</size>
         <input_file_ref idref="fl-2"/>
      </object_component>
      <object_component id="oc-13f">
         <name>.debug_abbrev</name>
         <load_address>0x2da</load_address>
         <run_address>0x2da</run_address>
         <size>0x4b</size>
         <input_file_ref idref="fl-2"/>
      </object_component>
      <object_component id="oc-112">
         <name>.debug_abbrev</name>
         <load_address>0x325</load_address>
         <run_address>0x325</run_address>
         <size>0x4b</size>
         <input_file_ref idref="fl-2"/>
      </object_component>
      <object_component id="oc-117">
         <name>.debug_abbrev</name>
         <load_address>0x370</load_address>
         <run_address>0x370</run_address>
         <size>0x4b</size>
         <input_file_ref idref="fl-2"/>
      </object_component>
      <object_component id="oc-11c">
         <name>.debug_abbrev</name>
         <load_address>0x3bb</load_address>
         <run_address>0x3bb</run_address>
         <size>0x4b</size>
         <input_file_ref idref="fl-2"/>
      </object_component>
      <object_component id="oc-121">
         <name>.debug_abbrev</name>
         <load_address>0x406</load_address>
         <run_address>0x406</run_address>
         <size>0x4b</size>
         <input_file_ref idref="fl-2"/>
      </object_component>
      <object_component id="oc-126">
         <name>.debug_abbrev</name>
         <load_address>0x451</load_address>
         <run_address>0x451</run_address>
         <size>0x5c</size>
         <input_file_ref idref="fl-2"/>
      </object_component>
      <object_component id="oc-12b">
         <name>.debug_abbrev</name>
         <load_address>0x4ad</load_address>
         <run_address>0x4ad</run_address>
         <size>0x4b</size>
         <input_file_ref idref="fl-2"/>
      </object_component>
      <object_component id="oc-154">
         <name>.debug_abbrev</name>
         <load_address>0x4f8</load_address>
         <run_address>0x4f8</run_address>
         <size>0x76</size>
         <input_file_ref idref="fl-4"/>
      </object_component>
      <object_component id="oc-d8">
         <name>.debug_abbrev</name>
         <load_address>0x56e</load_address>
         <run_address>0x56e</run_address>
         <size>0xc8</size>
         <input_file_ref idref="fl-4"/>
      </object_component>
      <object_component id="oc-96">
         <name>.debug_abbrev</name>
         <load_address>0x636</load_address>
         <run_address>0x636</run_address>
         <size>0x6f</size>
         <input_file_ref idref="fl-4"/>
      </object_component>
      <object_component id="oc-db">
         <name>.debug_abbrev</name>
         <load_address>0x6a5</load_address>
         <run_address>0x6a5</run_address>
         <size>0x6b</size>
         <input_file_ref idref="fl-4"/>
      </object_component>
      <object_component id="oc-1a2">
         <name>.debug_abbrev</name>
         <load_address>0x710</load_address>
         <run_address>0x710</run_address>
         <size>0xad</size>
         <input_file_ref idref="fl-5"/>
      </object_component>
      <object_component id="oc-1a0">
         <name>.debug_abbrev</name>
         <load_address>0x7bd</load_address>
         <run_address>0x7bd</run_address>
         <size>0x27</size>
         <input_file_ref idref="fl-5"/>
      </object_component>
      <object_component id="oc-19e">
         <name>.debug_abbrev</name>
         <load_address>0x7e4</load_address>
         <run_address>0x7e4</run_address>
         <size>0x27</size>
         <input_file_ref idref="fl-5"/>
      </object_component>
      <object_component id="oc-170">
         <name>.debug_abbrev</name>
         <load_address>0x80b</load_address>
         <run_address>0x80b</run_address>
         <size>0xa9</size>
         <input_file_ref idref="fl-5"/>
      </object_component>
      <object_component id="oc-be">
         <name>.debug_abbrev</name>
         <load_address>0x8b4</load_address>
         <run_address>0x8b4</run_address>
         <size>0x24</size>
         <input_file_ref idref="fl-5"/>
      </object_component>
      <object_component id="oc-144">
         <name>.debug_abbrev</name>
         <load_address>0x8d8</load_address>
         <run_address>0x8d8</run_address>
         <size>0x5c</size>
         <input_file_ref idref="fl-5"/>
      </object_component>
      <object_component id="oc-174">
         <name>.debug_abbrev</name>
         <load_address>0x934</load_address>
         <run_address>0x934</run_address>
         <size>0x6b</size>
         <input_file_ref idref="fl-5"/>
      </object_component>
      <object_component id="oc-136">
         <name>.debug_abbrev</name>
         <load_address>0x99f</load_address>
         <run_address>0x99f</run_address>
         <size>0x4f</size>
         <input_file_ref idref="fl-7"/>
      </object_component>
      <object_component id="oc-c4">
         <name>.debug_abbrev</name>
         <load_address>0x9ee</load_address>
         <run_address>0x9ee</run_address>
         <size>0x6c</size>
         <input_file_ref idref="fl-7"/>
      </object_component>
      <object_component id="oc-13a">
         <name>.debug_abbrev</name>
         <load_address>0xa5a</load_address>
         <run_address>0xa5a</run_address>
         <size>0x7f</size>
         <input_file_ref idref="fl-7"/>
      </object_component>
      <object_component id="oc-c8">
         <name>.debug_abbrev</name>
         <load_address>0xad9</load_address>
         <run_address>0xad9</run_address>
         <size>0x6b</size>
         <input_file_ref idref="fl-7"/>
      </object_component>
      <object_component id="oc-1a9">
         <name>.debug_abbrev</name>
         <load_address>0xb44</load_address>
         <run_address>0xb44</run_address>
         <size>0x46</size>
         <input_file_ref idref="fl-8"/>
      </object_component>
      <object_component id="oc-147">
         <name>.debug_abbrev</name>
         <load_address>0xb8a</load_address>
         <run_address>0xb8a</run_address>
         <size>0x50</size>
         <input_file_ref idref="fl-8"/>
      </object_component>
      <object_component id="oc-151">
         <name>.debug_abbrev</name>
         <load_address>0xbda</load_address>
         <run_address>0xbda</run_address>
         <size>0x4b</size>
         <input_file_ref idref="fl-8"/>
      </object_component>
      <object_component id="oc-c3">
         <name>.debug_abbrev</name>
         <load_address>0xc25</load_address>
         <run_address>0xc25</run_address>
         <size>0x44</size>
         <input_file_ref idref="fl-9"/>
      </object_component>
      <object_component id="oc-9f">
         <name>.debug_abbrev</name>
         <load_address>0xc69</load_address>
         <run_address>0xc69</run_address>
         <size>0x38</size>
         <input_file_ref idref="fl-b"/>
      </object_component>
      <object_component id="oc-177">
         <name>.debug_abbrev</name>
         <load_address>0xca1</load_address>
         <run_address>0xca1</run_address>
         <size>0x56</size>
         <input_file_ref idref="fl-c"/>
      </object_component>
      <object_component id="oc-f4">
         <name>.debug_abbrev</name>
         <load_address>0xcf7</load_address>
         <run_address>0xcf7</run_address>
         <size>0xa9</size>
         <input_file_ref idref="fl-c"/>
      </object_component>
      <object_component id="oc-df">
         <name>.debug_abbrev</name>
         <load_address>0xda0</load_address>
         <run_address>0xda0</run_address>
         <size>0x36</size>
         <input_file_ref idref="fl-d"/>
      </object_component>
      <object_component id="oc-1a7">
         <name>.debug_abbrev</name>
         <load_address>0xdd6</load_address>
         <run_address>0xdd6</run_address>
         <size>0x4f</size>
         <input_file_ref idref="fl-e"/>
      </object_component>
      <object_component id="oc-14c">
         <name>.debug_abbrev</name>
         <load_address>0xe25</load_address>
         <run_address>0xe25</run_address>
         <size>0x5a</size>
         <input_file_ref idref="fl-e"/>
      </object_component>
      <object_component id="oc-a0">
         <name>.debug_abbrev</name>
         <load_address>0xe7f</load_address>
         <run_address>0xe7f</run_address>
         <size>0x53</size>
         <input_file_ref idref="fl-f"/>
      </object_component>
      <object_component id="oc-95">
         <name>.debug_abbrev</name>
         <load_address>0xed2</load_address>
         <run_address>0xed2</run_address>
         <size>0x55</size>
         <input_file_ref idref="fl-12"/>
      </object_component>
      <object_component id="oc-109">
         <name>.debug_abbrev</name>
         <load_address>0xf27</load_address>
         <run_address>0xf27</run_address>
         <size>0xab</size>
         <input_file_ref idref="fl-13"/>
      </object_component>
      <object_component id="oc-9c">
         <name>.debug_abbrev</name>
         <load_address>0xfd2</load_address>
         <run_address>0xfd2</run_address>
         <size>0x27</size>
         <input_file_ref idref="fl-13"/>
      </object_component>
      <object_component id="oc-a1">
         <name>.debug_abbrev</name>
         <load_address>0xff9</load_address>
         <run_address>0xff9</run_address>
         <size>0xa4</size>
         <input_file_ref idref="fl-13"/>
      </object_component>
      <object_component id="oc-ac">
         <name>.debug_abbrev</name>
         <load_address>0x109d</load_address>
         <run_address>0x109d</run_address>
         <size>0x6f</size>
         <input_file_ref idref="fl-13"/>
      </object_component>
      <object_component id="oc-130">
         <name>.debug_abbrev</name>
         <load_address>0x110c</load_address>
         <run_address>0x110c</run_address>
         <size>0x4b</size>
         <input_file_ref idref="fl-13"/>
      </object_component>
      <object_component id="oc-148">
         <name>.debug_abbrev</name>
         <load_address>0x1157</load_address>
         <run_address>0x1157</run_address>
         <size>0x77</size>
         <input_file_ref idref="fl-14"/>
      </object_component>
      <object_component id="oc-d1">
         <name>.debug_abbrev</name>
         <load_address>0x11ce</load_address>
         <run_address>0x11ce</run_address>
         <size>0x103</size>
         <input_file_ref idref="fl-14"/>
      </object_component>
      <object_component id="oc-159">
         <name>.debug_abbrev</name>
         <load_address>0x12d1</load_address>
         <run_address>0x12d1</run_address>
         <size>0xb9</size>
         <input_file_ref idref="fl-ce"/>
      </object_component>
      <object_component id="oc-ec">
         <name>.debug_abbrev</name>
         <load_address>0x138a</load_address>
         <run_address>0x138a</run_address>
         <size>0x7e</size>
         <input_file_ref idref="fl-ce"/>
      </object_component>
      <object_component id="oc-4c">
         <name>.debug_abbrev</name>
         <load_address>0x1408</load_address>
         <run_address>0x1408</run_address>
         <size>0x1f</size>
         <input_file_ref idref="fl-ce"/>
      </object_component>
      <object_component id="oc-15d">
         <name>.debug_abbrev</name>
         <load_address>0x1427</load_address>
         <run_address>0x1427</run_address>
         <size>0x24</size>
         <input_file_ref idref="fl-ce"/>
      </object_component>
      <object_component id="oc-194">
         <name>.debug_abbrev</name>
         <load_address>0x144b</load_address>
         <run_address>0x144b</run_address>
         <size>0x24</size>
         <input_file_ref idref="fl-ce"/>
      </object_component>
      <object_component id="oc-162">
         <name>.debug_abbrev</name>
         <load_address>0x146f</load_address>
         <run_address>0x146f</run_address>
         <size>0x4b</size>
         <input_file_ref idref="fl-ce"/>
      </object_component>
      <object_component id="oc-134">
         <name>.debug_abbrev</name>
         <load_address>0x14ba</load_address>
         <run_address>0x14ba</run_address>
         <size>0x37</size>
         <input_file_ref idref="fl-cf"/>
      </object_component>
      <object_component id="oc-44">
         <name>.debug_abbrev</name>
         <load_address>0x14f1</load_address>
         <run_address>0x14f1</run_address>
         <size>0x6f</size>
         <input_file_ref idref="fl-cf"/>
      </object_component>
      <object_component id="oc-47">
         <name>.debug_abbrev</name>
         <load_address>0x1560</load_address>
         <run_address>0x1560</run_address>
         <size>0x24</size>
         <input_file_ref idref="fl-cf"/>
      </object_component>
      <object_component id="oc-af">
         <name>.debug_abbrev</name>
         <load_address>0x1584</load_address>
         <run_address>0x1584</run_address>
         <size>0x35</size>
         <input_file_ref idref="fl-cf"/>
      </object_component>
      <object_component id="oc-b9">
         <name>.debug_abbrev</name>
         <load_address>0x15b9</load_address>
         <run_address>0x15b9</run_address>
         <size>0x5d</size>
         <input_file_ref idref="fl-d0"/>
      </object_component>
      <object_component id="oc-54">
         <name>.debug_abbrev</name>
         <load_address>0x1616</load_address>
         <run_address>0x1616</run_address>
         <size>0x74</size>
         <input_file_ref idref="fl-d0"/>
      </object_component>
      <object_component id="oc-57">
         <name>.debug_abbrev</name>
         <load_address>0x168a</load_address>
         <run_address>0x168a</run_address>
         <size>0x24</size>
         <input_file_ref idref="fl-d0"/>
      </object_component>
      <object_component id="oc-b6">
         <name>.debug_abbrev</name>
         <load_address>0x16ae</load_address>
         <run_address>0x16ae</run_address>
         <size>0x24</size>
         <input_file_ref idref="fl-d0"/>
      </object_component>
      <object_component id="oc-18b">
         <name>.debug_abbrev</name>
         <load_address>0x16d2</load_address>
         <run_address>0x16d2</run_address>
         <size>0xa7</size>
         <input_file_ref idref="fl-d2"/>
      </object_component>
      <object_component id="oc-156">
         <name>.debug_abbrev</name>
         <load_address>0x1779</load_address>
         <run_address>0x1779</run_address>
         <size>0x8c</size>
         <input_file_ref idref="fl-d2"/>
      </object_component>
      <object_component id="oc-18f">
         <name>.debug_abbrev</name>
         <load_address>0x1805</load_address>
         <run_address>0x1805</run_address>
         <size>0x24</size>
         <input_file_ref idref="fl-d2"/>
      </object_component>
      <object_component id="oc-185">
         <name>.debug_abbrev</name>
         <load_address>0x1829</load_address>
         <run_address>0x1829</run_address>
         <size>0xb3</size>
         <input_file_ref idref="fl-d3"/>
      </object_component>
      <object_component id="oc-179">
         <name>.debug_abbrev</name>
         <load_address>0x18dc</load_address>
         <run_address>0x18dc</run_address>
         <size>0x29</size>
         <input_file_ref idref="fl-d3"/>
      </object_component>
      <object_component id="oc-101">
         <name>.debug_abbrev</name>
         <load_address>0x1905</load_address>
         <run_address>0x1905</run_address>
         <size>0xba</size>
         <input_file_ref idref="fl-d3"/>
      </object_component>
      <object_component id="oc-b3">
         <name>.debug_abbrev</name>
         <load_address>0x19bf</load_address>
         <run_address>0x19bf</run_address>
         <size>0x4c</size>
         <input_file_ref idref="fl-d4"/>
      </object_component>
      <object_component id="oc-158">
         <name>.debug_abbrev</name>
         <load_address>0x1a0b</load_address>
         <run_address>0x1a0b</run_address>
         <size>0x53</size>
         <input_file_ref idref="fl-d6"/>
      </object_component>
      <object_component id="oc-19d">
         <name>.debug_abbrev</name>
         <load_address>0x1a5e</load_address>
         <run_address>0x1a5e</run_address>
         <size>0x4c</size>
         <input_file_ref idref="fl-d7"/>
      </object_component>
      <object_component id="oc-1a5">
         <name>.debug_abbrev</name>
         <load_address>0x1aaa</load_address>
         <run_address>0x1aaa</run_address>
         <size>0x50</size>
         <input_file_ref idref="fl-d8"/>
      </object_component>
      <object_component id="oc-181">
         <name>.debug_abbrev</name>
         <load_address>0x1afa</load_address>
         <run_address>0x1afa</run_address>
         <size>0x29</size>
         <input_file_ref idref="fl-d8"/>
      </object_component>
      <object_component id="oc-1a4">
         <name>.debug_abbrev</name>
         <load_address>0x1b23</load_address>
         <run_address>0x1b23</run_address>
         <size>0x6f</size>
         <input_file_ref idref="fl-d8"/>
      </object_component>
      <object_component id="oc-1ab">
         <name>.debug_abbrev</name>
         <load_address>0x1b92</load_address>
         <run_address>0x1b92</run_address>
         <size>0x63</size>
         <input_file_ref idref="fl-d9"/>
      </object_component>
      <object_component id="oc-1cc">
         <name>.debug_abbrev</name>
         <load_address>0x1bf5</load_address>
         <run_address>0x1bf5</run_address>
         <size>0xf</size>
      </object_component>
      <object_component id="oc-d6">
         <name>.debug_str</name>
         <load_address>0x0</load_address>
         <run_address>0x0</run_address>
         <size>0x45e</size>
         <input_file_ref idref="fl-2"/>
      </object_component>
      <object_component id="oc-9b">
         <name>.debug_str</name>
         <load_address>0x45e</load_address>
         <run_address>0x45e</run_address>
         <size>0x1a5</size>
         <input_file_ref idref="fl-2"/>
      </object_component>
      <object_component id="oc-f9">
         <name>.debug_str</name>
         <load_address>0x603</load_address>
         <run_address>0x603</run_address>
         <size>0xfa</size>
         <input_file_ref idref="fl-2"/>
      </object_component>
      <object_component id="oc-a6">
         <name>.debug_str</name>
         <load_address>0x6fd</load_address>
         <run_address>0x6fd</run_address>
         <size>0x229</size>
         <input_file_ref idref="fl-2"/>
      </object_component>
      <object_component id="oc-108">
         <name>.debug_str</name>
         <load_address>0x926</load_address>
         <run_address>0x926</run_address>
         <size>0x218</size>
         <input_file_ref idref="fl-2"/>
      </object_component>
      <object_component id="oc-ab">
         <name>.debug_str</name>
         <load_address>0xb3e</load_address>
         <run_address>0xb3e</run_address>
         <size>0x153</size>
         <input_file_ref idref="fl-2"/>
      </object_component>
      <object_component id="oc-10f">
         <name>.debug_str</name>
         <load_address>0xc91</load_address>
         <run_address>0xc91</run_address>
         <size>0x143</size>
         <input_file_ref idref="fl-2"/>
      </object_component>
      <object_component id="oc-141">
         <name>.debug_str</name>
         <load_address>0xdd4</load_address>
         <run_address>0xdd4</run_address>
         <size>0x162</size>
         <input_file_ref idref="fl-2"/>
      </object_component>
      <object_component id="oc-114">
         <name>.debug_str</name>
         <load_address>0xf36</load_address>
         <run_address>0xf36</run_address>
         <size>0x193</size>
         <input_file_ref idref="fl-2"/>
      </object_component>
      <object_component id="oc-119">
         <name>.debug_str</name>
         <load_address>0x10c9</load_address>
         <run_address>0x10c9</run_address>
         <size>0x2b4</size>
         <input_file_ref idref="fl-2"/>
      </object_component>
      <object_component id="oc-11e">
         <name>.debug_str</name>
         <load_address>0x137d</load_address>
         <run_address>0x137d</run_address>
         <size>0x167</size>
         <input_file_ref idref="fl-2"/>
      </object_component>
      <object_component id="oc-123">
         <name>.debug_str</name>
         <load_address>0x14e4</load_address>
         <run_address>0x14e4</run_address>
         <size>0x18a</size>
         <input_file_ref idref="fl-2"/>
      </object_component>
      <object_component id="oc-128">
         <name>.debug_str</name>
         <load_address>0x166e</load_address>
         <run_address>0x166e</run_address>
         <size>0x364</size>
         <input_file_ref idref="fl-2"/>
      </object_component>
      <object_component id="oc-12d">
         <name>.debug_str</name>
         <load_address>0x19d2</load_address>
         <run_address>0x19d2</run_address>
         <size>0x268</size>
         <input_file_ref idref="fl-2"/>
      </object_component>
      <object_component id="oc-dd">
         <name>.debug_str</name>
         <load_address>0x1c3a</load_address>
         <run_address>0x1c3a</run_address>
         <size>0x1f3</size>
         <input_file_ref idref="fl-4"/>
      </object_component>
      <object_component id="oc-c0">
         <name>.debug_str</name>
         <load_address>0x1e2d</load_address>
         <run_address>0x1e2d</run_address>
         <size>0xdb</size>
         <input_file_ref idref="fl-5"/>
      </object_component>
      <object_component id="oc-146">
         <name>.debug_str</name>
         <load_address>0x1f08</load_address>
         <run_address>0x1f08</run_address>
         <size>0x210</size>
         <input_file_ref idref="fl-5"/>
      </object_component>
      <object_component id="oc-176">
         <name>.debug_str</name>
         <load_address>0x2118</load_address>
         <run_address>0x2118</run_address>
         <size>0x310</size>
         <input_file_ref idref="fl-5"/>
      </object_component>
      <object_component id="oc-13c">
         <name>.debug_str</name>
         <load_address>0x2428</load_address>
         <run_address>0x2428</run_address>
         <size>0x4ce</size>
         <input_file_ref idref="fl-7"/>
      </object_component>
      <object_component id="oc-ca">
         <name>.debug_str</name>
         <load_address>0x28f6</load_address>
         <run_address>0x28f6</run_address>
         <size>0x789</size>
         <input_file_ref idref="fl-7"/>
      </object_component>
      <object_component id="oc-153">
         <name>.debug_str</name>
         <load_address>0x307f</load_address>
         <run_address>0x307f</run_address>
         <size>0x1b9</size>
         <input_file_ref idref="fl-8"/>
      </object_component>
      <object_component id="oc-14e">
         <name>.debug_str</name>
         <load_address>0x3238</load_address>
         <run_address>0x3238</run_address>
         <size>0x2f4</size>
         <input_file_ref idref="fl-e"/>
      </object_component>
      <object_component id="oc-132">
         <name>.debug_str</name>
         <load_address>0x352c</load_address>
         <run_address>0x352c</run_address>
         <size>0xbd</size>
         <input_file_ref idref="fl-13"/>
      </object_component>
      <object_component id="oc-4e">
         <name>.debug_str</name>
         <load_address>0x35e9</load_address>
         <run_address>0x35e9</run_address>
         <size>0xfa</size>
         <input_file_ref idref="fl-ce"/>
      </object_component>
      <object_component id="oc-15f">
         <name>.debug_str</name>
         <load_address>0x36e3</load_address>
         <run_address>0x36e3</run_address>
         <size>0xb2</size>
         <input_file_ref idref="fl-ce"/>
      </object_component>
      <object_component id="oc-196">
         <name>.debug_str</name>
         <load_address>0x3795</load_address>
         <run_address>0x3795</run_address>
         <size>0xda</size>
         <input_file_ref idref="fl-ce"/>
      </object_component>
      <object_component id="oc-164">
         <name>.debug_str</name>
         <load_address>0x386f</load_address>
         <run_address>0x386f</run_address>
         <size>0x126</size>
         <input_file_ref idref="fl-ce"/>
      </object_component>
      <object_component id="oc-49">
         <name>.debug_str</name>
         <load_address>0x3995</load_address>
         <run_address>0x3995</run_address>
         <size>0xdd</size>
         <input_file_ref idref="fl-cf"/>
      </object_component>
      <object_component id="oc-b1">
         <name>.debug_str</name>
         <load_address>0x3a72</load_address>
[...]
         <value>0x2898</value>
         <object_component_ref idref="oc-78"/>
      </symbol>
      <symbol id="sm-e0">
         <name>esmEnableInterrupt</name>
         <value>0x278c</value>
         <object_component_ref idref="oc-78"/>
      </symbol>
      <symbol id="sm-e1">
         <name>esmActivateNormalOperation</name>
         <value>0x277c</value>
         <object_component_ref idref="oc-78"/>
      </symbol>
      <symbol id="sm-e2">
         <name>esmEnableError</name>
         <value>0x26dc</value>
         <object_component_ref idref="oc-78"/>
      </symbol>
      <symbol id="sm-e3">
         <name>esmTriggerErrorPinReset</name>
         <value>0x276c</value>
         <object_component_ref idref="oc-78"/>
      </symbol>
      <symbol id="sm-e4">
         <name>esmDisableInterrupt</name>
         <value>0x27d4</value>
         <object_component_ref idref="oc-78"/>
      </symbol>
      <symbol id="sm-e5">
         <name>esmGetConfigValue</name>
         <value>0x2b48</value>
         <object_component_ref idref="oc-78"/>
      </symbol>
      <symbol id="sm-14b">
         <name>pwmStart</name>
         <value>0x1d34</value>
         <object_component_ref idref="oc-ee"/>
      </symbol>
      <symbol id="sm-14c">
         <name>hetResetTimestamp</name>
         <value>0x2358</value>
         <object_component_ref idref="oc-ee"/>
      </symbol>
      <symbol id="sm-14d">
         <name>hetGetTimestamp</name>
         <value>0x2374</value>
         <object_component_ref idref="oc-ee"/>
      </symbol>
      <symbol id="sm-14e">
         <name>pwmGetSignal</name>
         <value>0x2054</value>
         <object_component_ref idref="oc-ee"/>
      </symbol>
      <symbol id="sm-14f">
         <name>pwmSetDuty</name>
         <value>0x1d9c</value>
         <object_component_ref idref="oc-ee"/>
      </symbol>
      <symbol id="sm-150">
         <name>pwmStop</name>
         <value>0x1d68</value>
         <object_component_ref idref="oc-ee"/>
      </symbol>
      <symbol id="sm-151">
         <name>pwmDisableNotification</name>
         <value>0x217c</value>
         <object_component_ref idref="oc-ee"/>
      </symbol>
      <symbol id="sm-152">
         <name>het1GetConfigValue</name>
         <value>0x238c</value>
         <object_component_ref idref="oc-ee"/>
      </symbol>
      <symbol id="sm-153">
         <name>pwmSetSignal</name>
         <value>0x1ed8</value>
         <object_component_ref idref="oc-ee"/>
      </symbol>
      <symbol id="sm-154">
         <name>edgeDisableNotification</name>
         <value>0x2240</value>
         <object_component_ref idref="oc-ee"/>
      </symbol>
      <symbol id="sm-155">
         <name>capGetSignal</name>
         <value>0x2280</value>
         <object_component_ref idref="oc-ee"/>
      </symbol>
      <symbol id="sm-156">
         <name>pwmEnableNotification</name>
         <value>0x2134</value>
         <object_component_ref idref="oc-ee"/>
      </symbol>
      <symbol id="sm-157">
         <name>edgeResetCounter</name>
         <value>0x21ac</value>
         <object_component_ref idref="oc-ee"/>
      </symbol>
      <symbol id="sm-158">
         <name>edgeGetCounter</name>
         <value>0x21d8</value>
         <object_component_ref idref="oc-ee"/>
      </symbol>
      <symbol id="sm-159">
         <name>edgeEnableNotification</name>
         <value>0x2204</value>
         <object_component_ref idref="oc-ee"/>
      </symbol>
      <symbol id="sm-15a">
         <name>hetInit</name>
         <value>0x1c74</value>
         <object_component_ref idref="oc-ee"/>
      </symbol>
      <symbol id="sm-17b">
         <name>epcFIFOFullNotification</name>
         <value>0x3c5c</value>
         <object_component_ref idref="oc-6c"/>
      </symbol>
      <symbol id="sm-17c">
         <name>epcCAMFullNotification</name>
         <value>0x3c58</value>
         <object_component_ref idref="oc-6c"/>
      </symbol>
      <symbol id="sm-17d">
         <name>esmGroup3Notification</name>
         <value>0x3bf4</value>
         <object_component_ref idref="oc-6c"/>
      </symbol>
      <symbol id="sm-17e">
         <name>hetNotification</name>
         <value>0x3c44</value>
         <object_component_ref idref="oc-6c"/>
      </symbol>
      <symbol id="sm-17f">
         <name>dmaGroupANotification</name>
         <value>0x3c04</value>
         <object_component_ref idref="oc-6c"/>
      </symbol>
      <symbol id="sm-1ed">
         <name>muxInit</name>
         <value>0x20</value>
         <object_component_ref idref="oc-cb"/>
      </symbol>
      <symbol id="sm-219">
         <name>_iCacheInvalidate_</name>
         <value>0x30b4</value>
         <object_component_ref idref="oc-67"/>
      </symbol>
      <symbol id="sm-21a">
         <name>_disable_IRQ_interrupt_</name>
         <value>0x2f44</value>
         <object_component_ref idref="oc-67"/>
      </symbol>
      <symbol id="sm-21b">
         <name>_coreGetInstructionFaultAddress_</name>
         <value>0x2f08</value>
         <object_component_ref idref="oc-67"/>
      </symbol>
      <symbol id="sm-21c">
         <name>_coreGetDataFault_</name>
         <value>0x2ecc</value>
         <object_component_ref idref="oc-67"/>
      </symbol>
      <symbol id="sm-21d">
         <name>_coreDisableEventBusExport_</name>
         <value>0x2eac</value>
         <object_component_ref idref="oc-67"/>
      </symbol>
      <symbol id="sm-21e">
         <name>_coreClearDataFaultAddress_</name>
         <value>0x2efc</value>
         <object_component_ref idref="oc-67"/>
      </symbol>
      <symbol id="sm-21f">
         <name>__TI_PINIT_Base</name>
         <value>0x30c8</value>
         <object_component_ref idref="oc-67"/>
      </symbol>
      <symbol id="sm-220">
         <name>_coreInitRegisters_</name>
         <value>0x2d0c</value>
         <object_component_ref idref="oc-67"/>
      </symbol>
      <symbol id="sm-221">
         <name>_coreClearInstructionFaultAddress_</name>
         <value>0x2f10</value>
         <object_component_ref idref="oc-67"/>
      </symbol>
      <symbol id="sm-222">
         <name>_coreClearDataFault_</name>
         <value>0x2ed4</value>
         <object_component_ref idref="oc-67"/>
      </symbol>
      <symbol id="sm-223">
         <name>_coreGetAuxiliaryDataFault_</name>
         <value>0x2f1c</value>
         <object_component_ref idref="oc-67"/>
      </symbol>
      <symbol id="sm-224">
         <name>_enable_interrupt_</name>
         <value>0x2f54</value>
         <object_component_ref idref="oc-67"/>
      </symbol>
      <symbol id="sm-225">
         <name>_coreClearAuxiliaryInstructionFault_</name>
         <value>0x2f38</value>
         <object_component_ref idref="oc-67"/>
      </symbol>
      <symbol id="sm-226">
         <name>_memInit_</name>
         <value>0x2fe4</value>
         <object_component_ref idref="oc-67"/>
      </symbol>
      <symbol id="sm-227">
         <name>_dCacheInvalidate_</name>
         <value>0x30a0</value>
         <object_component_ref idref="oc-67"/>
      </symbol>
      <symbol id="sm-228">
         <name>_coreGetDataFaultAddress_</name>
         <value>0x2ef4</value>
         <object_component_ref idref="oc-67"/>
      </symbol>
      <symbol id="sm-229">
         <name>_coreClearInstructionFault_</name>
         <value>0x2ee8</value>
         <object_component_ref idref="oc-67"/>
      </symbol>
      <symbol id="sm-22a">
         <name>_getCPSRValue_</name>
         <value>0x2e64</value>
         <object_component_ref idref="oc-67"/>
      </symbol>
      <symbol id="sm-22b">
         <name>_cacheDisable_</name>
         <value>0x307c</value>
         <object_component_ref idref="oc-67"/>
      </symbol>
      <symbol id="sm-22c">
         <name>_enable_IRQ_interrupt_</name>
         <value>0x2f4c</value>
         <object_component_ref idref="oc-67"/>
      </symbol>
      <symbol id="sm-22d">
         <name>__TI_PINIT_Limit</name>
         <value>0x30cc</value>
         <object_component_ref idref="oc-67"/>
      </symbol>
      <symbol id="sm-22e">
         <name>_coreGetAuxiliaryInstructionFault_</name>
         <value>0x2f30</value>
         <object_component_ref idref="oc-67"/>
      </symbol>
      <symbol id="sm-22f">
         <name>_coreInitStackPointer_</name>
         <value>0x2e18</value>
         <object_component_ref idref="oc-67"/>
      </symbol>
      <symbol id="sm-230">
         <name>_esmCcmErrorsClear_</name>
         <value>0x2f5c</value>
         <object_component_ref idref="oc-67"/>
      </symbol>
      <symbol id="sm-231">
         <name>_gotoCPUIdle_</name>
         <value>0x2e6c</value>
         <object_component_ref idref="oc-67"/>
      </symbol>
      <symbol id="sm-232">
         <name>_coreEnableIrqVicOffset_</name>
         <value>0x2ebc</value>
         <object_component_ref idref="oc-67"/>
      </symbol>
      <symbol id="sm-233">
         <name>_coreGetInstructionFault_</name>
         <value>0x2ee0</value>
         <object_component_ref idref="oc-67"/>
      </symbol>
      <symbol id="sm-234">
         <name>_cacheEnable_</name>
         <value>0x3038</value>
         <object_component_ref idref="oc-67"/>
      </symbol>
      <symbol id="sm-235">
         <name>_coreEnableVfp_</name>
         <value>0x2e84</value>
         <object_component_ref idref="oc-67"/>
      </symbol>
      <symbol id="sm-236">
         <name>_coreClearAuxiliaryDataFault_</name>
         <value>0x2f24</value>
         <object_component_ref idref="oc-67"/>
      </symbol>
      <symbol id="sm-237">
         <name>_coreEnableEventBusExport_</name>
         <value>0x2e9c</value>
         <object_component_ref idref="oc-67"/>
      </symbol>
      <symbol id="sm-238">
         <name>_checkMemInitOn_</name>
         <value>0x3018</value>
         <object_component_ref idref="oc-67"/>
      </symbol>
      <symbol id="sm-246">
         <name>resetEntry</name>
         <value>0x0</value>
         <object_component_ref idref="oc-2d"/>
      </symbol>
      <symbol id="sm-258">
         <name>pwmNotification</name>
         <value>0x3e3c</value>
         <object_component_ref idref="oc-89"/>
      </symbol>
      <symbol id="sm-259">
         <name>esmGroup2Notification</name>
         <value>0x3e2c</value>
         <object_component_ref idref="oc-89"/>
      </symbol>
      <symbol id="sm-25a">
         <name>main</name>
         <value>0x3e10</value>
         <object_component_ref idref="oc-89"/>
      </symbol>
      <symbol id="sm-25b">
         <name>edgeNotification</name>
         <value>0x3e54</value>
         <object_component_ref idref="oc-89"/>
      </symbol>
      <symbol id="sm-25c">
         <name>esmGroup1Notification</name>
         <value>0x3e1c</value>
         <object_component_ref idref="oc-89"/>
      </symbol>
      <symbol id="sm-277">
         <name>_mpuSetRegionBaseAddress_</name>
         <value>0x3400</value>
         <object_component_ref idref="oc-7e"/>
      </symbol>
      <symbol id="sm-278">
         <name>_mpuInit_</name>
         <value>0x30d0</value>
         <object_component_ref idref="oc-7e"/>
      </symbol>
      <symbol id="sm-279">
         <name>_mpuSetRegionSizeRegister_</name>
         <value>0x3434</value>
         <object_component_ref idref="oc-7e"/>
      </symbol>
      <symbol id="sm-27a">
         <name>_mpuDisableBackgroundRegion_</name>
         <value>0x33c8</value>
         <object_component_ref idref="oc-7e"/>
      </symbol>
      <symbol id="sm-27b">
         <name>_mpuSetRegionTypeAndPermission_</name>
         <value>0x3410</value>
         <object_component_ref idref="oc-7e"/>
      </symbol>
      <symbol id="sm-27c">
         <name>_mpuGetRegionPermission_</name>
         <value>0x3428</value>
         <object_component_ref idref="oc-7e"/>
      </symbol>
      <symbol id="sm-27d">
         <name>_mpuEnable_</name>
         <value>0x3388</value>
         <object_component_ref idref="oc-7e"/>
      </symbol>
      <symbol id="sm-27e">
         <name>_mpuGetNumberOfRegions_</name>
         <value>0x33d8</value>
         <object_component_ref idref="oc-7e"/>
      </symbol>
      <symbol id="sm-27f">
         <name>_mpuAreRegionsSeparate_</name>
         <value>0x33e4</value>
         <object_component_ref idref="oc-7e"/>
      </symbol>
      <symbol id="sm-280">
         <name>_mpuEnableBackgroundRegion_</name>
         <value>0x33b8</value>
         <object_component_ref idref="oc-7e"/>
      </symbol>
      <symbol id="sm-281">
         <name>_mpuGetRegionType_</name>
         <value>0x341c</value>
         <object_component_ref idref="oc-7e"/>
      </symbol>
      <symbol id="sm-282">
         <name>_mpuDisable_</name>
         <value>0x33a0</value>
         <object_component_ref idref="oc-7e"/>
      </symbol>
      <symbol id="sm-283">
         <name>_mpuGetRegionBaseAddress_</name>
         <value>0x3408</value>
         <object_component_ref idref="oc-7e"/>
      </symbol>
      <symbol id="sm-284">
         <name>_mpuSetRegion_</name>
         <value>0x33f0</value>
         <object_component_ref idref="oc-7e"/>
      </symbol>
      <symbol id="sm-285">
         <name>_mpuGetRegion_</name>
         <value>0x33f8</value>
         <object_component_ref idref="oc-7e"/>
      </symbol>
      <symbol id="sm-298">
         <name>phantomInterrupt</name>
         <value>0x3ef0</value>
         <object_component_ref idref="oc-32"/>
      </symbol>
      <symbol id="sm-2ac">
         <name>_c_int00</name>
         <value>0x3a70</value>
         <object_component_ref idref="oc-1e"/>
      </symbol>
      <symbol id="sm-34f">
         <name>vimChannelMap</name>
         <value>0x1410</value>
         <object_component_ref idref="oc-39"/>
      </symbol>
      <symbol id="sm-350">
         <name>vimInit</name>
         <value>0x133c</value>
         <object_component_ref idref="oc-39"/>
      </symbol>
      <symbol id="sm-351">
         <name>vimEnableInterrupt</name>
         <value>0x14b4</value>
         <object_component_ref idref="oc-39"/>
      </symbol>
      <symbol id="sm-352">
         <name>vimDisableInterrupt</name>
         <value>0x167c</value>
         <object_component_ref idref="oc-39"/>
      </symbol>
      <symbol id="sm-353">
         <name>vimGetConfigValue</name>
         <value>0x1728</value>
         <object_component_ref idref="oc-39"/>
      </symbol>
      <symbol id="sm-354">
         <name>vimECCErrorHandler</name>
         <value>0x343c</value>
         <object_component_ref idref="oc-38"/>
      </symbol>
      <symbol id="sm-3a2">
         <name>systemGetConfigValue</name>
         <value>0xe74</value>
         <object_component_ref idref="oc-72"/>
      </symbol>
      <symbol id="sm-3a3">
         <name>trimLPO</name>
         <value>0xa40</value>
         <object_component_ref idref="oc-72"/>
      </symbol>
      <symbol id="sm-3a4">
         <name>systemInit</name>
         <value>0xca8</value>
         <object_component_ref idref="oc-72"/>
      </symbol>
      <symbol id="sm-3a5">
         <name>periphInit</name>
         <value>0xac8</value>
         <object_component_ref idref="oc-72"/>
      </symbol>
      <symbol id="sm-3a6">
         <name>setupFlash</name>
         <value>0xa88</value>
         <object_component_ref idref="oc-72"/>
      </symbol>
      <symbol id="sm-3a7">
         <name>setupPLL</name>
         <value>0x9e0</value>
         <object_component_ref idref="oc-72"/>
      </symbol>
      <symbol id="sm-3a8">
         <name>getResetSource</name>
         <value>0xd4c</value>
         <object_component_ref idref="oc-72"/>
      </symbol>
      <symbol id="sm-3a9">
         <name>mapClocks</name>
         <value>0xb7c</value>
         <object_component_ref idref="oc-72"/>
      </symbol>
      <symbol id="sm-3aa">
         <name>systemPowerDown</name>
         <value>0xd1c</value>
         <object_component_ref idref="oc-72"/>
      </symbol>
      <symbol id="sm-3d8">
         <name>__TI_auto_init</name>
         <value>0x3b24</value>
         <object_component_ref idref="oc-83"/>
      </symbol>
      <symbol id="sm-3f6">
         <name>__TI_decompress_lzss</name>
         <value>0x3c6c</value>
         <object_component_ref idref="oc-c"/>
      </symbol>
      <symbol id="sm-40d">
         <name>__TI_decompress_none</name>
         <value>0x3edc</value>
         <object_component_ref idref="oc-12"/>
      </symbol>
      <symbol id="sm-428">
         <name>copy_in</name>
         <value>0x3d8c</value>
         <object_component_ref idref="oc-e0"/>
      </symbol>
      <symbol id="sm-449">
         <name>C$$EXIT</name>
         <value>0x3cfc</value>
         <object_component_ref idref="oc-8f"/>
      </symbol>
      <symbol id="sm-44a">
         <name>abort</name>
         <value>0x3d04</value>
         <object_component_ref idref="oc-8f"/>
      </symbol>
      <symbol id="sm-44b">
         <name>exit</name>
         <value>0x3d10</value>
         <object_component_ref idref="oc-8f"/>
      </symbol>
      <symbol id="sm-44c">
         <name>__TI_dtors_ptr</name>
         <value>0x8001504</value>
         <object_component_ref idref="oc-fb"/>
      </symbol>
      <symbol id="sm-44d">
         <name>__TI_cleanup_ptr</name>
         <value>0x8001500</value>
         <object_component_ref idref="oc-fb"/>
      </symbol>
      <symbol id="sm-44e">
         <name>__TI_enable_exit_profile_output</name>
         <value>0x8001508</value>
         <object_component_ref idref="oc-fb"/>
      </symbol>
      <symbol id="sm-467">
         <name>memcpy</name>
         <value>0x3778</value>
         <object_component_ref idref="oc-4f"/>
      </symbol>
      <symbol id="sm-468">
         <name>__aeabi_memcpy</name>
         <value>0x3778</value>
         <object_component_ref idref="oc-4f"/>
      </symbol>
      <symbol id="sm-469">
         <name>__aeabi_memcpy8</name>
         <value>0x3778</value>
         <object_component_ref idref="oc-4f"/>
      </symbol>
      <symbol id="sm-46a">
         <name>__aeabi_memcpy4</name>
         <value>0x3778</value>
         <object_component_ref idref="oc-4f"/>
      </symbol>
      <symbol id="sm-475">
         <name>_system_post_cinit</name>
         <value>0x3ef8</value>
         <object_component_ref idref="oc-e6"/>
      </symbol>
      <symbol id="sm-481">
         <name>__aeabi_uidivmod</name>
         <value>0x3e68</value>
         <object_component_ref idref="oc-165"/>
      </symbol>
      <symbol id="sm-482">
         <name>__aeabi_uidiv</name>
         <value>0x3e68</value>
         <object_component_ref idref="oc-165"/>
      </symbol>
      <symbol id="sm-49c">
         <name>_nop</name>
         <value>0x3ed0</value>
         <object_component_ref idref="oc-17b"/>
      </symbol>
      <symbol id="sm-49d">
         <name>_lock</name>
         <value>0x800150c</value>
         <object_component_ref idref="oc-fe"/>
      </symbol>
      <symbol id="sm-49e">
         <name>_unlock</name>
         <value>0x8001510</value>
         <object_component_ref idref="oc-fe"/>
      </symbol>
      <symbol id="sm-49f">
         <name>_register_lock</name>
         <value>0x3ec4</value>
         <object_component_ref idref="oc-17b"/>
      </symbol>
      <symbol id="sm-4a0">
         <name>_register_unlock</name>
         <value>0x3eb8</value>
         <object_component_ref idref="oc-17b"/>
      </symbol>
      <symbol id="sm-4aa">
         <name>__aeabi_idiv0</name>
         <value>0x3ef4</value>
         <object_component_ref idref="oc-197"/>
      </symbol>
      <symbol id="sm-4ab">
         <name>__TI_static_base__</name>
         <value>0x0</value>
      </symbol>
      <symbol id="sm-4ae">
         <name>SHT$$INIT_ARRAY$$Base</name>
         <value>0x0</value>
      </symbol>
      <symbol id="sm-4af">
         <name>SHT$$INIT_ARRAY$$Limit</name>
         <value>0x0</value>
      </symbol>
   </symbol_table>
   <title>Link successful</title>
</link_info>
