******************************************************************************
                  TI ARM Linker PC v16.9.7                     
******************************************************************************
>> Linked Thu Mar 22 00:43:00 2018

OUTPUT FILE NAME:   <PWM_Basic.out>
ENTRY POINT SYMBOL: "_c_int00"  address: 00003a70


MEMORY CONFIGURATION

         name            origin    length      used     unused   attr    fill
----------------------  --------  ---------  --------  --------  ----  --------
  VECTORS               00000000   00000020  00000020  00000000     X
  FLASH0                00000020   001fffe0  000044bc  001fbb24  R  X
  FLASH1                00200000   00200000  00000000  00200000  R  X
  STACKS                08000000   00001500  00000000  00001500  RW  
  RAM                   08001500   0007eb00  00000014  0007eaec  RW  


SEGMENT ALLOCATION MAP

run origin  load origin   length   init length attrs members
----------  ----------- ---------- ----------- ----- -------
00000000    00000000    000044e0   000044e0    r-x
  00000000    00000000    00000020   00000020    r-x .intvecs
  00000020    00000020    00003edc   00003edc    r-x .text
  00003f00    00003f00    000005c0   000005c0    r-- .const
  000044c0    000044c0    00000020   00000020    r-- .cinit
08001500    08001500    00000014   00000000    rw-
  08001500    08001500    00000014   00000000    rw- .data


SECTION ALLOCATION MAP

 output                                  attributes/
section   page    origin      length       input sections
--------  ----  ----------  ----------   ----------------
.intvecs   0    00000000    00000020     
                  00000000    00000020     HL_sys_intvecs.obj (.intvecs)

.text      0    00000020    00003edc     
                  00000020    000009c0     HL_pinmux.obj (.text)
                  000009e0    0000095c     HL_system.obj (.text)
                  0000133c    00000938     HL_sys_vim.obj (.text)
                  00001c74    000008f0     HL_het.obj (.text)
                  00002564    000007a8     HL_esm.obj (.text)
                  00002d0c    000003c4     HL_sys_core.obj (.text)
                  000030d0    0000036c     HL_sys_mpu.obj (.text)
                  0000343c    0000033c     HL_sys_vim.obj (.text:retain)
                  00003778    00000180     rtsv7R4_A_le_v3D16_eabi.lib : memcpy32.obj (.text)
                  000038f8    00000178     HL_esm.obj (.text:retain)
                  00003a70    000000b4     HL_sys_startup.obj (.text:retain)
                  00003b24    000000a8     rtsv7R4_A_le_v3D16_eabi.lib : autoinit.obj (.text)
                  00003bcc    000000a0     HL_notification.obj (.text)
                  00003c6c    00000090     rtsv7R4_A_le_v3D16_eabi.lib : copy_decompress_lzss.obj (.text:decompress:lzss)
                  00003cfc    00000090                                 : exit.obj (.text)
                  00003d8c    00000084                                 : cpy_tbl.obj (.text)
                  00003e10    00000058     HL_sys_main.obj (.text)
                  00003e68    00000050     rtsv7R4_A_le_v3D16_eabi.lib : u_div32.obj (.text)
                  00003eb8    00000024                                 : _lock.obj (.text)
                  00003edc    00000014                                 : copy_decompress_none.obj (.text:decompress:none)
                  00003ef0    00000004     HL_sys_phantom.obj (.text:retain)
                  00003ef4    00000004     rtsv7R4_A_le_v3D16_eabi.lib : i_div0.obj (.text)
                  00003ef8    00000004                                 : startup.obj (.text)

.const     0    00003f00    000005c0     
                  00003f00    000003a0     HL_het.obj (.const:het1PROGRAM)
                  000042a0    00000200     HL_sys_vim.obj (.const:s_vim_init)
                  000044a0    00000020     HL_het.obj (.const:s_het1pwmPolarity)

.cinit     0    000044c0    00000020     
                  000044c0    0000000e     (.cinit..data.load) [load image, compression = lzss]
                  000044ce    00000002     --HOLE-- [fill = 0]
                  000044d0    00000008     (__TI_handler_table)
                  000044d8    00000008     (__TI_cinit_table)

.data      0    08001500    00000014     UNINITIALIZED
                  08001500    0000000c     rtsv7R4_A_le_v3D16_eabi.lib : exit.obj (.data:$O1$$)
                  0800150c    00000008                                 : _lock.obj (.data:$O1$$)

MODULE SUMMARY

       Module                     code    ro data   rw data
       ------                     ----    -------   -------
    .\source\
       HL_sys_vim.obj             3188    512       0      
       HL_het.obj                 2288    960       0      
       HL_pinmux.obj              2496    0         0      
       HL_system.obj              2396    0         0      
       HL_esm.obj                 2336    0         0      
       HL_sys_core.obj            964     0         0      
       HL_sys_mpu.obj             876     0         0      
       HL_sys_startup.obj         180     0         0      
       HL_notification.obj        160     0         0      
       HL_sys_main.obj            88      0         0      
       HL_sys_intvecs.obj         32      0         0      
       HL_sys_phantom.obj         4       0         0      
    +--+--------------------------+-------+---------+---------+
       Total:                     15008   1472      0      
                                                           
    C:\ti\ccsv7\tools\compiler\ti-cgt-arm_16.9.7.LTS\lib\rtsv7R4_A_le_v3D16_eabi.lib
       memcpy32.obj               384     0         0      
       autoinit.obj               168     0         0      
       exit.obj                   144     0         12     
       copy_decompress_lzss.obj   144     0         0      
       cpy_tbl.obj                132     0         0      
       u_div32.obj                80      0         0      
       _lock.obj                  36      0         8      
       copy_decompress_none.obj   20      0         0      
       i_div0.obj                 4       0         0      
       startup.obj                4       0         0      
    +--+--------------------------+-------+---------+---------+
       Total:                     1116    0         20     
                                                           
       Linker Generated:          0       30        0      
    +--+--------------------------+-------+---------+---------+
       Grand Total:               16124   1502      20     


LINKER GENERATED COPY TABLES

__TI_cinit_table @ 000044d8 records: 1, size/record: 8, table size: 8
	.data: load addr=000044c0, load size=0000000e bytes, run addr=08001500, run size=00000014 bytes, compression=lzss


LINKER GENERATED HANDLER TABLE

__TI_handler_table @ 000044d0 records: 2, size/record: 4, table size: 8
	index: 0, handler: __TI_decompress_lzss
	index: 1, handler: __TI_decompress_none


GLOBAL SYMBOLS: SORTED ALPHABETICALLY BY Name 

address   name                                
-------   ----                                
00003cfc  C$$EXIT                             
UNDEFED   SHT$$INIT_ARRAY$$Base               
UNDEFED   SHT$$INIT_ARRAY$$Limit              
000044d8  __TI_CINIT_Base                     
000044e0  __TI_CINIT_Limit                    
000044d0  __TI_Handler_Table_Base             
000044d8  __TI_Handler_Table_Limit            
000030c8  __TI_PINIT_Base                     
000030cc  __TI_PINIT_Limit                    
00003b24  __TI_auto_init                      
08001500  __TI_cleanup_ptr                    
00003c6c  __TI_decompress_lzss                
00003edc  __TI_decompress_none                
08001504  __TI_dtors_ptr                      
08001508  __TI_enable_exit_profile_output     
ffffffff  __TI_pprof_out_hndl                 
ffffffff  __TI_prof_data_size                 
ffffffff  __TI_prof_data_start                
00000000  __TI_static_base__                  
00003ef4  __aeabi_idiv0                       
00003778  __aeabi_memcpy                      
00003778  __aeabi_memcpy4                     
00003778  __aeabi_memcpy8                     
00003e68  __aeabi_uidiv                       
00003e68  __aeabi_uidivmod                    
ffffffff  __binit__                           
ffffffff  __c_args__                          
00003a70  _c_int00                            
0000307c  _cacheDisable_                      
00003038  _cacheEnable_                       
00003018  _checkMemInitOn_                    
00002f24  _coreClearAuxiliaryDataFault_       
00002f38  _coreClearAuxiliaryInstructionFault_
00002efc  _coreClearDataFaultAddress_         
00002ed4  _coreClearDataFault_                
00002f10  _coreClearInstructionFaultAddress_  
00002ee8  _coreClearInstructionFault_         
00002eac  _coreDisableEventBusExport_         
00002e9c  _coreEnableEventBusExport_          
00002ebc  _coreEnableIrqVicOffset_            
00002e84  _coreEnableVfp_                     
00002f1c  _coreGetAuxiliaryDataFault_         
00002f30  _coreGetAuxiliaryInstructionFault_  
00002ef4  _coreGetDataFaultAddress_           
00002ecc  _coreGetDataFault_                  
00002f08  _coreGetInstructionFaultAddress_    
00002ee0  _coreGetInstructionFault_           
00002d0c  _coreInitRegisters_                 
00002e18  _coreInitStackPointer_              
000030a0  _dCacheInvalidate_                  
00002f44  _disable_IRQ_interrupt_             
00002f4c  _enable_IRQ_interrupt_              
00002f54  _enable_interrupt_                  
00002f5c  _esmCcmErrorsClear_                 
00002e64  _getCPSRValue_                      
00002e6c  _gotoCPUIdle_                       
000030b4  _iCacheInvalidate_                  
0800150c  _lock                               
00002fe4  _memInit_                           
000033e4  _mpuAreRegionsSeparate_             
000033c8  _mpuDisableBackgroundRegion_        
000033a0  _mpuDisable_                        
000033b8  _mpuEnableBackgroundRegion_         
00003388  _mpuEnable_                         
000033d8  _mpuGetNumberOfRegions_             
00003408  _mpuGetRegionBaseAddress_           
00003428  _mpuGetRegionPermission_            
0000341c  _mpuGetRegionType_                  
000033f8  _mpuGetRegion_                      
000030d0  _mpuInit_                           
00003400  _mpuSetRegionBaseAddress_           
00003434  _mpuSetRegionSizeRegister_          
00003410  _mpuSetRegionTypeAndPermission_     
000033f0  _mpuSetRegion_                      
00003ed0  _nop                                
00003ec4  _register_lock                      
00003eb8  _register_unlock                    
00003ef8  _system_post_cinit                  
08001510  _unlock                             
00003d04  abort                               
ffffffff  binit                               
00002280  capGetSignal                        
00003d8c  copy_in                             
00003c04  dmaGroupANotification               
00002240  edgeDisableNotification             
00002204  edgeEnableNotification              
000021d8  edgeGetCounter                      
00003e54  edgeNotification                    
000021ac  edgeResetCounter                    
00003c58  epcCAMFullNotification              
00003c5c  epcFIFOFullNotification             
0000277c  esmActivateNormalOperation          
000028d8  esmClearStatus                      
00002940  esmClearStatusBuffer                
0000291c  esmClearStatusUpper                 
00002724  esmDisableError                     
00002750  esmDisableErrorUpper                
000027d4  esmDisableInterrupt                 
00002800  esmDisableInterruptUpper            
000026dc  esmEnableError                      
00002708  esmEnableErrorUpper                 
0000278c  esmEnableInterrupt                  
000027b8  esmEnableInterruptUpper             
00002a70  esmEnterSelfTest                    
000026c0  esmError                            
00002b48  esmGetConfigValue                   
0000297c  esmGetStatus                        
00002a48  esmGetStatusBuffer                  
00002a00  esmGetStatusUpper                   
00003e1c  esmGroup1Notification               
00003e2c  esmGroup2Notification               
00003bf4  esmGroup3Notification               
000038f8  esmHighInterrupt                    
00002564  esmInit                             
00002af8  esmSelfTestStatus                   
0000295c  esmSetCounterPreloadValue           
0000281c  esmSetInterruptLevel                
00002898  esmSetInterruptLevelUpper           
0000276c  esmTriggerErrorPinReset             
00003d10  exit                                
00000d4c  getResetSource                      
0000238c  het1GetConfigValue                  
00002374  hetGetTimestamp                     
00001c74  hetInit                             
00003c44  hetNotification                     
00002358  hetResetTimestamp                   
00003e10  main                                
00000b7c  mapClocks                           
00003778  memcpy                              
00000020  muxInit                             
00000ac8  periphInit                          
00003ef0  phantomInterrupt                    
0000217c  pwmDisableNotification              
00002134  pwmEnableNotification               
00002054  pwmGetSignal                        
00003e3c  pwmNotification                     
00001d9c  pwmSetDuty                          
00001ed8  pwmSetSignal                        
00001d34  pwmStart                            
00001d68  pwmStop                             
00000000  resetEntry                          
00000a88  setupFlash                          
000009e0  setupPLL                            
00000e74  systemGetConfigValue                
00000ca8  systemInit                          
00000d1c  systemPowerDown                     
00000a40  trimLPO                             
00001410  vimChannelMap                       
0000167c  vimDisableInterrupt                 
0000343c  vimECCErrorHandler                  
000014b4  vimEnableInterrupt                  
00001728  vimGetConfigValue                   
0000133c  vimInit                             


GLOBAL SYMBOLS: SORTED BY Symbol Address 

address   name                                
-------   ----                                
00000000  __TI_static_base__                  
00000000  resetEntry                          
00000020  muxInit                             
000009e0  setupPLL                            
00000a40  trimLPO                             
00000a88  setupFlash                          
00000ac8  periphInit                          
00000b7c  mapClocks                           
00000ca8  systemInit                          
00000d1c  systemPowerDown                     
00000d4c  getResetSource                      
00000e74  systemGetConfigValue                
0000133c  vimInit                             
00001410  vimChannelMap                       
000014b4  vimEnableInterrupt                  
0000167c  vimDisableInterrupt                 
00001728  vimGetConfigValue                   
00001c74  hetInit                             
00001d34  pwmStart                            
00001d68  pwmStop                             
00001d9c  pwmSetDuty                          
00001ed8  pwmSetSignal                        
00002054  pwmGetSignal                        
00002134  pwmEnableNotification               
0000217c  pwmDisableNotification              
000021ac  edgeResetCounter                    
000021d8  edgeGetCounter                      
00002204  edgeEnableNotification              
00002240  edgeDisableNotification             
00002280  capGetSignal                        
00002358  hetResetTimestamp                   
00002374  hetGetTimestamp                     
0000238c  het1GetConfigValue                  
00002564  esmInit                             
000026c0  esmError                            
000026dc  esmEnableError                      
00002708  esmEnableErrorUpper                 
00002724  esmDisableError                     
00002750  esmDisableErrorUpper                
0000276c  esmTriggerErrorPinReset             
0000277c  esmActivateNormalOperation          
0000278c  esmEnableInterrupt                  
000027b8  esmEnableInterruptUpper             
000027d4  esmDisableInterrupt                 
00002800  esmDisableInterruptUpper            
0000281c  esmSetInterruptLevel                
00002898  esmSetInterruptLevelUpper           
000028d8  esmClearStatus                      
0000291c  esmClearStatusUpper                 
00002940  esmClearStatusBuffer                
0000295c  esmSetCounterPreloadValue           
0000297c  esmGetStatus                        
00002a00  esmGetStatusUpper                   
00002a48  esmGetStatusBuffer                  
00002a70  esmEnterSelfTest                    
00002af8  esmSelfTestStatus                   
00002b48  esmGetConfigValue                   
00002d0c  _coreInitRegisters_                 
00002e18  _coreInitStackPointer_              
00002e64  _getCPSRValue_                      
00002e6c  _gotoCPUIdle_                       
00002e84  _coreEnableVfp_                     
00002e9c  _coreEnableEventBusExport_          
00002eac  _coreDisableEventBusExport_         
00002ebc  _coreEnableIrqVicOffset_            
00002ecc  _coreGetDataFault_                  
00002ed4  _coreClearDataFault_                
00002ee0  _coreGetInstructionFault_           
00002ee8  _coreClearInstructionFault_         
00002ef4  _coreGetDataFaultAddress_           
00002efc  _coreClearDataFaultAddress_         
00002f08  _coreGetInstructionFaultAddress_    
00002f10  _coreClearInstructionFaultAddress_  
00002f1c  _coreGetAuxiliaryDataFault_         
00002f24  _coreClearAuxiliaryDataFault_       
00002f30  _coreGetAuxiliaryInstructionFault_  
00002f38  _coreClearAuxiliaryInstructionFault_
00002f44  _disable_IRQ_interrupt_             
00002f4c  _enable_IRQ_interrupt_              
00002f54  _enable_interrupt_                  
00002f5c  _esmCcmErrorsClear_                 
00002fe4  _memInit_                           
00003018  _checkMemInitOn_                    
00003038  _cacheEnable_                       
0000307c  _cacheDisable_                      
000030a0  _dCacheInvalidate_                  
000030b4  _iCacheInvalidate_                  
000030c8  __TI_PINIT_Base                     
000030cc  __TI_PINIT_Limit                    
000030d0  _mpuInit_                           
00003388  _mpuEnable_                         
000033a0  _mpuDisable_                        
000033b8  _mpuEnableBackgroundRegion_         
000033c8  _mpuDisableBackgroundRegion_        
000033d8  _mpuGetNumberOfRegions_             
000033e4  _mpuAreRegionsSeparate_             
000033f0  _mpuSetRegion_                      
000033f8  _mpuGetRegion_                      
00003400  _mpuSetRegionBaseAddress_           
00003408  _mpuGetRegionBaseAddress_           
00003410  _mpuSetRegionTypeAndPermission_     
0000341c  _mpuGetRegionType_                  
00003428  _mpuGetRegionPermission_            
00003434  _mpuSetRegionSizeRegister_          
0000343c  vimECCErrorHandler                  
00003778  __aeabi_memcpy                      
00003778  __aeabi_memcpy4                     
00003778  __aeabi_memcpy8                     
00003778  memcpy                              
000038f8  esmHighInterrupt                    
00003a70  _c_int00                            
00003b24  __TI_auto_init                      
00003bf4  esmGroup3Notification               
00003c04  dmaGroupANotification               
00003c44  hetNotification                     
00003c58  epcCAMFullNotification              
00003c5c  epcFIFOFullNotification             
00003c6c  __TI_decompress_lzss                
00003cfc  C$$EXIT                             
00003d04  abort                               
00003d10  exit                                
00003d8c  copy_in                             
00003e10  main                                
00003e1c  esmGroup1Notification               
00003e2c  esmGroup2Notification               
00003e3c  pwmNotification                     
00003e54  edgeNotification                    
00003e68  __aeabi_uidiv                       
00003e68  __aeabi_uidivmod                    
00003eb8  _register_unlock                    
00003ec4  _register_lock                      
00003ed0  _nop                                
00003edc  __TI_decompress_none                
00003ef0  phantomInterrupt                    
00003ef4  __aeabi_idiv0                       
00003ef8  _system_post_cinit                  
000044d0  __TI_Handler_Table_Base             
000044d8  __TI_CINIT_Base                     
000044d8  __TI_Handler_Table_Limit            
000044e0  __TI_CINIT_Limit                    
08001500  __TI_cleanup_ptr                    
08001504  __TI_dtors_ptr                      
08001508  __TI_enable_exit_profile_output     
0800150c  _lock                               
08001510  _unlock                             
ffffffff  __TI_pprof_out_hndl                 
ffffffff  __TI_prof_data_size                 
ffffffff  __TI_prof_data_start                
ffffffff  __binit__                           
ffffffff  __c_args__                          
ffffffff  binit                               
UNDEFED   SHT$$INIT_ARRAY$$Base               
UNDEFED   SHT$$INIT_ARRAY$$Limit              

[153 symbols]
